<area shape="rect" href="$_compat_8h.html" title="Common/Compat.h" alt="" coords="423,80,561,107">
<area shape="rect" href="$_error_8h.html" title="Common/Error.h" alt="" coords="657,80,780,107">
<area shape="rect" href="$_string_ext_8h.html" title="Common/StringExt.h" alt="" coords="855,80,1001,107">
<area shape="rect" href="$_async_comm_2_event_8h.html" title="Event.h" alt="" coords="1563,80,1629,107">
<area shape="rect" href="$compat&#45;c_8h.html" title="compat&#45;c.h" alt="" coords="196,155,284,182">
<area shape="rect" href="$_sweetener_8h.html" title="Sweetener.h" alt="" coords="443,155,541,182">
<area shape="rect" href="$_string_8h.html" title="string.h" alt="" coords="707,304,773,331">
<area shape="rect" href="$_hash_map_8h.html" title="HashMap.h" alt="" coords="883,155,973,182">
<area shape="rect" href="$_murmur_hash_8h.html" title="MurmurHash.h" alt="" coords="731,230,843,256">
<area shape="rect" href="$_time_8h.html" title="time.h" alt="" coords="1533,155,1592,182">
<area shape="rect" href="$_inet_addr_8h.html" title="Common/InetAddr.h" alt="" coords="1667,155,1811,182">
<area shape="rect" href="$_reference_count_8h.html" title="Common/ReferenceCount.h" alt="" coords="1303,155,1492,182">
<area shape="rect" href="$_comm_header_8h.html" title="CommHeader.h" alt="" coords="1835,155,1952,182">
<area shape="rect" href="$atomic_8h.html" title="atomic.h" alt="" coords="1200,230,1275,256">
