<area shape="rect" href="$_reference_count_8h.html" title="Common/ReferenceCount.h" alt="" coords="403,528,592,555">
<area shape="rect" href="$_open_file_map_8h.html" title="DfsBroker/Lib/OpenFileMap.h" alt="" coords="107,304,307,331">
<area shape="rect" href="$_dfs_broker_2_lib_2_response_callback_open_8h.html" title="ResponseCallbackOpen.h" alt="" coords="1372,80,1551,107">
<area shape="rect" href="$_response_callback_read_8h.html" title="ResponseCallbackRead.h" alt="" coords="2009,80,2188,107">
<area shape="rect" href="$_response_callback_append_8h.html" title="ResponseCallbackAppend.h" alt="" coords="1575,80,1767,107">
<area shape="rect" href="$_response_callback_length_8h.html" title="ResponseCallbackLength.h" alt="" coords="1161,80,1348,107">
<area shape="rect" href="$_dfs_broker_2_lib_2_response_callback_readdir_8h.html" title="ResponseCallbackReaddir.h" alt="" coords="1791,80,1985,107">
<area shape="rect" href="$_dfs_broker_2_lib_2_response_callback_exists_8h.html" title="ResponseCallbackExists.h" alt="" coords="956,80,1137,107">
<area shape="rect" href="$atomic_8h.html" title="atomic.h" alt="" coords="731,603,805,630">
<area shape="rect" href="$_hash_map_8h.html" title="Common/HashMap.h" alt="" coords="107,379,256,406">
<area shape="rect" href="$_logger_8h.html" title="Common/Logger.h" alt="" coords="843,379,976,406">
<area shape="rect" href="$_error_8h.html" title="Error.h" alt="" coords="1417,454,1481,480">
<area shape="rect" href="$_string_8h.html" title="Common/String.h" alt="" coords="1381,528,1509,555">
<area shape="rect" href="$_fixed_stream_8h.html" title="FixedStream.h" alt="" coords="1173,454,1283,480">
<area shape="rect" href="$_comm_buf_8h.html" title="AsyncComm/CommBuf.h" alt="" coords="1597,304,1773,331">
<area shape="rect" href="$_response_callback_8h.html" title="AsyncComm/ResponseCallback.h" alt="" coords="1344,155,1571,182">
<area shape="rect" href="$_byte_string_8h.html" title="Common/ByteString.h" alt="" coords="1797,379,1952,406">
<area shape="rect" href="$_serialization_8h.html" title="Serialization.h" alt="" coords="1969,454,2079,480">
<area shape="rect" href="$_static_buffer_8h.html" title="Common/StaticBuffer.h" alt="" coords="2128,379,2291,406">
<area shape="rect" href="$_header_builder_8h.html" title="HeaderBuilder.h" alt="" coords="963,454,1083,480">
<area shape="rect" href="$_dynamic_buffer_8h.html" title="DynamicBuffer.h" alt="" coords="2153,454,2276,480">
<area shape="rect" href="$serialization&#45;c_8h.html" title="serialization&#45;c.h" alt="" coords="1969,528,2087,555">
<area shape="rect" href="$endian&#45;c_8h.html" title="endian&#45;c.h" alt="" coords="2033,603,2119,630">
<area shape="rect" href="$_header_8h.html" title="Header.h" alt="" coords="672,528,749,555">
<area shape="rect" href="$_comm_8h.html" title="Comm.h" alt="" coords="1061,230,1133,256">
<area shape="rect" href="$_async_comm_2_event_8h.html" title="Event.h" alt="" coords="600,454,667,480">
<area shape="rect" href="$_mutex_8h.html" title="Common/Mutex.h" alt="" coords="1141,304,1269,331">
<area shape="rect" href="$_dispatch_handler_8h.html" title="DispatchHandler.h" alt="" coords="483,379,616,406">
<area shape="rect" href="$_async_comm_2_connection_handler_factory_8h.html" title="ConnectionHandlerFactory.h" alt="" coords="432,304,627,331">
<area shape="rect" href="$_handler_map_8h.html" title="HandlerMap.h" alt="" coords="1011,304,1117,331">
