<area shape="rect" href="$_byte_string_8h.html" title="Common/ByteString.h" alt="" coords="460,229,615,256">
<area shape="rect" href="$_key_8h.html" title="Hypertable/Lib/Key.h" alt="" coords="521,80,668,107">
<area shape="rect" href="$_dynamic_buffer_8h.html" title="DynamicBuffer.h" alt="" coords="172,304,295,331">
<area shape="rect" href="$_serialization_8h.html" title="Serialization.h" alt="" coords="319,304,428,331">
<area shape="rect" href="$_reference_count_8h.html" title="ReferenceCount.h" alt="" coords="48,379,179,405">
<area shape="rect" href="$atomic_8h.html" title="atomic.h" alt="" coords="5,453,80,480">
<area shape="rect" href="$serialization&#45;c_8h.html" title="serialization&#45;c.h" alt="" coords="379,379,496,405">
<area shape="rect" href="$endian&#45;c_8h.html" title="endian&#45;c.h" alt="" coords="347,453,432,480">
<area shape="rect" href="$_key_spec_8h.html" title="KeySpec.h" alt="" coords="1385,229,1471,256">
<area shape="rect" href="$_serialized_key_8h.html" title="SerializedKey.h" alt="" coords="585,155,700,181">
<area shape="rect" href="$_string_8h.html" title="Common/String.h" alt="" coords="1209,379,1337,405">
<area shape="rect" href="$_error_8h.html" title="Common/Error.h" alt="" coords="1268,304,1391,331">
<area shape="rect" href="$_logger_8h.html" title="Common/Logger.h" alt="" coords="996,229,1129,256">
<area shape="rect" href="$_fixed_stream_8h.html" title="FixedStream.h" alt="" coords="1084,304,1193,331">
