<area shape="rect" href="$_byte_string_8h.html" title="Common/ByteString.h" alt="" coords="1452,304,1607,331">
<area shape="rect" href="$_cell_list_8h.html" title="CellList.h" alt="" coords="1231,80,1308,107">
<area shape="rect" href="$_cell_store_trailer_8h.html" title="CellStoreTrailer.h" alt="" coords="1890,379,2018,405">
<area shape="rect" href="$_timestamp_8h.html" title="Timestamp.h" alt="" coords="1868,155,1967,181">
<area shape="rect" href="$_dynamic_buffer_8h.html" title="DynamicBuffer.h" alt="" coords="1196,379,1319,405">
<area shape="rect" href="$_serialization_8h.html" title="Serialization.h" alt="" coords="1532,379,1642,405">
<area shape="rect" href="$_string_8h.html" title="string.h" alt="" coords="1043,603,1110,629">
<area shape="rect" href="$_error_8h.html" title="Common/Error.h" alt="" coords="1088,453,1211,480">
<area shape="rect" href="$_logger_8h.html" title="Common/Logger.h" alt="" coords="1422,453,1555,480">
<area shape="rect" href="$_fixed_stream_8h.html" title="FixedStream.h" alt="" coords="1242,528,1351,555">
<area shape="rect" href="$atomic_8h.html" title="Common/atomic.h" alt="" coords="880,453,1014,480">
<area shape="rect" href="$_reference_count_8h.html" title="Common/ReferenceCount.h" alt="" coords="616,379,806,405">
<area shape="rect" href="$_scan_context_8h.html" title="ScanContext.h" alt="" coords="1072,155,1184,181">
<area shape="rect" href="$_key_8h.html" title="Hypertable/Lib/Key.h" alt="" coords="1307,229,1454,256">
<area shape="rect" href="$_schema_8h.html" title="Hypertable/Lib/Schema.h" alt="" coords="303,229,476,256">
<area shape="rect" href="$_types_8h.html" title="Hypertable/Lib/Types.h" alt="" coords="931,229,1091,256">
<area shape="rect" href="$_properties_8h.html" title="Common/Properties.h" alt="" coords="248,304,403,331">
<area shape="rect" href="$_string_ext_8h.html" title="StringExt.h" alt="" coords="524,453,612,480">
<area shape="rect" href="$_hash_map_8h.html" title="HashMap.h" alt="" coords="554,528,644,555">
