<area shape="rect" href="$_mutex_8h.html" title="Common/Mutex.h" alt="" coords="251,80,379,107">
<area shape="rect" href="$_cell_list_scanner_8h.html" title="CellListScanner.h" alt="" coords="1032,80,1160,107">
<area shape="rect" href="$_cell_list_8h.html" title="CellList.h" alt="" coords="547,80,624,107">
<area shape="rect" href="$_byte_string_8h.html" title="Common/ByteString.h" alt="" coords="1439,304,1593,331">
<area shape="rect" href="$_dynamic_buffer_8h.html" title="DynamicBuffer.h" alt="" coords="1880,379,2003,405">
<area shape="rect" href="$_reference_count_8h.html" title="Common/ReferenceCount.h" alt="" coords="632,379,821,405">
<area shape="rect" href="$_scan_context_8h.html" title="ScanContext.h" alt="" coords="1040,155,1152,181">
<area shape="rect" href="$_serialization_8h.html" title="Serialization.h" alt="" coords="1459,379,1568,405">
<area shape="rect" href="$serialization&#45;c_8h.html" title="serialization&#45;c.h" alt="" coords="1300,453,1417,480">
<area shape="rect" href="$endian&#45;c_8h.html" title="endian&#45;c.h" alt="" coords="1316,528,1401,555">
<area shape="rect" href="$atomic_8h.html" title="atomic.h" alt="" coords="131,453,205,480">
<area shape="rect" href="$_error_8h.html" title="Common/Error.h" alt="" coords="319,379,441,405">
<area shape="rect" href="$_key_8h.html" title="Hypertable/Lib/Key.h" alt="" coords="1676,229,1823,256">
<area shape="rect" href="$_schema_8h.html" title="Hypertable/Lib/Schema.h" alt="" coords="673,229,847,256">
<area shape="rect" href="$_scan_spec_8h.html" title="Hypertable/Lib/ScanSpec.h" alt="" coords="1079,229,1265,256">
<area shape="rect" href="$_types_8h.html" title="Hypertable/Lib/Types.h" alt="" coords="1289,229,1449,256">
<area shape="rect" href="$_string_8h.html" title="Common/String.h" alt="" coords="565,453,693,480">
<area shape="rect" href="$_properties_8h.html" title="Common/Properties.h" alt="" coords="504,304,659,331">
<area shape="rect" href="$_string_ext_8h.html" title="StringExt.h" alt="" coords="469,379,557,405">
<area shape="rect" href="$_hash_map_8h.html" title="HashMap.h" alt="" coords="451,453,541,480">
