<area shape="rect" href="$_compat_8h.html" title="Common/Compat.h" alt="" coords="235,80,373,107">
<area shape="rect" href="$_serialization_8h.html" title="Common/Serialization.h" alt="" coords="1027,80,1195,107">
<area shape="rect" href="$_logger_8h.html" title="Common/Logger.h" alt="" coords="669,80,803,107">
<area shape="rect" href="$_cell_store_trailer_v0_8h.html" title="CellStoreTrailerV0.h" alt="" coords="397,80,541,107">
<area shape="rect" href="$compat&#45;c_8h.html" title="compat&#45;c.h" alt="" coords="175,155,263,181">
<area shape="rect" href="$_sweetener_8h.html" title="Sweetener.h" alt="" coords="287,155,385,181">
<area shape="rect" href="$_string_8h.html" title="string.h" alt="" coords="744,229,811,256">
<area shape="rect" href="$serialization&#45;c_8h.html" title="serialization&#45;c.h" alt="" coords="1203,155,1320,181">
<area shape="rect" href="$endian&#45;c_8h.html" title="endian&#45;c.h" alt="" coords="1315,229,1400,256">
<area shape="rect" href="$_error_8h.html" title="Error.h" alt="" coords="884,155,948,181">
<area shape="rect" href="$_fixed_stream_8h.html" title="FixedStream.h" alt="" coords="972,155,1081,181">
<area shape="rect" href="$_cell_store_trailer_8h.html" title="CellStoreTrailer.h" alt="" coords="409,155,537,181">
