<area shape="rect" href="$_compat_8h.html" title="Common/Compat.h" alt="" coords="293,304,432,331">
<area shape="rect" href="$_logger_8h.html" title="Common/Logger.h" alt="" coords="1248,304,1381,331">
<area shape="rect" href="$_cell_8h.html" title="Cell.h" alt="" coords="1353,80,1409,107">
<area shape="rect" href="$compat&#45;c_8h.html" title="compat&#45;c.h" alt="" coords="319,379,407,405">
<area shape="rect" href="$_sweetener_8h.html" title="Sweetener.h" alt="" coords="119,379,217,405">
<area shape="rect" href="$_string_8h.html" title="string.h" alt="" coords="1353,453,1420,480">
<area shape="rect" href="$_error_8h.html" title="Error.h" alt="" coords="1527,379,1591,405">
<area shape="rect" href="$_fixed_stream_8h.html" title="FixedStream.h" alt="" coords="1172,379,1281,405">
<area shape="rect" href="$_key_8h.html" title="Key.h" alt="" coords="1024,155,1080,181">
<area shape="rect" href="$_byte_string_8h.html" title="Common/ByteString.h" alt="" coords="760,304,915,331">
<area shape="rect" href="$_dynamic_buffer_8h.html" title="DynamicBuffer.h" alt="" coords="431,379,553,405">
<area shape="rect" href="$_key_spec_8h.html" title="KeySpec.h" alt="" coords="1585,304,1671,331">
<area shape="rect" href="$_serialized_key_8h.html" title="SerializedKey.h" alt="" coords="875,229,989,256">
<area shape="rect" href="$_serialization_8h.html" title="Serialization.h" alt="" coords="751,379,860,405">
<area shape="rect" href="$_reference_count_8h.html" title="ReferenceCount.h" alt="" coords="531,453,661,480">
<area shape="rect" href="$atomic_8h.html" title="atomic.h" alt="" coords="419,528,493,555">
<area shape="rect" href="$serialization&#45;c_8h.html" title="serialization&#45;c.h" alt="" coords="771,453,888,480">
<area shape="rect" href="$endian&#45;c_8h.html" title="endian&#45;c.h" alt="" coords="835,528,920,555">
