<area shape="rect" href="$_mutex_8h.html" title="Common/Mutex.h" alt="" coords="516,304,644,331">
<area shape="rect" href="$_cell_list_scanner_8h.html" title="CellListScanner.h" alt="" coords="2321,80,2449,107">
<area shape="rect" href="$_serialized_key_8h.html" title="SerializedKey.h" alt="" coords="719,304,833,331">
<area shape="rect" href="$_cell_list_8h.html" title="CellList.h" alt="" coords="1432,80,1509,107">
<area shape="rect" href="$_cell_cache_pool_8h.html" title="CellCachePool.h" alt="" coords="391,155,513,182">
<area shape="rect" href="$_cell_cache_pool_allocator_8h.html" title="CellCachePoolAllocator.h" alt="" coords="367,80,543,107">
<area shape="rect" href="$_logger_8h.html" title="Common/Logger.h" alt="" coords="597,379,731,406">
<area shape="rect" href="$_error_8h.html" title="Error.h" alt="" coords="748,454,812,480">
<area shape="rect" href="$_string_8h.html" title="Common/String.h" alt="" coords="819,528,947,555">
<area shape="rect" href="$_fixed_stream_8h.html" title="FixedStream.h" alt="" coords="393,454,503,480">
<area shape="rect" href="$_byte_string_8h.html" title="Common/ByteString.h" alt="" coords="1503,379,1657,406">
<area shape="rect" href="$_dynamic_buffer_8h.html" title="DynamicBuffer.h" alt="" coords="1903,454,2025,480">
<area shape="rect" href="$_reference_count_8h.html" title="ReferenceCount.h" alt="" coords="2168,528,2299,555">
<area shape="rect" href="$_scan_context_8h.html" title="ScanContext.h" alt="" coords="1633,155,1745,182">
<area shape="rect" href="$_serialization_8h.html" title="Serialization.h" alt="" coords="1732,454,1841,480">
<area shape="rect" href="$atomic_8h.html" title="atomic.h" alt="" coords="1741,603,1816,630">
<area shape="rect" href="$serialization&#45;c_8h.html" title="serialization&#45;c.h" alt="" coords="1728,528,1845,555">
<area shape="rect" href="$_key_8h.html" title="Hypertable/Lib/Key.h" alt="" coords="1228,230,1375,256">
<area shape="rect" href="$_schema_8h.html" title="Hypertable/Lib/Schema.h" alt="" coords="1815,230,1988,256">
<area shape="rect" href="$_scan_spec_8h.html" title="Hypertable/Lib/ScanSpec.h" alt="" coords="959,304,1145,331">
<area shape="rect" href="$_types_8h.html" title="Hypertable/Lib/Types.h" alt="" coords="1609,304,1769,331">
<area shape="rect" href="$_key_spec_8h.html" title="KeySpec.h" alt="" coords="917,379,1003,406">
<area shape="rect" href="$_hash_map_8h.html" title="Common/HashMap.h" alt="" coords="1996,304,2145,331">
