<area shape="rect" href="$_cell_store_8h.html" title="CellStore.h" alt="" coords="1916,80,2004,107">
<area shape="rect" href="$_cell_store_trailer_8h.html" title="CellStoreTrailer.h" alt="" coords="2441,155,2569,181">
<area shape="rect" href="$_bloom_filter_8h.html" title="Common/BloomFilter.h" alt="" coords="2107,379,2269,405">
<area shape="rect" href="$_byte_string_8h.html" title="Common/ByteString.h" alt="" coords="1829,453,1984,480">
<area shape="rect" href="$_block_compression_codec_8h.html" title="Hypertable/Lib/BlockCompressionCodec.h" alt="" coords="313,304,591,331">
<area shape="rect" href="$_hypertable_2_lib_2_filesystem_8h.html" title="Hypertable/Lib/Filesystem.h" alt="" coords="716,379,905,405">
<area shape="rect" href="$_types_8h.html" title="Hypertable/Lib/Types.h" alt="" coords="1256,379,1416,405">
<area shape="rect" href="$_cell_list_8h.html" title="CellList.h" alt="" coords="1849,155,1927,181">
<area shape="rect" href="$_static_buffer_8h.html" title="Common/StaticBuffer.h" alt="" coords="2008,453,2171,480">
<area shape="rect" href="$_murmur_hash_8h.html" title="Common/MurmurHash.h" alt="" coords="1533,453,1704,480">
<area shape="rect" href="$_logger_8h.html" title="Common/Logger.h" alt="" coords="1325,453,1459,480">
<area shape="rect" href="$_dynamic_buffer_8h.html" title="DynamicBuffer.h" alt="" coords="2120,528,2243,555">
<area shape="rect" href="$_reference_count_8h.html" title="ReferenceCount.h" alt="" coords="569,603,700,629">
<area shape="rect" href="$atomic_8h.html" title="atomic.h" alt="" coords="1167,677,1241,704">
<area shape="rect" href="$_string_8h.html" title="Common/String.h" alt="" coords="1144,603,1272,629">
<area shape="rect" href="$_error_8h.html" title="Error.h" alt="" coords="909,528,973,555">
<area shape="rect" href="$_fixed_stream_8h.html" title="FixedStream.h" alt="" coords="1149,528,1259,555">
<area shape="rect" href="$_serialization_8h.html" title="Serialization.h" alt="" coords="2317,528,2427,555">
<area shape="rect" href="$serialization&#45;c_8h.html" title="serialization&#45;c.h" alt="" coords="2309,603,2427,629">
<area shape="rect" href="$_thread_8h.html" title="Common/Thread.h" alt="" coords="475,379,611,405">
<area shape="rect" href="$_block_compression_header_8h.html" title="BlockCompressionHeader.h" alt="" coords="107,379,299,405">
<area shape="rect" href="$_dispatch_handler_8h.html" title="AsyncComm/DispatchHandler.h" alt="" coords="672,453,888,480">
<area shape="rect" href="$_async_comm_2_event_8h.html" title="Event.h" alt="" coords="795,528,861,555">
<area shape="rect" href="$_scan_context_8h.html" title="ScanContext.h" alt="" coords="1137,229,1249,256">
<area shape="rect" href="$_key_8h.html" title="Hypertable/Lib/Key.h" alt="" coords="1637,304,1784,331">
<area shape="rect" href="$_schema_8h.html" title="Hypertable/Lib/Schema.h" alt="" coords="76,304,249,331">
<area shape="rect" href="$_scan_spec_8h.html" title="Hypertable/Lib/ScanSpec.h" alt="" coords="852,304,1039,331">
<area shape="rect" href="$_key_spec_8h.html" title="KeySpec.h" alt="" coords="1096,379,1181,405">
<area shape="rect" href="$_serialized_key_8h.html" title="SerializedKey.h" alt="" coords="1440,379,1555,405">
