<area shape="rect" href="$_cell_store_block_index_map_8h.html" title="CellStoreBlockIndexMap.h" alt="" coords="1006,131,1187,158">
<area shape="rect" href="$_dynamic_buffer_8h.html" title="DynamicBuffer.h" alt="" coords="1600,355,1723,382">
<area shape="rect" href="$_serialized_key_8h.html" title="Hypertable/Lib/SerializedKey.h" alt="" coords="992,206,1200,232">
<area shape="rect" href="$_dispatch_handler_synchronizer_8h.html" title="AsyncComm/DispatchHandlerSynchronizer.h" alt="" coords="358,206,654,232">
<area shape="rect" href="$_mutex_8h.html" title="Common/Mutex.h" alt="" coords="256,280,384,307">
<area shape="rect" href="$_bloom_filter_8h.html" title="Common/BloomFilter.h" alt="" coords="1275,206,1438,232">
<area shape="rect" href="$_blob_hash_set_8h.html" title="Common/BlobHashSet.h" alt="" coords="1920,131,2091,158">
<area shape="rect" href="$_block_compression_codec_8h.html" title="Hypertable/Lib/BlockCompressionCodec.h" alt="" coords="2275,206,2552,232">
<area shape="rect" href="$_hypertable_2_lib_2_filesystem_8h.html" title="Hypertable/Lib/Filesystem.h" alt="" coords="1563,206,1752,232">
<area shape="rect" href="$_cell_store_8h.html" title="CellStore.h" alt="" coords="1588,131,1676,158">
<area shape="rect" href="$_cell_store_trailer_v0_8h.html" title="CellStoreTrailerV0.h" alt="" coords="838,131,982,158">
<area shape="rect" href="$_static_buffer_8h.html" title="Common/StaticBuffer.h" alt="" coords="1331,280,1494,307">
<area shape="rect" href="$_reference_count_8h.html" title="ReferenceCount.h" alt="" coords="1950,430,2080,456">
<area shape="rect" href="$atomic_8h.html" title="atomic.h" alt="" coords="2388,504,2463,531">
<area shape="rect" href="$_byte_string_8h.html" title="Common/ByteString.h" alt="" coords="1568,280,1723,307">
<area shape="rect" href="$_logger_8h.html" title="Common/Logger.h" alt="" coords="1074,355,1207,382">
<area shape="rect" href="$_error_8h.html" title="Error.h" alt="" coords="1272,430,1336,456">
<area shape="rect" href="$_string_8h.html" title="Common/String.h" alt="" coords="1206,504,1334,531">
<area shape="rect" href="$_fixed_stream_8h.html" title="FixedStream.h" alt="" coords="1088,430,1198,456">
<area shape="rect" href="$_dispatch_handler_8h.html" title="DispatchHandler.h" alt="" coords="902,280,1035,307">
<area shape="rect" href="$_async_comm_2_event_8h.html" title="Event.h" alt="" coords="710,355,776,382">
<area shape="rect" href="$_time_8h.html" title="time.h" alt="" coords="856,430,915,456">
<area shape="rect" href="$_inet_addr_8h.html" title="Common/InetAddr.h" alt="" coords="496,430,640,456">
<area shape="rect" href="$_comm_header_8h.html" title="CommHeader.h" alt="" coords="664,430,782,456">
<area shape="rect" href="$_murmur_hash_8h.html" title="Common/MurmurHash.h" alt="" coords="1899,280,2070,307">
<area shape="rect" href="$_hash_map_8h.html" title="HashMap.h" alt="" coords="1960,206,2051,232">
<area shape="rect" href="$_blob_hash_traits_8h.html" title="BlobHashTraits.h" alt="" coords="2075,206,2200,232">
<area shape="rect" href="$_thread_8h.html" title="Common/Thread.h" alt="" coords="2176,280,2312,307">
<area shape="rect" href="$_block_compression_header_8h.html" title="BlockCompressionHeader.h" alt="" coords="2387,280,2579,307">
<area shape="rect" href="$_types_8h.html" title="Hypertable/Lib/Types.h" alt="" coords="1776,206,1936,232">
<area shape="rect" href="$_cell_list_8h.html" title="CellList.h" alt="" coords="2603,206,2680,232">
<area shape="rect" href="$_cell_store_trailer_8h.html" title="CellStoreTrailer.h" alt="" coords="800,355,928,382">
