<area shape="rect" href="$_dynamic_buffer_8h.html" title="Common/DynamicBuffer.h" alt="" coords="2493,528,2675,555">
<area shape="rect" href="$_cell_store_8h.html" title="CellStore.h" alt="" coords="1019,80,1107,107">
<area shape="rect" href="$_scan_context_8h.html" title="ScanContext.h" alt="" coords="1243,229,1355,256">
<area shape="rect" href="$_cell_store_scanner_interval_8h.html" title="CellStoreScannerInterval.h" alt="" coords="141,229,325,256">
<area shape="rect" href="$_reference_count_8h.html" title="ReferenceCount.h" alt="" coords="2984,603,3115,629">
<area shape="rect" href="$atomic_8h.html" title="atomic.h" alt="" coords="1332,677,1407,704">
<area shape="rect" href="$_bloom_filter_8h.html" title="Common/BloomFilter.h" alt="" coords="1315,379,1477,405">
<area shape="rect" href="$_byte_string_8h.html" title="Common/ByteString.h" alt="" coords="233,453,388,480">
<area shape="rect" href="$_block_compression_codec_8h.html" title="Hypertable/Lib/BlockCompressionCodec.h" alt="" coords="1753,304,2031,331">
<area shape="rect" href="$_hypertable_2_lib_2_filesystem_8h.html" title="Hypertable/Lib/Filesystem.h" alt="" coords="3005,379,3195,405">
<area shape="rect" href="$_types_8h.html" title="Hypertable/Lib/Types.h" alt="" coords="907,379,1067,405">
<area shape="rect" href="$_cell_list_8h.html" title="CellList.h" alt="" coords="793,155,871,181">
<area shape="rect" href="$_cell_store_trailer_8h.html" title="CellStoreTrailer.h" alt="" coords="379,379,507,405">
<area shape="rect" href="$_static_buffer_8h.html" title="Common/StaticBuffer.h" alt="" coords="2424,453,2587,480">
<area shape="rect" href="$_murmur_hash_8h.html" title="Common/MurmurHash.h" alt="" coords="1101,453,1272,480">
<area shape="rect" href="$_logger_8h.html" title="Common/Logger.h" alt="" coords="1597,453,1731,480">
<area shape="rect" href="$_string_8h.html" title="Common/String.h" alt="" coords="1600,603,1728,629">
<area shape="rect" href="$_error_8h.html" title="Error.h" alt="" coords="2113,528,2177,555">
<area shape="rect" href="$_serialization_8h.html" title="Serialization.h" alt="" coords="245,528,355,555">
<area shape="rect" href="$_thread_8h.html" title="Common/Thread.h" alt="" coords="1501,379,1637,405">
<area shape="rect" href="$_block_compression_header_8h.html" title="BlockCompressionHeader.h" alt="" coords="1661,379,1853,405">
<area shape="rect" href="$_dispatch_handler_8h.html" title="AsyncComm/DispatchHandler.h" alt="" coords="2941,528,3157,555">
<area shape="rect" href="$_key_8h.html" title="Hypertable/Lib/Key.h" alt="" coords="675,304,821,331">
<area shape="rect" href="$_schema_8h.html" title="Hypertable/Lib/Schema.h" alt="" coords="2281,304,2455,331">
<area shape="rect" href="$_scan_spec_8h.html" title="Hypertable/Lib/ScanSpec.h" alt="" coords="2592,304,2779,331">
<area shape="rect" href="$_key_spec_8h.html" title="KeySpec.h" alt="" coords="2029,379,2115,405">
<area shape="rect" href="$_serialized_key_8h.html" title="SerializedKey.h" alt="" coords="768,379,883,405">
<area shape="rect" href="$_mutex_8h.html" title="Common/Mutex.h" alt="" coords="1877,379,2005,405">
<area shape="rect" href="$_hash_map_8h.html" title="Common/HashMap.h" alt="" coords="1141,379,1291,405">
<area shape="rect" href="$_properties_8h.html" title="Common/Properties.h" alt="" coords="2291,379,2445,405">
<area shape="rect" href="$_char_arena_8h.html" title="Common/CharArena.h" alt="" coords="2723,379,2880,405">
