<area shape="rect" href="$_client_keepalive_handler_8h.html" title="/Users/doug/src/hypertable/src/cc/Hyperspace/ClientKeepaliveHandler.h" alt="" coords="8544,80,9003,107">
<area shape="rect" href="$_session_8cc.html" title="/Users/doug/src/hypertable/src/cc/Hyperspace/Session.cc" alt="" coords="11979,229,12350,256">
<area shape="rect" href="$_session_8h.html" title="/Users/doug/src/hypertable/src/cc/Hyperspace/Session.h" alt="" coords="8591,155,8956,181">
<area shape="rect" href="$_client_keepalive_handler_8cc.html" title="/Users/doug/src/hypertable/src/cc/Hyperspace/ClientKeepaliveHandler.cc" alt="" coords="3534,229,3998,256">
<area shape="rect" href="$_client_connection_handler_8cc.html" title="/Users/doug/src/hypertable/src/cc/Hyperspace/ClientConnectionHandler.cc" alt="" coords="11480,229,11955,256">
<area shape="rect" href="$_hs_command_interpreter_8h.html" title="/Users/doug/src/hypertable/src/cc/Hyperspace/HsCommandInterpreter.h" alt="" coords="4419,229,4878,256">
<area shape="rect" href="$hyperspace_8cc.html" title="/Users/doug/src/hypertable/src/cc/Tools/hyperspace/hyperspace.cc" alt="" coords="4115,304,4542,331">
<area shape="rect" href="$_hs_parser_8h.html" title="/Users/doug/src/hypertable/src/cc/Hyperspace/HsParser.h" alt="" coords="4022,229,4395,256">
<area shape="rect" href="$_hyperspace_2_master_8cc.html" title="/Users/doug/src/hypertable/src/cc/Hyperspace/Master.cc" alt="" coords="4952,229,5315,256">
<area shape="rect" href="$_hypertable_2_lib_2_client_8h.html" title="/Users/doug/src/hypertable/src/cc/Hypertable/Lib/Client.h" alt="" coords="5038,304,5403,331">
<area shape="rect" href="$_global_8h.html" title="/Users/doug/src/hypertable/src/cc/Hypertable/RangeServer/Global.h" alt="" coords="774,453,1206,480">
<area shape="rect" href="$_range_server_8h.html" title="/Users/doug/src/hypertable/src/cc/Hypertable/RangeServer/RangeServer.h" alt="" coords="7334,528,7806,555">
<area shape="rect" href="$ht__rsclient_8cc.html" title="/Users/doug/src/hypertable/src/cc/Tools/rsclient/ht_rsclient.cc" alt="" coords="9270,379,9664,405">
<area shape="rect" href="$_master_client_8h.html" title="/Users/doug/src/hypertable/src/cc/Hypertable/Lib/MasterClient.h" alt="" coords="7587,229,7995,256">
<area shape="rect" href="$_master_client_8cc.html" title="/Users/doug/src/hypertable/src/cc/Hypertable/Lib/MasterClient.cc" alt="" coords="8587,379,9000,405">
<area shape="rect" href="$rsdump_8cc.html" title="/Users/doug/src/hypertable/src/cc/Tools/rsdump/rsdump.cc" alt="" coords="8584,304,8963,331">
<area shape="rect" href="$serverup_8cc.html" title="/Users/doug/src/hypertable/src/cc/Tools/serverup/serverup.cc" alt="" coords="8987,304,9379,331">
<area shape="rect" href="$_range_locator_8h.html" title="/Users/doug/src/hypertable/src/cc/Hypertable/Lib/RangeLocator.h" alt="" coords="10062,229,10478,256">
<area shape="rect" href="$_range_locator_8cc.html" title="/Users/doug/src/hypertable/src/cc/Hypertable/Lib/RangeLocator.cc" alt="" coords="10470,304,10891,331">
<area shape="rect" href="$_table_8cc.html" title="/Users/doug/src/hypertable/src/cc/Hypertable/Lib/Table.cc" alt="" coords="10502,229,10872,256">
<area shape="rect" href="$_hypertable_2_master_2_master_8h.html" title="/Users/doug/src/hypertable/src/cc/Hypertable/Master/Master.h" alt="" coords="4566,304,4963,331">
<area shape="rect" href="$_master_2_hyperspace_session_handler_8h.html" title="/Users/doug/src/hypertable/src/cc/Hypertable/Master/HyperspaceSessionHandler.h" alt="" coords="5390,229,5912,256">
<area shape="rect" href="$_range_server_2_hyperspace_session_handler_8h.html" title="/Users/doug/src/hypertable/src/cc/Hypertable/RangeServer/HyperspaceSessionHandler.h" alt="" coords="10896,229,11456,256">
<area shape="rect" href="$_range_server_command_interpreter_8h.html" title="/Users/doug/src/hypertable/src/cc/Tools/rsclient/RangeServerCommandInterpreter.h" alt="" coords="9504,304,10035,331">
<area shape="rect" href="$_tools_2rsclient_2_table_info_8h.html" title="/Users/doug/src/hypertable/src/cc/Tools/rsclient/TableInfo.h" alt="" coords="9555,229,9936,256">
<area shape="rect" href="$_tools_2rsclient_2_table_info_8cc.html" title="/Users/doug/src/hypertable/src/cc/Tools/rsclient/TableInfo.cc" alt="" coords="10059,304,10446,331">
<area shape="rect" href="$_hs_command_interpreter_8cc.html" title="/Users/doug/src/hypertable/src/cc/Hyperspace/HsCommandInterpreter.cc" alt="" coords="3627,304,4091,331">
<area shape="rect" href="$random__read__test_8cc.html" title="/Users/doug/src/hypertable/src/cc/Benchmark/random/random_read_test.cc" alt="" coords="1027,379,1507,405">
<area shape="rect" href="$random__write__test_8cc.html" title="/Users/doug/src/hypertable/src/cc/Benchmark/random/random_write_test.cc" alt="" coords="1531,379,2014,405">
<area shape="rect" href="$ht__write__test_8cc.html" title="/Users/doug/src/hypertable/src/cc/Benchmark/write/ht_write_test.cc" alt="" coords="2038,379,2467,405">
<area shape="rect" href="$_hypertable_2_lib_2_client_8cc.html" title="/Users/doug/src/hypertable/src/cc/Hypertable/Lib/Client.cc" alt="" coords="5243,379,5614,405">
<area shape="rect" href="$generate__test__data_8cc.html" title="/Users/doug/src/hypertable/src/cc/Hypertable/Lib/generate_test_data.cc" alt="" coords="5638,379,6091,405">
<area shape="rect" href="$_hql_command_interpreter_8cc.html" title="/Users/doug/src/hypertable/src/cc/Hypertable/Lib/HqlCommandInterpreter.cc" alt="" coords="6115,379,6598,405">
<area shape="rect" href="$_hql_interpreter_8cc.html" title="/Users/doug/src/hypertable/src/cc/Hypertable/Lib/HqlInterpreter.cc" alt="" coords="6622,379,7043,405">
<area shape="rect" href="$htgc_8cc.html" title="/Users/doug/src/hypertable/src/cc/Hypertable/Master/htgc.cc" alt="" coords="7067,379,7454,405">
<area shape="rect" href="$_hypertable_2_master_2_master_8cc.html" title="/Users/doug/src/hypertable/src/cc/Hypertable/Master/Master.cc" alt="" coords="56,379,459,405">
<area shape="rect" href="$_master_gc_8cc.html" title="/Users/doug/src/hypertable/src/cc/Hypertable/Master/MasterGc.cc" alt="" coords="534,379,952,405">
<area shape="rect" href="$count__stored_8cc.html" title="/Users/doug/src/hypertable/src/cc/Hypertable/RangeServer/count_stored.cc" alt="" coords="504,528,982,555">
<area shape="rect" href="$_thrift_broker_8cc.html" title="/Users/doug/src/hypertable/src/cc/ThriftBroker/ThriftBroker.cc" alt="" coords="2491,379,2886,405">
<area shape="rect" href="$hypertable_8cc.html" title="/Users/doug/src/hypertable/src/cc/Tools/hypertable/hypertable.cc" alt="" coords="2910,379,3323,405">
<area shape="rect" href="$ht__load__generator_8cc.html" title="/Users/doug/src/hypertable/src/cc/Tools/load_generator/ht_load_generator.cc" alt="" coords="3347,379,3838,405">
<area shape="rect" href="$apache__log__load_8cc.html" title="/Users/doug/src/hypertable/examples/apache_log/apache_log_load.cc" alt="" coords="3862,379,4307,405">
<area shape="rect" href="$apache__log__query_8cc.html" title="/Users/doug/src/hypertable/examples/apache_log/apache_log_query.cc" alt="" coords="4331,379,4784,405">
<area shape="rect" href="$freebase__load_8cc.html" title="/Users/doug/src/hypertable/examples/freebase/freebase_load.cc" alt="" coords="4808,379,5219,405">
<area shape="rect" href="$_event_handler_master_change_8cc.html" title="/Users/doug/src/hypertable/src/cc/Hypertable/Lib/EventHandlerMasterChange.cc" alt="" coords="8054,379,8563,405">
<area shape="rect" href="$_event_handler_master_change_8h.html" title="/Users/doug/src/hypertable/src/cc/Hypertable/Lib/EventHandlerMasterChange.h" alt="" coords="7539,304,8043,331">
<area shape="rect" href="$_master_file_handler_8h.html" title="/Users/doug/src/hypertable/src/cc/Hypertable/Lib/MasterFileHandler.h" alt="" coords="8067,304,8510,331">
<area shape="rect" href="$_range_8h.html" title="/Users/doug/src/hypertable/src/cc/Hypertable/RangeServer/Range.h" alt="" coords="6931,304,7363,331">
<area shape="rect" href="$_hypertable_2_range_server_2_table_info_8h.html" title="/Users/doug/src/hypertable/src/cc/Hypertable/RangeServer/TableInfo.h" alt="" coords="7528,379,7979,405">
