<area shape="rect" href="$_compat_8h.html" title="Common/Compat.h" alt="" coords="219,453,357,480">
<area shape="rect" href="$_dynamic_buffer_8h.html" title="Common/DynamicBuffer.h" alt="" coords="2521,528,2703,555">
<area shape="rect" href="$_error_8h.html" title="Common/Error.h" alt="" coords="483,528,605,555">
<area shape="rect" href="$_usage_8h.html" title="Common/Usage.h" alt="" coords="3192,80,3323,107">
<area shape="rect" href="$_command_attr_get_8h.html" title="CommandAttrGet.h" alt="" coords="1520,80,1659,107">
<area shape="rect" href="$_tools_2hyperspace_2_global_8h.html" title="Global.h" alt="" coords="1228,155,1300,181">
<area shape="rect" href="$_util_8h.html" title="Util.h" alt="" coords="387,155,440,181">
<area shape="rect" href="$compat&#45;c_8h.html" title="compat&#45;c.h" alt="" coords="257,528,345,555">
<area shape="rect" href="$_sweetener_8h.html" title="Sweetener.h" alt="" coords="72,528,171,555">
<area shape="rect" href="$_string_8h.html" title="string.h" alt="" coords="440,603,507,629">
<area shape="rect" href="$_interactive_command_8h.html" title="Common/InteractiveCommand.h" alt="" coords="2464,229,2683,256">
<area shape="rect" href="$_session_8h.html" title="Hyperspace/Session.h" alt="" coords="1728,155,1885,181">
<area shape="rect" href="$_comm_8h.html" title="AsyncComm/Comm.h" alt="" coords="1485,304,1640,331">
<area shape="rect" href="$_reference_count_8h.html" title="Common/ReferenceCount.h" alt="" coords="1675,528,1864,555">
<area shape="rect" href="$_dispatch_handler_8h.html" title="DispatchHandler.h" alt="" coords="1769,453,1903,480">
<area shape="rect" href="$_comm_buf_8h.html" title="CommBuf.h" alt="" coords="2455,379,2548,405">
<area shape="rect" href="$_connection_manager_8h.html" title="AsyncComm/ConnectionManager.h" alt="" coords="1688,229,1925,256">
<area shape="rect" href="$_client_keepalive_handler_8h.html" title="ClientKeepaliveHandler.h" alt="" coords="1488,229,1664,256">
<area shape="rect" href="$_handle_callback_8h.html" title="HandleCallback.h" alt="" coords="2051,304,2179,331">
<area shape="rect" href="$_lock_sequencer_8h.html" title="LockSequencer.h" alt="" coords="2912,229,3040,256">
<area shape="rect" href="$_hyperspace_2_protocol_8h.html" title="Protocol.h" alt="" coords="2256,229,2339,256">
<area shape="rect" href="$_dir_entry_8h.html" title="DirEntry.h" alt="" coords="659,229,741,256">
<area shape="rect" href="$_mutex_8h.html" title="Common/Mutex.h" alt="" coords="1325,379,1453,405">
<area shape="rect" href="$_async_comm_2_connection_handler_factory_8h.html" title="ConnectionHandlerFactory.h" alt="" coords="1579,379,1773,405">
<area shape="rect" href="$_handler_map_8h.html" title="HandlerMap.h" alt="" coords="1093,379,1200,405">
<area shape="rect" href="$_byte_string_8h.html" title="Common/ByteString.h" alt="" coords="2736,453,2891,480">
<area shape="rect" href="$_serialization_8h.html" title="Serialization.h" alt="" coords="2759,528,2868,555">
<area shape="rect" href="$_logger_8h.html" title="Common/Logger.h" alt="" coords="1424,453,1557,480">
<area shape="rect" href="$_static_buffer_8h.html" title="Common/StaticBuffer.h" alt="" coords="2499,453,2661,480">
<area shape="rect" href="$_header_builder_8h.html" title="HeaderBuilder.h" alt="" coords="2355,453,2475,480">
<area shape="rect" href="$_string_ext_8h.html" title="StringExt.h" alt="" coords="772,304,860,331">
<area shape="rect" href="$_hash_map_8h.html" title="Common/HashMap.h" alt="" coords="685,379,835,405">
