<area shape="rect" href="$_error_8h.html" title="Common/Error.h" alt="" coords="1693,603,1816,630">
<area shape="rect" href="$_usage_8h.html" title="Common/Usage.h" alt="" coords="1832,80,1963,107">
<area shape="rect" href="$_command_delete_8h.html" title="CommandDelete.h" alt="" coords="1987,80,2120,107">
<area shape="rect" href="$_tools_2hyperspace_2_global_8h.html" title="Global.h" alt="" coords="1789,155,1861,182">
<area shape="rect" href="$_string_8h.html" title="Common/String.h" alt="" coords="2756,678,2884,704">
<area shape="rect" href="$_interactive_command_8h.html" title="Common/InteractiveCommand.h" alt="" coords="3072,304,3291,331">
<area shape="rect" href="$_session_8h.html" title="Hyperspace/Session.h" alt="" coords="1945,155,2103,182">
<area shape="rect" href="$_comm_8h.html" title="AsyncComm/Comm.h" alt="" coords="1348,304,1503,331">
<area shape="rect" href="$_reference_count_8h.html" title="Common/ReferenceCount.h" alt="" coords="1263,603,1452,630">
<area shape="rect" href="$_dispatch_handler_8h.html" title="DispatchHandler.h" alt="" coords="1291,454,1424,480">
<area shape="rect" href="$_comm_buf_8h.html" title="CommBuf.h" alt="" coords="2388,379,2481,406">
<area shape="rect" href="$_dynamic_buffer_8h.html" title="DynamicBuffer.h" alt="" coords="2759,528,2881,555">
<area shape="rect" href="$_connection_manager_8h.html" title="AsyncComm/ConnectionManager.h" alt="" coords="725,379,963,406">
<area shape="rect" href="$_client_keepalive_handler_8h.html" title="ClientKeepaliveHandler.h" alt="" coords="1593,230,1769,256">
<area shape="rect" href="$_handle_callback_8h.html" title="HandleCallback.h" alt="" coords="2036,379,2164,406">
<area shape="rect" href="$_lock_sequencer_8h.html" title="LockSequencer.h" alt="" coords="3239,230,3367,256">
<area shape="rect" href="$_hyperspace_2_protocol_8h.html" title="Protocol.h" alt="" coords="2443,304,2525,331">
<area shape="rect" href="$_async_comm_2_connection_handler_factory_8h.html" title="ConnectionHandlerFactory.h" alt="" coords="1193,379,1388,406">
<area shape="rect" href="$_handler_map_8h.html" title="HandlerMap.h" alt="" coords="1679,379,1785,406">
<area shape="rect" href="$atomic_8h.html" title="atomic.h" alt="" coords="1872,678,1947,704">
<area shape="rect" href="$_async_comm_2_event_8h.html" title="Event.h" alt="" coords="1572,528,1639,555">
<area shape="rect" href="$_byte_string_8h.html" title="Common/ByteString.h" alt="" coords="2541,454,2696,480">
<area shape="rect" href="$_serialization_8h.html" title="Serialization.h" alt="" coords="2592,528,2701,555">
<area shape="rect" href="$_logger_8h.html" title="Common/Logger.h" alt="" coords="2293,603,2427,630">
<area shape="rect" href="$_static_buffer_8h.html" title="Common/StaticBuffer.h" alt="" coords="2771,454,2933,480">
<area shape="rect" href="$_header_builder_8h.html" title="HeaderBuilder.h" alt="" coords="2021,528,2141,555">
<area shape="rect" href="$_sock_addr_map_8h.html" title="Common/SockAddrMap.h" alt="" coords="784,454,963,480">
<area shape="rect" href="$_hash_map_8h.html" title="Common/HashMap.h" alt="" coords="341,528,491,555">
<area shape="rect" href="$_time_8h.html" title="time.h" alt="" coords="269,454,328,480">
<area shape="rect" href="$_string_ext_8h.html" title="StringExt.h" alt="" coords="157,454,245,480">
