<area shape="rect" href="$_i_o_handler_data_8h.html" title="/Users/doug/src/hypertable/src/cc/AsyncComm/IOHandlerData.h" alt="" coords="976,80,1387,107">
<area shape="rect" href="$_comm_8h.html" title="/Users/doug/src/hypertable/src/cc/AsyncComm/Comm.h" alt="" coords="1653,230,2013,256">
<area shape="rect" href="$_session_8h.html" title="/Users/doug/src/hypertable/src/cc/Hyperspace/Session.h" alt="" coords="2139,304,2504,331">
<area shape="rect" href="$_master_client_8h.html" title="/Users/doug/src/hypertable/src/cc/Hypertable/Lib/MasterClient.h" alt="" coords="4672,379,5080,406">
<area shape="rect" href="$hyperspace_8cc.html" title="/Users/doug/src/hypertable/src/cc/Tools/hyperspace/hyperspace.cc" alt="" coords="1888,379,2315,406">
<area shape="rect" href="$_range_server_client_8h.html" title="/Users/doug/src/hypertable/src/cc/Hypertable/Lib/RangeServerClient.h" alt="" coords="1619,304,2064,331">
<area shape="rect" href="$_i_o_handler_datagram_8h.html" title="/Users/doug/src/hypertable/src/cc/AsyncComm/IOHandlerDatagram.h" alt="" coords="1456,80,1899,107">
<area shape="rect" href="$_async_comm_2_protocol_8cc.html" title="/Users/doug/src/hypertable/src/cc/AsyncComm/Protocol.cc" alt="" coords="2240,80,2616,107">
<area shape="rect" href="$_response_callback_8cc.html" title="/Users/doug/src/hypertable/src/cc/AsyncComm/ResponseCallback.cc" alt="" coords="2640,80,3080,107">
<area shape="rect" href="$_dfs_broker_2_lib_2_response_callback_open_8h.html" title="/Users/doug/src/hypertable/src/cc/DfsBroker/Lib/ResponseCallbackOpen.h" alt="" coords="3155,80,3627,107">
<area shape="rect" href="$_dfs_broker_2_lib_2_response_callback_open_8cc.html" title="/Users/doug/src/hypertable/src/cc/DfsBroker/Lib/ResponseCallbackOpen.cc" alt="" coords="3016,155,3493,182">
<area shape="rect" href="$_response_callback_read_8h.html" title="/Users/doug/src/hypertable/src/cc/DfsBroker/Lib/ResponseCallbackRead.h" alt="" coords="3701,80,4173,107">
<area shape="rect" href="$_response_callback_read_8cc.html" title="/Users/doug/src/hypertable/src/cc/DfsBroker/Lib/ResponseCallbackRead.cc" alt="" coords="3676,155,4153,182">
<area shape="rect" href="$_response_callback_append_8h.html" title="/Users/doug/src/hypertable/src/cc/DfsBroker/Lib/ResponseCallbackAppend.h" alt="" coords="4248,80,4733,107">
<area shape="rect" href="$_response_callback_append_8cc.html" title="/Users/doug/src/hypertable/src/cc/DfsBroker/Lib/ResponseCallbackAppend.cc" alt="" coords="4223,155,4713,182">
<area shape="rect" href="$_response_callback_length_8h.html" title="/Users/doug/src/hypertable/src/cc/DfsBroker/Lib/ResponseCallbackLength.h" alt="" coords="4808,80,5288,107">
<area shape="rect" href="$_response_callback_length_8cc.html" title="/Users/doug/src/hypertable/src/cc/DfsBroker/Lib/ResponseCallbackLength.cc" alt="" coords="4783,155,5268,182">
<area shape="rect" href="$_dfs_broker_2_lib_2_response_callback_readdir_8h.html" title="/Users/doug/src/hypertable/src/cc/DfsBroker/Lib/ResponseCallbackReaddir.h" alt="" coords="5363,80,5851,107">
<area shape="rect" href="$_dfs_broker_2_lib_2_response_callback_readdir_8cc.html" title="/Users/doug/src/hypertable/src/cc/DfsBroker/Lib/ResponseCallbackReaddir.cc" alt="" coords="5315,155,5808,182">
<area shape="rect" href="$_dfs_broker_2_lib_2_response_callback_exists_8h.html" title="/Users/doug/src/hypertable/src/cc/DfsBroker/Lib/ResponseCallbackExists.h" alt="" coords="5925,80,6400,107">
<area shape="rect" href="$_dfs_broker_2_lib_2_response_callback_exists_8cc.html" title="/Users/doug/src/hypertable/src/cc/DfsBroker/Lib/ResponseCallbackExists.cc" alt="" coords="5889,155,6369,182">
<area shape="rect" href="$_dfs_broker_2_lib_2_protocol_8h.html" title="/Users/doug/src/hypertable/src/cc/DfsBroker/Lib/Protocol.h" alt="" coords="6424,80,6800,107">
<area shape="rect" href="$_hyperspace_2_event_8h.html" title="/Users/doug/src/hypertable/src/cc/Hyperspace/Event.h" alt="" coords="6824,80,7173,107">
<area shape="rect" href="$_hyperspace_2_protocol_8h.html" title="/Users/doug/src/hypertable/src/cc/Hyperspace/Protocol.h" alt="" coords="2189,230,2555,256">
<area shape="rect" href="$_hyperspace_2_response_callback_open_8h.html" title="/Users/doug/src/hypertable/src/cc/Hyperspace/ResponseCallbackOpen.h" alt="" coords="7248,80,7709,107">
<area shape="rect" href="$_hyperspace_2_response_callback_open_8cc.html" title="/Users/doug/src/hypertable/src/cc/Hyperspace/ResponseCallbackOpen.cc" alt="" coords="7408,155,7875,182">
<area shape="rect" href="$_hyperspace_2_response_callback_exists_8h.html" title="/Users/doug/src/hypertable/src/cc/Hyperspace/ResponseCallbackExists.h" alt="" coords="7784,80,8248,107">
<area shape="rect" href="$_hyperspace_2_response_callback_exists_8cc.html" title="/Users/doug/src/hypertable/src/cc/Hyperspace/ResponseCallbackExists.cc" alt="" coords="7911,155,8380,182">
<area shape="rect" href="$_response_callback_attr_get_8h.html" title="/Users/doug/src/hypertable/src/cc/Hyperspace/ResponseCallbackAttrGet.h" alt="" coords="8323,80,8795,107">
<area shape="rect" href="$_response_callback_attr_get_8cc.html" title="/Users/doug/src/hypertable/src/cc/Hyperspace/ResponseCallbackAttrGet.cc" alt="" coords="8427,155,8904,182">
<area shape="rect" href="$_response_callback_lock_8h.html" title="/Users/doug/src/hypertable/src/cc/Hyperspace/ResponseCallbackLock.h" alt="" coords="8869,80,9325,107">
<area shape="rect" href="$_response_callback_lock_8cc.html" title="/Users/doug/src/hypertable/src/cc/Hyperspace/ResponseCallbackLock.cc" alt="" coords="8975,155,9439,182">
<area shape="rect" href="$_hyperspace_2_response_callback_readdir_8h.html" title="/Users/doug/src/hypertable/src/cc/Hyperspace/ResponseCallbackReaddir.h" alt="" coords="9400,80,9877,107">
<area shape="rect" href="$_hyperspace_2_response_callback_readdir_8cc.html" title="/Users/doug/src/hypertable/src/cc/Hyperspace/ResponseCallbackReaddir.cc" alt="" coords="9556,155,10039,182">
<area shape="rect" href="$_master_protocol_8h.html" title="/Users/doug/src/hypertable/src/cc/Hypertable/Lib/MasterProtocol.h" alt="" coords="9952,80,10376,107">
<area shape="rect" href="$_range_server_protocol_8cc.html" title="/Users/doug/src/hypertable/src/cc/Hypertable/Lib/RangeServerProtocol.cc" alt="" coords="10400,80,10867,107">
<area shape="rect" href="$_types_8cc.html" title="/Users/doug/src/hypertable/src/cc/Hypertable/Lib/Types.cc" alt="" coords="10891,80,11264,107">
<area shape="rect" href="$_response_callback_get_schema_8h.html" title="/Users/doug/src/hypertable/src/cc/Hypertable/Master/ResponseCallbackGetSchema.h" alt="" coords="11288,80,11827,107">
<area shape="rect" href="$_response_callback_get_schema_8cc.html" title="/Users/doug/src/hypertable/src/cc/Hypertable/Master/ResponseCallbackGetSchema.cc" alt="" coords="11439,155,11983,182">
<area shape="rect" href="$_response_callback_create_scanner_8h.html" title="/Users/doug/src/hypertable/src/cc/Hypertable/RangeServer/ResponseCallbackCreateScanner.h" alt="" coords="11901,80,12499,107">
<area shape="rect" href="$_response_callback_fetch_scanblock_8h.html" title="/Users/doug/src/hypertable/src/cc/Hypertable/RangeServer/ResponseCallbackFetchScanblock.h" alt="" coords="12523,80,13125,107">
<area shape="rect" href="$_response_callback_update_8h.html" title="/Users/doug/src/hypertable/src/cc/Hypertable/RangeServer/ResponseCallbackUpdate.h" alt="" coords="13149,80,13699,107">
<area shape="rect" href="$_handler_map_8h.html" title="/Users/doug/src/hypertable/src/cc/AsyncComm/HandlerMap.h" alt="" coords="1469,155,1864,182">
<area shape="rect" href="$_comm_8cc.html" title="/Users/doug/src/hypertable/src/cc/AsyncComm/Comm.cc" alt="" coords="524,304,889,331">
<area shape="rect" href="$_i_o_handler_accept_8cc.html" title="/Users/doug/src/hypertable/src/cc/AsyncComm/IOHandlerAccept.cc" alt="" coords="757,230,1187,256">
<area shape="rect" href="$_reactor_runner_8cc.html" title="/Users/doug/src/hypertable/src/cc/AsyncComm/ReactorRunner.cc" alt="" coords="1211,230,1629,256">
<area shape="rect" href="$_i_o_handler_data_8cc.html" title="/Users/doug/src/hypertable/src/cc/AsyncComm/IOHandlerData.cc" alt="" coords="88,155,507,182">
<area shape="rect" href="$_reactor_8cc.html" title="/Users/doug/src/hypertable/src/cc/AsyncComm/Reactor.cc" alt="" coords="531,155,904,182">
<area shape="rect" href="$_request_cache_8cc.html" title="/Users/doug/src/hypertable/src/cc/AsyncComm/RequestCache.cc" alt="" coords="928,155,1344,182">
