<area shape="rect" href="$_compat_8h.html" title="Common/Compat.h" alt="" coords="55,80,194,107">
<area shape="rect" href="$_compressor_factory_8h.html" title="CompressorFactory.h" alt="" coords="658,80,810,107">
<area shape="rect" href="$_block_compression_codec_bmz_8h.html" title="BlockCompressionCodecBmz.h" alt="" coords="420,80,634,107">
<area shape="rect" href="$_block_compression_codec_none_8h.html" title="BlockCompressionCodecNone.h" alt="" coords="834,80,1052,107">
<area shape="rect" href="$_block_compression_codec_zlib_8h.html" title="BlockCompressionCodecZlib.h" alt="" coords="1562,80,1770,107">
<area shape="rect" href="$_block_compression_codec_lzo_8h.html" title="BlockCompressionCodecLzo.h" alt="" coords="1076,80,1284,107">
<area shape="rect" href="$_block_compression_codec_quicklz_8h.html" title="BlockCompressionCodecQuicklz.h" alt="" coords="1308,80,1538,107">
<area shape="rect" href="$compat&#45;c_8h.html" title="compat&#45;c.h" alt="" coords="250,155,338,181">
<area shape="rect" href="$_sweetener_8h.html" title="Sweetener.h" alt="" coords="48,155,147,181">
<area shape="rect" href="$_string_8h.html" title="string.h" alt="" coords="427,453,494,480">
<area shape="rect" href="$_block_compression_codec_8h.html" title="BlockCompressionCodec.h" alt="" coords="879,155,1066,181">
<area shape="rect" href="$_thread_8h.html" title="Common/Thread.h" alt="" coords="667,229,803,256">
<area shape="rect" href="$_error_8h.html" title="Error.h" alt="" coords="808,379,872,405">
<area shape="rect" href="$_reference_count_8h.html" title="Common/ReferenceCount.h" alt="" coords="878,229,1067,256">
<area shape="rect" href="$_block_compression_header_8h.html" title="BlockCompressionHeader.h" alt="" coords="1091,229,1283,256">
<area shape="rect" href="$_logger_8h.html" title="Common/Logger.h" alt="" coords="504,304,638,331">
<area shape="rect" href="$_fixed_stream_8h.html" title="FixedStream.h" alt="" coords="504,379,614,405">
<area shape="rect" href="$atomic_8h.html" title="atomic.h" alt="" coords="1064,304,1139,331">
<area shape="rect" href="$_dynamic_buffer_8h.html" title="Common/DynamicBuffer.h" alt="" coords="436,155,618,181">
