<area shape="rect" href="$_interactive_command_8h.html" title="Common/InteractiveCommand.h" alt="" coords="119,80,337,107">
<area shape="rect" href="$_dfs_broker_2_lib_2_client_8h.html" title="DfsBroker/Lib/Client.h" alt="" coords="656,80,811,107">
<area shape="rect" href="$_hash_map_8h.html" title="Common/HashMap.h" alt="" coords="323,379,472,406">
<area shape="rect" href="$_properties_8h.html" title="Common/Properties.h" alt="" coords="316,230,471,256">
<area shape="rect" href="$_dispatch_handler_synchronizer_8h.html" title="AsyncComm/DispatchHandlerSynchronizer.h" alt="" coords="585,155,881,182">
<area shape="rect" href="$_connection_manager_8h.html" title="AsyncComm/ConnectionManager.h" alt="" coords="1140,155,1377,182">
<area shape="rect" href="$_filesystem_8h.html" title="Hypertable/Lib/Filesystem.h" alt="" coords="1731,155,1920,182">
<area shape="rect" href="$_client_buffered_reader_handler_8h.html" title="ClientBufferedReaderHandler.h" alt="" coords="905,155,1116,182">
<area shape="rect" href="$_dfs_broker_2_lib_2_protocol_8h.html" title="Protocol.h" alt="" coords="2065,155,2148,182">
<area shape="rect" href="$_reference_count_8h.html" title="ReferenceCount.h" alt="" coords="1232,379,1363,406">
<area shape="rect" href="$_string_ext_8h.html" title="StringExt.h" alt="" coords="501,304,589,331">
<area shape="rect" href="$atomic_8h.html" title="atomic.h" alt="" coords="1541,454,1616,480">
<area shape="rect" href="$_dispatch_handler_8h.html" title="DispatchHandler.h" alt="" coords="1127,230,1260,256">
<area shape="rect" href="$_async_comm_2_event_8h.html" title="Event.h" alt="" coords="1335,304,1401,331">
<area shape="rect" href="$_header_8h.html" title="Header.h" alt="" coords="1691,379,1768,406">
<area shape="rect" href="$_time_8h.html" title="time.h" alt="" coords="1335,230,1393,256">
<area shape="rect" href="$_sock_addr_map_8h.html" title="Common/SockAddrMap.h" alt="" coords="964,304,1143,331">
<area shape="rect" href="$_string_8h.html" title="Common/String.h" alt="" coords="2688,528,2816,555">
<area shape="rect" href="$_static_buffer_8h.html" title="Common/StaticBuffer.h" alt="" coords="2592,304,2755,331">
<area shape="rect" href="$_dynamic_buffer_8h.html" title="DynamicBuffer.h" alt="" coords="2440,379,2563,406">
<area shape="rect" href="$_comm_buf_8h.html" title="AsyncComm/CommBuf.h" alt="" coords="2227,230,2403,256">
<area shape="rect" href="$_async_comm_2_protocol_8h.html" title="AsyncComm/Protocol.h" alt="" coords="1817,230,1983,256">
<area shape="rect" href="$_byte_string_8h.html" title="Common/ByteString.h" alt="" coords="2123,304,2277,331">
<area shape="rect" href="$_serialization_8h.html" title="Serialization.h" alt="" coords="2307,379,2416,406">
<area shape="rect" href="$_logger_8h.html" title="Common/Logger.h" alt="" coords="2380,454,2513,480">
<area shape="rect" href="$_header_builder_8h.html" title="HeaderBuilder.h" alt="" coords="1707,304,1827,331">
