<area shape="rect" href="$_reference_count_8h.html" title="Common/ReferenceCount.h" alt="" coords="135,453,324,480">
<area shape="rect" href="$_string_8h.html" title="Common/String.h" alt="" coords="996,453,1124,480">
<area shape="rect" href="$_hash_map_8h.html" title="Common/HashMap.h" alt="" coords="2026,80,2175,107">
<area shape="rect" href="$_block_compression_codec_8h.html" title="BlockCompressionCodec.h" alt="" coords="988,155,1175,181">
<area shape="rect" href="$_block_compression_header_commit_log_8h.html" title="BlockCompressionHeaderCommitLog.h" alt="" coords="652,229,911,256">
<area shape="rect" href="$_commit_log_base_8h.html" title="CommitLogBase.h" alt="" coords="611,80,744,107">
<area shape="rect" href="$_commit_log_block_stream_8h.html" title="CommitLogBlockStream.h" alt="" coords="424,155,603,181">
<area shape="rect" href="$_filesystem_8h.html" title="Filesystem.h" alt="" coords="378,229,476,256">
<area shape="rect" href="$_key_8h.html" title="Key.h" alt="" coords="1612,80,1668,107">
<area shape="rect" href="$atomic_8h.html" title="atomic.h" alt="" coords="192,528,267,555">
<area shape="rect" href="$_thread_8h.html" title="Common/Thread.h" alt="" coords="1170,229,1306,256">
<area shape="rect" href="$_error_8h.html" title="Common/Error.h" alt="" coords="1612,304,1735,331">
<area shape="rect" href="$_block_compression_header_8h.html" title="BlockCompressionHeader.h" alt="" coords="839,304,1031,331">
<area shape="rect" href="$_logger_8h.html" title="Common/Logger.h" alt="" coords="1455,304,1588,331">
<area shape="rect" href="$_fixed_stream_8h.html" title="FixedStream.h" alt="" coords="1420,379,1530,405">
<area shape="rect" href="$_dynamic_buffer_8h.html" title="Common/DynamicBuffer.h" alt="" coords="842,379,1023,405">
<area shape="rect" href="$_static_buffer_8h.html" title="Common/StaticBuffer.h" alt="" coords="551,304,714,331">
<area shape="rect" href="$_dispatch_handler_8h.html" title="AsyncComm/DispatchHandler.h" alt="" coords="210,304,426,331">
<area shape="rect" href="$_async_comm_2_event_8h.html" title="Event.h" alt="" coords="359,379,426,405">
<area shape="rect" href="$_header_8h.html" title="Header.h" alt="" coords="460,453,538,480">
<area shape="rect" href="$_byte_string_8h.html" title="Common/ByteString.h" alt="" coords="1563,155,1718,181">
<area shape="rect" href="$_serialization_8h.html" title="Serialization.h" alt="" coords="1586,229,1695,256">
