<area shape="rect" href="$_error_8h.html" title="Common/Error.h" alt="" coords="2784,379,2907,406">
<area shape="rect" href="$_command_rmdir_8h.html" title="CommandRmdir.h" alt="" coords="722,80,855,107">
<area shape="rect" href="$_string_8h.html" title="Common/String.h" alt="" coords="2320,528,2448,555">
<area shape="rect" href="$_interactive_command_8h.html" title="Common/InteractiveCommand.h" alt="" coords="47,155,266,182">
<area shape="rect" href="$_dfs_broker_2_lib_2_client_8h.html" title="DfsBroker/Lib/Client.h" alt="" coords="898,155,1052,182">
<area shape="rect" href="$_hash_map_8h.html" title="Common/HashMap.h" alt="" coords="1444,454,1594,480">
<area shape="rect" href="$_properties_8h.html" title="Common/Properties.h" alt="" coords="1367,304,1522,331">
<area shape="rect" href="$_dispatch_handler_synchronizer_8h.html" title="AsyncComm/DispatchHandlerSynchronizer.h" alt="" coords="302,230,598,256">
<area shape="rect" href="$_connection_manager_8h.html" title="AsyncComm/ConnectionManager.h" alt="" coords="856,230,1094,256">
<area shape="rect" href="$_filesystem_8h.html" title="Hypertable/Lib/Filesystem.h" alt="" coords="1635,230,1824,256">
<area shape="rect" href="$_client_buffered_reader_handler_8h.html" title="ClientBufferedReaderHandler.h" alt="" coords="622,230,832,256">
<area shape="rect" href="$_dfs_broker_2_lib_2_protocol_8h.html" title="Protocol.h" alt="" coords="1886,230,1968,256">
<area shape="rect" href="$_reference_count_8h.html" title="ReferenceCount.h" alt="" coords="988,454,1119,480">
<area shape="rect" href="$_string_ext_8h.html" title="StringExt.h" alt="" coords="1596,379,1684,406">
<area shape="rect" href="$atomic_8h.html" title="atomic.h" alt="" coords="874,528,948,555">
<area shape="rect" href="$_dispatch_handler_8h.html" title="DispatchHandler.h" alt="" coords="676,304,810,331">
<area shape="rect" href="$_async_comm_2_event_8h.html" title="Event.h" alt="" coords="1348,379,1415,406">
<area shape="rect" href="$_header_8h.html" title="Header.h" alt="" coords="1668,454,1746,480">
<area shape="rect" href="$_time_8h.html" title="time.h" alt="" coords="935,304,994,331">
<area shape="rect" href="$_sock_addr_map_8h.html" title="Common/SockAddrMap.h" alt="" coords="626,379,804,406">
<area shape="rect" href="$_static_buffer_8h.html" title="Common/StaticBuffer.h" alt="" coords="1920,379,2083,406">
<area shape="rect" href="$_dynamic_buffer_8h.html" title="DynamicBuffer.h" alt="" coords="2010,454,2132,480">
<area shape="rect" href="$_comm_buf_8h.html" title="AsyncComm/CommBuf.h" alt="" coords="2208,304,2384,331">
<area shape="rect" href="$_async_comm_2_protocol_8h.html" title="AsyncComm/Protocol.h" alt="" coords="1647,304,1812,331">
<area shape="rect" href="$_byte_string_8h.html" title="Common/ByteString.h" alt="" coords="2347,379,2502,406">
<area shape="rect" href="$_logger_8h.html" title="Common/Logger.h" alt="" coords="2526,379,2659,406">
