<area shape="rect" href="$_compat_8h.html" title="Common/Compat.h" alt="" coords="573,100,712,127">
<area shape="rect" href="$_file_utils_8h.html" title="Common/FileUtils.h" alt="" coords="2136,100,2277,127">
<area shape="rect" href="$_system_8h.html" title="Common/System.h" alt="" coords="107,249,243,276">
<area shape="rect" href="$_usage_8h.html" title="Common/Usage.h" alt="" coords="2520,100,2651,127">
<area shape="rect" href="$_application_queue_8h.html" title="AsyncComm/ApplicationQueue.h" alt="" coords="1141,249,1363,276">
<area shape="rect" href="$_comm_8h.html" title="AsyncComm/Comm.h" alt="" coords="1060,100,1215,127">
<area shape="rect" href="$_dfs_broker_2_lib_2_config_8h.html" title="DfsBroker/Lib/Config.h" alt="" coords="2675,100,2832,127">
<area shape="rect" href="$_dfs_broker_2_lib_2_connection_handler_factory_8h.html" title="DfsBroker/Lib/ConnectionHandlerFactory.h" alt="" coords="1588,100,1871,127">
<area shape="rect" href="$_kosmos_broker_8h.html" title="KosmosBroker.h" alt="" coords="1939,175,2061,201">
<area shape="rect" href="$compat&#45;c_8h.html" title="compat&#45;c.h" alt="" coords="599,175,687,201">
<area shape="rect" href="$_sweetener_8h.html" title="Sweetener.h" alt="" coords="411,175,509,201">
<area shape="rect" href="$_string_8h.html" title="string.h" alt="" coords="759,473,825,500">
<area shape="rect" href="$_mutex_8h.html" title="Common/Mutex.h" alt="" coords="627,324,755,351">
<area shape="rect" href="$_logger_8h.html" title="Common/Logger.h" alt="" coords="725,399,859,425">
<area shape="rect" href="$_thread_8h.html" title="Common/Thread.h" alt="" coords="1179,324,1315,351">
<area shape="rect" href="$_hash_map_8h.html" title="Common/HashMap.h" alt="" coords="1288,399,1437,425">
<area shape="rect" href="$_reference_count_8h.html" title="Common/ReferenceCount.h" alt="" coords="1795,324,1984,351">
<area shape="rect" href="$_string_ext_8h.html" title="Common/StringExt.h" alt="" coords="1624,324,1771,351">
<area shape="rect" href="$_application_handler_8h.html" title="ApplicationHandler.h" alt="" coords="1389,324,1539,351">
<area shape="rect" href="$atomic_8h.html" title="atomic.h" alt="" coords="1913,399,1988,425">
<area shape="rect" href="$_dispatch_handler_8h.html" title="DispatchHandler.h" alt="" coords="1556,249,1689,276">
<area shape="rect" href="$_comm_buf_8h.html" title="CommBuf.h" alt="" coords="843,249,936,276">
<area shape="rect" href="$_async_comm_2_connection_handler_factory_8h.html" title="ConnectionHandlerFactory.h" alt="" coords="1391,175,1585,201">
<area shape="rect" href="$_handler_map_8h.html" title="HandlerMap.h" alt="" coords="1011,249,1117,276">
<area shape="rect" href="$_async_comm_2_config_8h.html" title="AsyncComm/Config.h" alt="" coords="2676,175,2831,201">
<area shape="rect" href="$_dfs_broker_2_lib_2_connection_handler_8h.html" title="ConnectionHandler.h" alt="" coords="1711,175,1860,201">
<area shape="rect" href="$_broker_8h.html" title="Broker.h" alt="" coords="1713,249,1788,276">
<area shape="rect" href="$_properties_8h.html" title="Common/Properties.h" alt="" coords="1812,249,1967,276">
