<area shape="rect" href="$_compat_8h.html" title="Common/Compat.h" alt="" coords="227,80,365,107">
<area shape="rect" href="$_error_8h.html" title="Common/Error.h" alt="" coords="851,454,973,480">
<area shape="rect" href="$_file_utils_8h.html" title="Common/FileUtils.h" alt="" coords="2872,80,3013,107">
<area shape="rect" href="$_inet_addr_8h.html" title="Common/InetAddr.h" alt="" coords="440,304,584,331">
<area shape="rect" href="$_init_8h.html" title="Common/Init.h" alt="" coords="369,155,479,182">
<area shape="rect" href="$_usage_8h.html" title="Common/Usage.h" alt="" coords="3341,80,3472,107">
<area shape="rect" href="$_application_queue_8h.html" title="AsyncComm/ApplicationQueue.h" alt="" coords="2033,230,2255,256">
<area shape="rect" href="$_comm_8h.html" title="AsyncComm/Comm.h" alt="" coords="1535,155,1689,182">
<area shape="rect" href="$_dfs_broker_2_lib_2_config_8h.html" title="DfsBroker/Lib/Config.h" alt="" coords="1188,80,1345,107">
<area shape="rect" href="$_dfs_broker_2_lib_2_connection_handler_factory_8h.html" title="DfsBroker/Lib/ConnectionHandlerFactory.h" alt="" coords="1967,80,2249,107">
<area shape="rect" href="$_local_broker_8h.html" title="LocalBroker.h" alt="" coords="2640,230,2747,256">
<area shape="rect" href="$compat&#45;c_8h.html" title="compat&#45;c.h" alt="" coords="135,155,223,182">
<area shape="rect" href="$_sweetener_8h.html" title="Sweetener.h" alt="" coords="247,155,345,182">
<area shape="rect" href="$_string_8h.html" title="string.h" alt="" coords="975,528,1041,555">
<area shape="rect" href="$_common_2_config_8h.html" title="Common/Config.h" alt="" coords="708,230,839,256">
<area shape="rect" href="$_system_8h.html" title="Common/System.h" alt="" coords="343,230,479,256">
<area shape="rect" href="$_mutex_8h.html" title="Common/Mutex.h" alt="" coords="709,304,837,331">
<area shape="rect" href="$_logger_8h.html" title="Common/Logger.h" alt="" coords="912,379,1045,406">
<area shape="rect" href="$_properties_8h.html" title="Common/Properties.h" alt="" coords="1080,304,1235,331">
<area shape="rect" href="$_reference_count_8h.html" title="Common/ReferenceCount.h" alt="" coords="1631,379,1820,406">
<area shape="rect" href="$atomic_8h.html" title="atomic.h" alt="" coords="2188,454,2263,480">
<area shape="rect" href="$_thread_8h.html" title="Common/Thread.h" alt="" coords="1816,304,1952,331">
<area shape="rect" href="$_hash_map_8h.html" title="Common/HashMap.h" alt="" coords="2417,379,2567,406">
<area shape="rect" href="$_string_ext_8h.html" title="Common/StringExt.h" alt="" coords="2363,304,2509,331">
<area shape="rect" href="$_application_handler_8h.html" title="ApplicationHandler.h" alt="" coords="2189,304,2339,331">
<area shape="rect" href="$_dispatch_handler_8h.html" title="DispatchHandler.h" alt="" coords="1659,304,1792,331">
<area shape="rect" href="$_comm_buf_8h.html" title="CommBuf.h" alt="" coords="963,304,1056,331">
<area shape="rect" href="$_async_comm_2_connection_handler_factory_8h.html" title="ConnectionHandlerFactory.h" alt="" coords="1764,230,1959,256">
<area shape="rect" href="$_handler_map_8h.html" title="HandlerMap.h" alt="" coords="1143,230,1249,256">
<area shape="rect" href="$_async_comm_2_config_8h.html" title="AsyncComm/Config.h" alt="" coords="876,155,1031,182">
<area shape="rect" href="$_dfs_broker_2_lib_2_connection_handler_8h.html" title="ConnectionHandler.h" alt="" coords="1977,155,2127,182">
<area shape="rect" href="$_broker_8h.html" title="Broker.h" alt="" coords="2584,304,2659,331">
