<area shape="rect" href="$_dispatch_handler_synchronizer_8cc.html" title="/Users/doug/src/hypertable/src/cc/AsyncComm/DispatchHandlerSynchronizer.cc" alt="" coords="9763,80,10269,107">
<area shape="rect" href="$_dfs_broker_2_lib_2_client_8h.html" title="/Users/doug/src/hypertable/src/cc/DfsBroker/Lib/Client.h" alt="" coords="5503,230,5865,256">
<area shape="rect" href="$_session_8cc.html" title="/Users/doug/src/hypertable/src/cc/Hyperspace/Session.cc" alt="" coords="10896,80,11267,107">
<area shape="rect" href="$_table_scanner_8h.html" title="/Users/doug/src/hypertable/src/cc/Hypertable/Lib/TableScanner.h" alt="" coords="10451,155,10867,182">
<area shape="rect" href="$_interval_scanner_8h.html" title="/Users/doug/src/hypertable/src/cc/Hypertable/Lib/IntervalScanner.h" alt="" coords="10445,80,10872,107">
<area shape="rect" href="$_master_client_8cc.html" title="/Users/doug/src/hypertable/src/cc/Hypertable/Lib/MasterClient.cc" alt="" coords="11291,80,11704,107">
<area shape="rect" href="$_range_server_client_8cc.html" title="/Users/doug/src/hypertable/src/cc/Hypertable/Lib/RangeServerClient.cc" alt="" coords="11728,80,12179,107">
<area shape="rect" href="$_cell_store_v0_8h.html" title="/Users/doug/src/hypertable/src/cc/Hypertable/RangeServer/CellStoreV0.h" alt="" coords="1083,155,1549,182">
<area shape="rect" href="$_range_server_command_interpreter_8cc.html" title="/Users/doug/src/hypertable/src/cc/Tools/rsclient/RangeServerCommandInterpreter.cc" alt="" coords="12203,80,12739,107">
<area shape="rect" href="$_dfs_broker_2_lib_2_client_8cc.html" title="/Users/doug/src/hypertable/src/cc/DfsBroker/Lib/Client.cc" alt="" coords="8171,304,8539,331">
<area shape="rect" href="$_client_buffered_reader_handler_8cc.html" title="/Users/doug/src/hypertable/src/cc/DfsBroker/Lib/ClientBufferedReaderHandler.cc" alt="" coords="8563,304,9075,331">
<area shape="rect" href="$_hyperspace_2_master_8cc.html" title="/Users/doug/src/hypertable/src/cc/Hyperspace/Master.cc" alt="" coords="1472,304,1835,331">
<area shape="rect" href="$htgc_8cc.html" title="/Users/doug/src/hypertable/src/cc/Hypertable/Master/htgc.cc" alt="" coords="9525,304,9912,331">
<area shape="rect" href="$_hypertable_2_master_2_master_8cc.html" title="/Users/doug/src/hypertable/src/cc/Hypertable/Master/Master.cc" alt="" coords="9099,304,9501,331">
<area shape="rect" href="$count__stored_8cc.html" title="/Users/doug/src/hypertable/src/cc/Hypertable/RangeServer/count_stored.cc" alt="" coords="971,304,1448,331">
<area shape="rect" href="$csdump_8cc.html" title="/Users/doug/src/hypertable/src/cc/Hypertable/RangeServer/csdump.cc" alt="" coords="501,304,947,331">
<area shape="rect" href="$_range_server_8cc.html" title="/Users/doug/src/hypertable/src/cc/Hypertable/RangeServer/RangeServer.cc" alt="" coords="1859,304,2336,331">
<area shape="rect" href="$_command_copy_from_local_8h.html" title="/Users/doug/src/hypertable/src/cc/Tools/dfsclient/CommandCopyFromLocal.h" alt="" coords="2360,304,2851,331">
<area shape="rect" href="$_command_copy_to_local_8h.html" title="/Users/doug/src/hypertable/src/cc/Tools/dfsclient/CommandCopyToLocal.h" alt="" coords="4741,304,5216,331">
<area shape="rect" href="$_command_exists_8h.html" title="/Users/doug/src/hypertable/src/cc/Tools/dfsclient/CommandExists.h" alt="" coords="5696,304,6128,331">
<area shape="rect" href="$_command_length_8h.html" title="/Users/doug/src/hypertable/src/cc/Tools/dfsclient/CommandLength.h" alt="" coords="2875,304,3309,331">
<area shape="rect" href="$_command_mkdirs_8h.html" title="/Users/doug/src/hypertable/src/cc/Tools/dfsclient/CommandMkdirs.h" alt="" coords="3333,304,3768,331">
<area shape="rect" href="$_command_remove_8h.html" title="/Users/doug/src/hypertable/src/cc/Tools/dfsclient/CommandRemove.h" alt="" coords="3792,304,4237,331">
<area shape="rect" href="$_command_rmdir_8h.html" title="/Users/doug/src/hypertable/src/cc/Tools/dfsclient/CommandRmdir.h" alt="" coords="5240,304,5672,331">
<area shape="rect" href="$_command_shutdown_8h.html" title="/Users/doug/src/hypertable/src/cc/Tools/dfsclient/CommandShutdown.h" alt="" coords="4261,304,4717,331">
<area shape="rect" href="$dfs_test_8cc.html" title="/Users/doug/src/hypertable/src/cc/Tools/dfsclient/dfsTest.cc" alt="" coords="6152,304,6533,331">
<area shape="rect" href="$dumplog_8cc.html" title="/Users/doug/src/hypertable/src/cc/Tools/dumplog/dumplog.cc" alt="" coords="6557,304,6949,331">
<area shape="rect" href="$rsdump_8cc.html" title="/Users/doug/src/hypertable/src/cc/Tools/rsdump/rsdump.cc" alt="" coords="6973,304,7352,331">
<area shape="rect" href="$rsstat_8cc.html" title="/Users/doug/src/hypertable/src/cc/Tools/rsstat/rsstat.cc" alt="" coords="7376,304,7731,331">
<area shape="rect" href="$serverup_8cc.html" title="/Users/doug/src/hypertable/src/cc/Tools/serverup/serverup.cc" alt="" coords="7755,304,8147,331">
<area shape="rect" href="$_command_copy_from_local_8cc.html" title="/Users/doug/src/hypertable/src/cc/Tools/dfsclient/CommandCopyFromLocal.cc" alt="" coords="2329,379,2825,406">
<area shape="rect" href="$dfsclient_8cc.html" title="/Users/doug/src/hypertable/src/cc/Tools/dfsclient/dfsclient.cc" alt="" coords="4291,379,4677,406">
<area shape="rect" href="$dfs_test_thread_function_8cc.html" title="/Users/doug/src/hypertable/src/cc/Tools/dfsclient/dfsTestThreadFunction.cc" alt="" coords="3316,379,3793,406">
<area shape="rect" href="$_command_copy_to_local_8cc.html" title="/Users/doug/src/hypertable/src/cc/Tools/dfsclient/CommandCopyToLocal.cc" alt="" coords="4739,379,5219,406">
<area shape="rect" href="$_command_exists_8cc.html" title="/Users/doug/src/hypertable/src/cc/Tools/dfsclient/CommandExists.cc" alt="" coords="5693,379,6131,406">
<area shape="rect" href="$_command_length_8cc.html" title="/Users/doug/src/hypertable/src/cc/Tools/dfsclient/CommandLength.cc" alt="" coords="2849,379,3292,406">
<area shape="rect" href="$_command_mkdirs_8cc.html" title="/Users/doug/src/hypertable/src/cc/Tools/dfsclient/CommandMkdirs.cc" alt="" coords="3817,379,4257,406">
<area shape="rect" href="$_hypertable_2_lib_2_client_8h.html" title="/Users/doug/src/hypertable/src/cc/Hypertable/Lib/Client.h" alt="" coords="9155,230,9520,256">
<area shape="rect" href="$_hql_interpreter_8h.html" title="/Users/doug/src/hypertable/src/cc/Hypertable/Lib/HqlInterpreter.h" alt="" coords="10980,230,11393,256">
<area shape="rect" href="$_table_8cc.html" title="/Users/doug/src/hypertable/src/cc/Hypertable/Lib/Table.cc" alt="" coords="11417,230,11788,256">
<area shape="rect" href="$_table_scanner_8cc.html" title="/Users/doug/src/hypertable/src/cc/Hypertable/Lib/TableScanner.cc" alt="" coords="11812,230,12233,256">
<area shape="rect" href="$_metadata_normal_8h.html" title="/Users/doug/src/hypertable/src/cc/Hypertable/RangeServer/MetadataNormal.h" alt="" coords="10412,230,10905,256">
<area shape="rect" href="$_metadata_normal_8cc.html" title="/Users/doug/src/hypertable/src/cc/Hypertable/RangeServer/MetadataNormal.cc" alt="" coords="10901,304,11400,331">
<area shape="rect" href="$_metadata_root_8h.html" title="/Users/doug/src/hypertable/src/cc/Hypertable/RangeServer/MetadataRoot.h" alt="" coords="9908,230,10388,256">
<area shape="rect" href="$_access_group_8cc.html" title="/Users/doug/src/hypertable/src/cc/Hypertable/RangeServer/AccessGroup.cc" alt="" coords="9936,304,10416,331">
<area shape="rect" href="$_range_8cc.html" title="/Users/doug/src/hypertable/src/cc/Hypertable/RangeServer/Range.cc" alt="" coords="10440,304,10877,331">
<area shape="rect" href="$_interval_scanner_8cc.html" title="/Users/doug/src/hypertable/src/cc/Hypertable/Lib/IntervalScanner.cc" alt="" coords="10891,155,11323,182">
<area shape="rect" href="$_cell_store_scanner_v0_8h.html" title="/Users/doug/src/hypertable/src/cc/Hypertable/RangeServer/CellStoreScannerV0.h" alt="" coords="761,230,1279,256">
<area shape="rect" href="$_cell_store_v0_8cc.html" title="/Users/doug/src/hypertable/src/cc/Hypertable/RangeServer/CellStoreV0.cc" alt="" coords="5,304,477,331">
