<area shape="rect" href="$_compat_8h.html" title="Common/Compat.h" alt="" coords="272,80,411,107">
<area shape="rect" href="$_error_8h.html" title="Common/Error.h" alt="" coords="1032,528,1155,555">
<area shape="rect" href="$_logger_8h.html" title="Common/Logger.h" alt="" coords="1310,453,1443,480">
<area shape="rect" href="$_system_8h.html" title="Common/System.h" alt="" coords="424,304,560,331">
<area shape="rect" href="$_master_client_8h.html" title="MasterClient.h" alt="" coords="2286,155,2395,181">
<area shape="rect" href="$_event_handler_master_change_8h.html" title="EventHandlerMasterChange.h" alt="" coords="1520,80,1726,107">
<area shape="rect" href="$compat&#45;c_8h.html" title="compat&#45;c.h" alt="" coords="298,155,386,181">
<area shape="rect" href="$_sweetener_8h.html" title="Sweetener.h" alt="" coords="99,155,198,181">
<area shape="rect" href="$_string_8h.html" title="string.h" alt="" coords="1195,603,1262,629">
<area shape="rect" href="$_fixed_stream_8h.html" title="FixedStream.h" alt="" coords="1775,528,1884,555">
<area shape="rect" href="$_mutex_8h.html" title="Common/Mutex.h" alt="" coords="854,379,982,405">
<area shape="rect" href="$_application_queue_8h.html" title="AsyncComm/ApplicationQueue.h" alt="" coords="1342,304,1563,331">
<area shape="rect" href="$_reference_count_8h.html" title="Common/ReferenceCount.h" alt="" coords="2407,528,2596,555">
<area shape="rect" href="$_comm_buf_8h.html" title="CommBuf.h" alt="" coords="2566,379,2659,405">
<area shape="rect" href="$_connection_manager_8h.html" title="AsyncComm/ConnectionManager.h" alt="" coords="2155,304,2392,331">
<area shape="rect" href="$_timer_8h.html" title="Common/Timer.h" alt="" coords="1952,379,2080,405">
<area shape="rect" href="$_dispatch_handler_8h.html" title="DispatchHandler.h" alt="" coords="2307,379,2440,405">
<area shape="rect" href="$_handle_callback_8h.html" title="Hyperspace/HandleCallback.h" alt="" coords="2835,304,3038,331">
<area shape="rect" href="$_session_8h.html" title="Hyperspace/Session.h" alt="" coords="2340,229,2498,256">
<area shape="rect" href="$_types_8h.html" title="Hypertable/Lib/Types.h" alt="" coords="1158,304,1318,331">
<area shape="rect" href="$_thread_8h.html" title="Common/Thread.h" alt="" coords="1158,379,1294,405">
<area shape="rect" href="$_hash_map_8h.html" title="Common/HashMap.h" alt="" coords="984,453,1134,480">
<area shape="rect" href="$_string_ext_8h.html" title="Common/StringExt.h" alt="" coords="683,379,830,405">
<area shape="rect" href="$_application_handler_8h.html" title="ApplicationHandler.h" alt="" coords="1571,379,1720,405">
<area shape="rect" href="$_async_comm_2_event_8h.html" title="Event.h" alt="" coords="1467,453,1534,480">
<area shape="rect" href="$_runnable_8h.html" title="Common/Runnable.h" alt="" coords="1660,155,1810,181">
