<area shape="rect" href="$_reactor_8h.html" title="/Users/doug/src/hypertable/src/cc/AsyncComm/Reactor.h" alt="" coords="10888,80,11256,107">
<area shape="rect" href="$_i_o_handler_8h.html" title="/Users/doug/src/hypertable/src/cc/AsyncComm/IOHandler.h" alt="" coords="10481,229,10865,256">
<area shape="rect" href="$_reactor_factory_8h.html" title="/Users/doug/src/hypertable/src/cc/AsyncComm/ReactorFactory.h" alt="" coords="10865,155,11279,181">
<area shape="rect" href="$_reactor_runner_8h.html" title="/Users/doug/src/hypertable/src/cc/AsyncComm/ReactorRunner.h" alt="" coords="11204,453,11617,480">
<area shape="rect" href="$_reactor_8cc.html" title="/Users/doug/src/hypertable/src/cc/AsyncComm/Reactor.cc" alt="" coords="9165,379,9539,405">
<area shape="rect" href="$_i_o_handler_8cc.html" title="/Users/doug/src/hypertable/src/cc/AsyncComm/IOHandler.cc" alt="" coords="11329,304,11719,331">
<area shape="rect" href="$_comm_8cc.html" title="/Users/doug/src/hypertable/src/cc/AsyncComm/Comm.cc" alt="" coords="10765,528,11131,555">
<area shape="rect" href="$_reactor_factory_8cc.html" title="/Users/doug/src/hypertable/src/cc/AsyncComm/ReactorFactory.cc" alt="" coords="11597,528,12016,555">
<area shape="rect" href="$_reactor_runner_8cc.html" title="/Users/doug/src/hypertable/src/cc/AsyncComm/ReactorRunner.cc" alt="" coords="11155,528,11573,555">
<area shape="rect" href="$csdump_8cc.html" title="/Users/doug/src/hypertable/src/cc/Hypertable/RangeServer/csdump.cc" alt="" coords="6439,677,6884,704">
<area shape="rect" href="$dfs_test_8cc.html" title="/Users/doug/src/hypertable/src/cc/Tools/dfsclient/dfsTest.cc" alt="" coords="8913,677,9295,704">
<area shape="rect" href="$dumplog_8cc.html" title="/Users/doug/src/hypertable/src/cc/Tools/dumplog/dumplog.cc" alt="" coords="9735,677,10127,704">
<area shape="rect" href="$rsdump_8cc.html" title="/Users/doug/src/hypertable/src/cc/Tools/rsdump/rsdump.cc" alt="" coords="6036,677,6415,704">
<area shape="rect" href="$rsstat_8cc.html" title="/Users/doug/src/hypertable/src/cc/Tools/rsstat/rsstat.cc" alt="" coords="7244,677,7599,704">
<area shape="rect" href="$serverup_8cc.html" title="/Users/doug/src/hypertable/src/cc/Tools/serverup/serverup.cc" alt="" coords="9319,677,9711,704">
<area shape="rect" href="$_hypertable_2_lib_2_client_8cc.html" title="/Users/doug/src/hypertable/src/cc/Hypertable/Lib/Client.cc" alt="" coords="9917,528,10288,555">
<area shape="rect" href="$_i_o_handler_accept_8cc.html" title="/Users/doug/src/hypertable/src/cc/AsyncComm/IOHandlerAccept.cc" alt="" coords="10312,528,10741,555">
<area shape="rect" href="$_async_comm_2_config_8cc.html" title="/Users/doug/src/hypertable/src/cc/AsyncComm/Config.cc" alt="" coords="10889,229,11255,256">
<area shape="rect" href="$_i_o_handler_data_8h.html" title="/Users/doug/src/hypertable/src/cc/AsyncComm/IOHandlerData.h" alt="" coords="10516,304,10927,331">
<area shape="rect" href="$_i_o_handler_accept_8h.html" title="/Users/doug/src/hypertable/src/cc/AsyncComm/IOHandlerAccept.h" alt="" coords="10529,453,10953,480">
<area shape="rect" href="$_i_o_handler_datagram_8h.html" title="/Users/doug/src/hypertable/src/cc/AsyncComm/IOHandlerDatagram.h" alt="" coords="9664,304,10107,331">
<area shape="rect" href="$_handler_map_8h.html" title="/Users/doug/src/hypertable/src/cc/AsyncComm/HandlerMap.h" alt="" coords="9664,379,10059,405">
<area shape="rect" href="$_i_o_handler_data_8cc.html" title="/Users/doug/src/hypertable/src/cc/AsyncComm/IOHandlerData.cc" alt="" coords="10083,379,10501,405">
<area shape="rect" href="$_request_cache_8cc.html" title="/Users/doug/src/hypertable/src/cc/AsyncComm/RequestCache.cc" alt="" coords="10525,379,10941,405">
<area shape="rect" href="$_comm_8h.html" title="/Users/doug/src/hypertable/src/cc/AsyncComm/Comm.h" alt="" coords="6600,453,6960,480">
<area shape="rect" href="$_i_o_handler_datagram_8cc.html" title="/Users/doug/src/hypertable/src/cc/AsyncComm/IOHandlerDatagram.cc" alt="" coords="6128,453,6576,480">
<area shape="rect" href="$_connection_manager_8cc.html" title="/Users/doug/src/hypertable/src/cc/AsyncComm/ConnectionManager.cc" alt="" coords="9240,603,9691,629">
<area shape="rect" href="$_connection_manager_8h.html" title="/Users/doug/src/hypertable/src/cc/AsyncComm/ConnectionManager.h" alt="" coords="9197,528,9640,555">
<area shape="rect" href="$_dfs_broker_2_lib_2_client_8h.html" title="/Users/doug/src/hypertable/src/cc/DfsBroker/Lib/Client.h" alt="" coords="8524,603,8887,629">
<area shape="rect" href="$_dfs_broker_2_lib_2_client_8cc.html" title="/Users/doug/src/hypertable/src/cc/DfsBroker/Lib/Client.cc" alt="" coords="8521,677,8889,704">
<area shape="rect" href="$_response_callback_8h.html" title="/Users/doug/src/hypertable/src/cc/AsyncComm/ResponseCallback.h" alt="" coords="6691,528,7125,555">
<area shape="rect" href="$sample_client_8cc.html" title="/Users/doug/src/hypertable/src/cc/AsyncComm/sampleClient.cc" alt="" coords="7149,528,7555,555">
<area shape="rect" href="$test_server_8cc.html" title="/Users/doug/src/hypertable/src/cc/AsyncComm/testServer.cc" alt="" coords="7579,528,7968,555">
<area shape="rect" href="$_notifier_8h.html" title="/Users/doug/src/hypertable/src/cc/Common/Notifier.h" alt="" coords="7992,528,8336,555">
<area shape="rect" href="$_command_shell_8cc.html" title="/Users/doug/src/hypertable/src/cc/Common/CommandShell.cc" alt="" coords="8360,528,8757,555">
<area shape="rect" href="$_dfs_broker_2kosmos_2main_8cc.html" title="/Users/doug/src/hypertable/src/cc/DfsBroker/kosmos/main.cc" alt="" coords="8781,528,9173,555">
<area shape="rect" href="$_dfs_broker_2_lib_2_request_handler_close_8h.html" title="/Users/doug/src/hypertable/src/cc/DfsBroker/Lib/RequestHandlerClose.h" alt="" coords="157,528,616,555">
<area shape="rect" href="$_request_handler_create_8h.html" title="/Users/doug/src/hypertable/src/cc/DfsBroker/Lib/RequestHandlerCreate.h" alt="" coords="640,528,1107,555">
<area shape="rect" href="$_dfs_broker_2_lib_2_request_handler_open_8h.html" title="/Users/doug/src/hypertable/src/cc/DfsBroker/Lib/RequestHandlerOpen.h" alt="" coords="1131,528,1589,555">
<area shape="rect" href="$_request_handler_read_8h.html" title="/Users/doug/src/hypertable/src/cc/DfsBroker/Lib/RequestHandlerRead.h" alt="" coords="1613,528,2069,555">
<area shape="rect" href="$_request_handler_append_8h.html" title="/Users/doug/src/hypertable/src/cc/DfsBroker/Lib/RequestHandlerAppend.h" alt="" coords="2093,528,2565,555">
<area shape="rect" href="$_request_handler_seek_8h.html" title="/Users/doug/src/hypertable/src/cc/DfsBroker/Lib/RequestHandlerSeek.h" alt="" coords="2589,528,3045,555">
<area shape="rect" href="$_request_handler_remove_8h.html" title="/Users/doug/src/hypertable/src/cc/DfsBroker/Lib/RequestHandlerRemove.h" alt="" coords="3069,528,3544,555">
<area shape="rect" href="$_request_handler_length_8h.html" title="/Users/doug/src/hypertable/src/cc/DfsBroker/Lib/RequestHandlerLength.h" alt="" coords="3568,528,4035,555">
<area shape="rect" href="$_request_handler_pread_8h.html" title="/Users/doug/src/hypertable/src/cc/DfsBroker/Lib/RequestHandlerPread.h" alt="" coords="4059,528,4520,555">
<area shape="rect" href="$_request_handler_mkdirs_8h.html" title="/Users/doug/src/hypertable/src/cc/DfsBroker/Lib/RequestHandlerMkdirs.h" alt="" coords="4544,528,5008,555">
<area shape="rect" href="$_request_handler_flush_8h.html" title="/Users/doug/src/hypertable/src/cc/DfsBroker/Lib/RequestHandlerFlush.h" alt="" coords="5032,528,5491,555">
<area shape="rect" href="$_dfs_broker_2_lib_2_request_handler_status_8h.html" title="/Users/doug/src/hypertable/src/cc/DfsBroker/Lib/RequestHandlerStatus.h" alt="" coords="5515,528,5979,555">
<area shape="rect" href="$_request_handler_rmdir_8h.html" title="/Users/doug/src/hypertable/src/cc/DfsBroker/Lib/RequestHandlerRmdir.h" alt="" coords="6003,528,6464,555">
