<area shape="rect" href="$_reference_count_8h.html" title="Common/ReferenceCount.h" alt="" coords="1585,379,1775,406">
<area shape="rect" href="$_session_data_8h.html" title="SessionData.h" alt="" coords="1572,80,1681,107">
<area shape="rect" href="$atomic_8h.html" title="atomic.h" alt="" coords="943,454,1017,480">
<area shape="rect" href="$_notification_8h.html" title="Notification.h" alt="" coords="1296,155,1397,182">
<area shape="rect" href="$_hyperspace_2_event_8h.html" title="Event.h" alt="" coords="1189,230,1256,256">
<area shape="rect" href="$_comm_buf_8h.html" title="AsyncComm/CommBuf.h" alt="" coords="577,304,753,331">
<area shape="rect" href="$_serialization_8h.html" title="Serialization.h" alt="" coords="49,454,159,480">
<area shape="rect" href="$_handle_callback_8h.html" title="HandleCallback.h" alt="" coords="1260,304,1388,331">
<area shape="rect" href="$_byte_string_8h.html" title="Common/ByteString.h" alt="" coords="347,379,501,406">
<area shape="rect" href="$_logger_8h.html" title="Common/Logger.h" alt="" coords="1061,379,1195,406">
<area shape="rect" href="$_static_buffer_8h.html" title="Common/StaticBuffer.h" alt="" coords="525,379,688,406">
<area shape="rect" href="$_header_builder_8h.html" title="HeaderBuilder.h" alt="" coords="787,379,907,406">
<area shape="rect" href="$_dynamic_buffer_8h.html" title="DynamicBuffer.h" alt="" coords="545,454,668,480">
<area shape="rect" href="$serialization&#45;c_8h.html" title="serialization&#45;c.h" alt="" coords="45,528,163,555">
<area shape="rect" href="$endian&#45;c_8h.html" title="endian&#45;c.h" alt="" coords="13,603,99,630">
<area shape="rect" href="$_error_8h.html" title="Error.h" alt="" coords="1041,454,1105,480">
<area shape="rect" href="$_string_8h.html" title="Common/String.h" alt="" coords="1225,528,1353,555">
<area shape="rect" href="$_fixed_stream_8h.html" title="FixedStream.h" alt="" coords="1129,454,1239,480">
<area shape="rect" href="$_header_8h.html" title="Header.h" alt="" coords="743,454,820,480">
