<area shape="rect" href="$_error_8h.html" title="Common/Error.h" alt="" coords="1930,454,2052,480">
<area shape="rect" href="$_file_utils_8h.html" title="Common/FileUtils.h" alt="" coords="2264,80,2406,107">
<area shape="rect" href="$_logger_8h.html" title="Common/Logger.h" alt="" coords="1924,379,2058,406">
<area shape="rect" href="$_key_8h.html" title="Key.h" alt="" coords="1204,230,1260,256">
<area shape="rect" href="$_cells_8h.html" title="Cells.h" alt="" coords="1047,80,1111,107">
<area shape="rect" href="$_schema_8h.html" title="Schema.h" alt="" coords="1900,230,1983,256">
<area shape="rect" href="$_scan_spec_8h.html" title="ScanSpec.h" alt="" coords="634,230,727,256">
<area shape="rect" href="$_string_8h.html" title="Common/String.h" alt="" coords="2196,528,2324,555">
<area shape="rect" href="$_fixed_stream_8h.html" title="FixedStream.h" alt="" coords="2468,454,2578,480">
<area shape="rect" href="$_byte_string_8h.html" title="Common/ByteString.h" alt="" coords="1442,379,1596,406">
<area shape="rect" href="$_dynamic_buffer_8h.html" title="DynamicBuffer.h" alt="" coords="1087,454,1210,480">
<area shape="rect" href="$_key_spec_8h.html" title="KeySpec.h" alt="" coords="1034,304,1119,331">
<area shape="rect" href="$_serialized_key_8h.html" title="SerializedKey.h" alt="" coords="1532,304,1647,331">
<area shape="rect" href="$_serialization_8h.html" title="Serialization.h" alt="" coords="1698,454,1807,480">
<area shape="rect" href="$_reference_count_8h.html" title="ReferenceCount.h" alt="" coords="1180,528,1311,555">
<area shape="rect" href="$_char_arena_8h.html" title="Common/CharArena.h" alt="" coords="852,304,1010,331">
<area shape="rect" href="$_cell_8h.html" title="Cell.h" alt="" coords="1126,155,1182,182">
<area shape="rect" href="$_mutex_8h.html" title="Common/Mutex.h" alt="" coords="2250,304,2378,331">
<area shape="rect" href="$_hash_map_8h.html" title="Common/HashMap.h" alt="" coords="2026,304,2175,331">
