<area shape="rect" href="$_command_interpreter_8h.html" title="Common/CommandInterpreter.h" alt="" coords="3087,454,3306,480">
<area shape="rect" href="$_string_8h.html" title="Common/String.h" alt="" coords="2980,528,3108,555">
<area shape="rect" href="$_hs_client_state_8h.html" title="HsClientState.h" alt="" coords="2934,304,3048,331">
<area shape="rect" href="$_session_8h.html" title="Session.h" alt="" coords="1996,80,2079,107">
<area shape="rect" href="$_reference_count_8h.html" title="Common/ReferenceCount.h" alt="" coords="1491,528,1680,555">
<area shape="rect" href="$atomic_8h.html" title="atomic.h" alt="" coords="1548,603,1623,630">
<area shape="rect" href="$_string_ext_8h.html" title="Common/StringExt.h" alt="" coords="2844,379,2991,406">
<area shape="rect" href="$_hash_map_8h.html" title="HashMap.h" alt="" coords="2684,454,2775,480">
<area shape="rect" href="$_cstr_hash_traits_8h.html" title="CstrHashTraits.h" alt="" coords="2684,528,2810,555">
<area shape="rect" href="$_comm_8h.html" title="AsyncComm/Comm.h" alt="" coords="1427,230,1582,256">
<area shape="rect" href="$_dispatch_handler_8h.html" title="DispatchHandler.h" alt="" coords="1212,379,1346,406">
<area shape="rect" href="$_comm_buf_8h.html" title="CommBuf.h" alt="" coords="2096,304,2190,331">
<area shape="rect" href="$_dynamic_buffer_8h.html" title="DynamicBuffer.h" alt="" coords="2487,454,2610,480">
<area shape="rect" href="$_connection_manager_8h.html" title="AsyncComm/ConnectionManager.h" alt="" coords="674,155,911,182">
<area shape="rect" href="$_timer_8h.html" title="Common/Timer.h" alt="" coords="830,230,958,256">
<area shape="rect" href="$_hyperspace_2_config_8h.html" title="Config.h" alt="" coords="2259,230,2331,256">
<area shape="rect" href="$_client_keepalive_handler_8h.html" title="ClientKeepaliveHandler.h" alt="" coords="1799,155,1975,182">
<area shape="rect" href="$_handle_callback_8h.html" title="HandleCallback.h" alt="" coords="1944,304,2072,331">
<area shape="rect" href="$_lock_sequencer_8h.html" title="LockSequencer.h" alt="" coords="2962,155,3090,182">
<area shape="rect" href="$_hyperspace_2_protocol_8h.html" title="Protocol.h" alt="" coords="2111,155,2194,182">
<area shape="rect" href="$_dir_entry_8h.html" title="DirEntry.h" alt="" coords="2792,155,2875,182">
<area shape="rect" href="$_mutex_8h.html" title="Common/Mutex.h" alt="" coords="1420,379,1548,406">
<area shape="rect" href="$_async_comm_2_connection_handler_factory_8h.html" title="ConnectionHandlerFactory.h" alt="" coords="1336,304,1531,331">
<area shape="rect" href="$_handler_map_8h.html" title="HandlerMap.h" alt="" coords="1656,304,1763,331">
<area shape="rect" href="$_logger_8h.html" title="Common/Logger.h" alt="" coords="1972,454,2106,480">
<area shape="rect" href="$_async_comm_2_event_8h.html" title="Event.h" alt="" coords="1831,454,1898,480">
<area shape="rect" href="$_comm_header_8h.html" title="CommHeader.h" alt="" coords="2071,528,2188,555">
<area shape="rect" href="$_byte_string_8h.html" title="Common/ByteString.h" alt="" coords="2282,379,2436,406">
<area shape="rect" href="$_serialization_8h.html" title="Serialization.h" alt="" coords="2354,454,2463,480">
<area shape="rect" href="$_static_buffer_8h.html" title="Common/StaticBuffer.h" alt="" coords="2460,379,2623,406">
<area shape="rect" href="$_sock_addr_map_8h.html" title="Common/SockAddrMap.h" alt="" coords="1674,379,1852,406">
<area shape="rect" href="$_time_8h.html" title="time.h" alt="" coords="488,230,547,256">
<area shape="rect" href="$_async_comm_2_config_8h.html" title="AsyncComm/Config.h" alt="" coords="2264,304,2419,331">
