<area shape="rect" href="$_compat_8h.html" title="Common/Compat.h" alt="" coords="103,80,242,107">
<area shape="rect" href="$_error_8h.html" title="Common/Error.h" alt="" coords="2678,528,2800,555">
<area shape="rect" href="$_logger_8h.html" title="Common/Logger.h" alt="" coords="1886,454,2019,480">
<area shape="rect" href="$_response_callback_8h.html" title="AsyncComm/ResponseCallback.h" alt="" coords="2288,230,2515,256">
<area shape="rect" href="$_serialization_8h.html" title="Serialization.h" alt="" coords="2995,528,3104,555">
<area shape="rect" href="$_types_8h.html" title="Hypertable/Lib/Types.h" alt="" coords="2491,304,2651,331">
<area shape="rect" href="$_hyperspace_2_master_8h.html" title="Master.h" alt="" coords="1548,80,1623,107">
<area shape="rect" href="$_hyperspace_2_response_callback_exists_8h.html" title="ResponseCallbackExists.h" alt="" coords="3174,155,3355,182">
<area shape="rect" href="$_hyperspace_2_request_handler_exists_8h.html" title="RequestHandlerExists.h" alt="" coords="950,230,1118,256">
<area shape="rect" href="$compat&#45;c_8h.html" title="compat&#45;c.h" alt="" coords="128,155,216,182">
<area shape="rect" href="$_sweetener_8h.html" title="Sweetener.h" alt="" coords="6,155,104,182">
<area shape="rect" href="$_string_8h.html" title="string.h" alt="" coords="2084,603,2151,630">
<area shape="rect" href="$_fixed_stream_8h.html" title="FixedStream.h" alt="" coords="2206,528,2315,555">
<area shape="rect" href="$_comm_8h.html" title="Comm.h" alt="" coords="1158,304,1230,331">
<area shape="rect" href="$_async_comm_2_event_8h.html" title="Event.h" alt="" coords="1234,379,1300,406">
<area shape="rect" href="$_mutex_8h.html" title="Common/Mutex.h" alt="" coords="1467,379,1595,406">
<area shape="rect" href="$_reference_count_8h.html" title="Common/ReferenceCount.h" alt="" coords="584,454,774,480">
<area shape="rect" href="$_comm_buf_8h.html" title="CommBuf.h" alt="" coords="2204,379,2298,406">
<area shape="rect" href="$atomic_8h.html" title="atomic.h" alt="" coords="476,528,551,555">
<area shape="rect" href="$_byte_string_8h.html" title="Common/ByteString.h" alt="" coords="2206,454,2360,480">
<area shape="rect" href="$serialization&#45;c_8h.html" title="serialization&#45;c.h" alt="" coords="2991,603,3108,630">
<area shape="rect" href="$_murmur_hash_8h.html" title="MurmurHash.h" alt="" coords="2384,454,2496,480">
<area shape="rect" href="$_properties_8h.html" title="Common/Properties.h" alt="" coords="1648,304,1803,331">
<area shape="rect" href="$_sock_addr_map_8h.html" title="Common/SockAddrMap.h" alt="" coords="696,230,875,256">
<area shape="rect" href="$_string_ext_8h.html" title="Common/StringExt.h" alt="" coords="2824,528,2971,555">
<area shape="rect" href="$_connection_manager_8h.html" title="AsyncComm/ConnectionManager.h" alt="" coords="674,155,911,182">
<area shape="rect" href="$_berkeley_db_filesystem_8h.html" title="BerkeleyDbFilesystem.h" alt="" coords="1355,304,1523,331">
<area shape="rect" href="$_node_data_8h.html" title="NodeData.h" alt="" coords="446,230,539,256">
<area shape="rect" href="$_handle_data_8h.html" title="HandleData.h" alt="" coords="580,304,684,331">
<area shape="rect" href="$_session_data_8h.html" title="SessionData.h" alt="" coords="670,379,779,406">
<area shape="rect" href="$_hyperspace_2_protocol_8h.html" title="Protocol.h" alt="" coords="1827,304,1910,331">
<area shape="rect" href="$_hyperspace_2_response_callback_open_8h.html" title="ResponseCallbackOpen.h" alt="" coords="2971,155,3150,182">
<area shape="rect" href="$_response_callback_attr_get_8h.html" title="ResponseCallbackAttrGet.h" alt="" coords="2560,155,2750,182">
<area shape="rect" href="$_response_callback_attr_exists_8h.html" title="ResponseCallbackAttrExists.h" alt="" coords="1800,155,2003,182">
<area shape="rect" href="$_response_callback_attr_list_8h.html" title="ResponseCallbackAttrList.h" alt="" coords="2027,155,2216,182">
<area shape="rect" href="$_response_callback_lock_8h.html" title="ResponseCallbackLock.h" alt="" coords="2774,155,2947,182">
<area shape="rect" href="$_hyperspace_2_response_callback_readdir_8h.html" title="ResponseCallbackReaddir.h" alt="" coords="2342,155,2536,182">
<area shape="rect" href="$_server_keepalive_handler_8h.html" title="ServerKeepaliveHandler.h" alt="" coords="1192,230,1371,256">
<area shape="rect" href="$_runnable_8h.html" title="Common/Runnable.h" alt="" coords="760,304,910,331">
<area shape="rect" href="$_application_handler_8h.html" title="ApplicationHandler.h" alt="" coords="934,304,1083,331">
