<area shape="rect" href="$_compat_8h.html" title="Common/Compat.h" alt="" coords="277,379,416,405">
<area shape="rect" href="$_error_8h.html" title="Common/Error.h" alt="" coords="2283,528,2405,555">
<area shape="rect" href="$_comm_buf_8h.html" title="AsyncComm/CommBuf.h" alt="" coords="1013,304,1189,331">
<area shape="rect" href="$_hyperspace_2_response_callback_readdir_8h.html" title="ResponseCallbackReaddir.h" alt="" coords="1161,80,1356,107">
<area shape="rect" href="$compat&#45;c_8h.html" title="compat&#45;c.h" alt="" coords="184,453,272,480">
<area shape="rect" href="$_sweetener_8h.html" title="Sweetener.h" alt="" coords="299,453,397,480">
<area shape="rect" href="$_string_8h.html" title="string.h" alt="" coords="1856,603,1923,629">
<area shape="rect" href="$_byte_string_8h.html" title="Common/ByteString.h" alt="" coords="819,379,973,405">
<area shape="rect" href="$_reference_count_8h.html" title="ReferenceCount.h" alt="" coords="1181,528,1312,555">
<area shape="rect" href="$_serialization_8h.html" title="Serialization.h" alt="" coords="541,453,651,480">
<area shape="rect" href="$_logger_8h.html" title="Common/Logger.h" alt="" coords="1488,453,1621,480">
<area shape="rect" href="$_static_buffer_8h.html" title="Common/StaticBuffer.h" alt="" coords="997,379,1160,405">
<area shape="rect" href="$_comm_header_8h.html" title="CommHeader.h" alt="" coords="1789,528,1907,555">
<area shape="rect" href="$_dynamic_buffer_8h.html" title="DynamicBuffer.h" alt="" coords="1037,453,1160,480">
<area shape="rect" href="$atomic_8h.html" title="atomic.h" alt="" coords="1251,603,1325,629">
<area shape="rect" href="$serialization&#45;c_8h.html" title="serialization&#45;c.h" alt="" coords="541,528,659,555">
<area shape="rect" href="$endian&#45;c_8h.html" title="endian&#45;c.h" alt="" coords="549,603,635,629">
<area shape="rect" href="$_fixed_stream_8h.html" title="FixedStream.h" alt="" coords="1336,528,1445,555">
<area shape="rect" href="$_response_callback_8h.html" title="AsyncComm/ResponseCallback.h" alt="" coords="1679,155,1905,181">
<area shape="rect" href="$_dir_entry_8h.html" title="DirEntry.h" alt="" coords="1139,229,1221,256">
<area shape="rect" href="$_comm_8h.html" title="Comm.h" alt="" coords="1487,229,1559,256">
<area shape="rect" href="$_async_comm_2_event_8h.html" title="Event.h" alt="" coords="2037,453,2104,480">
<area shape="rect" href="$_mutex_8h.html" title="Common/Mutex.h" alt="" coords="1645,379,1773,405">
<area shape="rect" href="$_dispatch_handler_8h.html" title="DispatchHandler.h" alt="" coords="1387,379,1520,405">
<area shape="rect" href="$_async_comm_2_connection_handler_factory_8h.html" title="ConnectionHandlerFactory.h" alt="" coords="1291,304,1485,331">
<area shape="rect" href="$_handler_map_8h.html" title="HandlerMap.h" alt="" coords="1563,304,1669,331">
<area shape="rect" href="$_time_8h.html" title="time.h" alt="" coords="1931,528,1989,555">
<area shape="rect" href="$_inet_addr_8h.html" title="Common/InetAddr.h" alt="" coords="2064,528,2208,555">
