<area shape="rect" href="$atomic_8h.html" title="Common/atomic.h" alt="" coords="1661,603,1795,629">
<area shape="rect" href="$_properties_8h.html" title="Common/Properties.h" alt="" coords="56,304,211,331">
<area shape="rect" href="$_reference_count_8h.html" title="ReferenceCount.h" alt="" coords="1500,528,1631,555">
<area shape="rect" href="$_string_ext_8h.html" title="StringExt.h" alt="" coords="225,379,313,405">
<area shape="rect" href="$_sock_addr_map_8h.html" title="Common/SockAddrMap.h" alt="" coords="707,379,885,405">
<area shape="rect" href="$_comm_8h.html" title="AsyncComm/Comm.h" alt="" coords="1965,229,2120,256">
<area shape="rect" href="$_async_comm_2_event_8h.html" title="Event.h" alt="" coords="2200,453,2267,480">
<area shape="rect" href="$_connection_manager_8h.html" title="AsyncComm/ConnectionManager.h" alt="" coords="717,155,955,181">
<area shape="rect" href="$_response_callback_8h.html" title="AsyncComm/ResponseCallback.h" alt="" coords="2585,155,2812,181">
<area shape="rect" href="$_berkeley_db_filesystem_8h.html" title="BerkeleyDbFilesystem.h" alt="" coords="1507,80,1675,107">
<area shape="rect" href="$_node_data_8h.html" title="NodeData.h" alt="" coords="1259,155,1352,181">
<area shape="rect" href="$_handle_data_8h.html" title="HandleData.h" alt="" coords="1735,229,1839,256">
<area shape="rect" href="$_session_data_8h.html" title="SessionData.h" alt="" coords="1345,304,1455,331">
<area shape="rect" href="$_hyperspace_2_protocol_8h.html" title="Protocol.h" alt="" coords="1749,80,1832,107">
<area shape="rect" href="$_hyperspace_2_response_callback_open_8h.html" title="ResponseCallbackOpen.h" alt="" coords="2008,80,2187,107">
<area shape="rect" href="$_hyperspace_2_response_callback_exists_8h.html" title="ResponseCallbackExists.h" alt="" coords="2891,80,3072,107">
<area shape="rect" href="$_response_callback_attr_get_8h.html" title="ResponseCallbackAttrGet.h" alt="" coords="2211,80,2400,107">
<area shape="rect" href="$_response_callback_lock_8h.html" title="ResponseCallbackLock.h" alt="" coords="2424,80,2597,107">
<area shape="rect" href="$_hyperspace_2_response_callback_readdir_8h.html" title="ResponseCallbackReaddir.h" alt="" coords="2672,80,2867,107">
<area shape="rect" href="$_server_keepalive_handler_8h.html" title="ServerKeepaliveHandler.h" alt="" coords="1957,155,2136,181">
<area shape="rect" href="$_string_8h.html" title="Common/String.h" alt="" coords="1789,528,1917,555">
<area shape="rect" href="$_hash_map_8h.html" title="HashMap.h" alt="" coords="545,453,636,480">
<area shape="rect" href="$_mutex_8h.html" title="Common/Mutex.h" alt="" coords="1711,304,1839,331">
<area shape="rect" href="$_dispatch_handler_8h.html" title="DispatchHandler.h" alt="" coords="2167,379,2300,405">
<area shape="rect" href="$_comm_buf_8h.html" title="CommBuf.h" alt="" coords="2493,304,2587,331">
<area shape="rect" href="$_async_comm_2_connection_handler_factory_8h.html" title="ConnectionHandlerFactory.h" alt="" coords="2015,304,2209,331">
<area shape="rect" href="$_handler_map_8h.html" title="HandlerMap.h" alt="" coords="1479,304,1585,331">
<area shape="rect" href="$_header_8h.html" title="Header.h" alt="" coords="2321,528,2399,555">
<area shape="rect" href="$_header_builder_8h.html" title="HeaderBuilder.h" alt="" coords="2455,453,2575,480">
<area shape="rect" href="$_time_8h.html" title="time.h" alt="" coords="407,229,465,256">
<area shape="rect" href="$_dynamic_buffer_8h.html" title="DynamicBuffer.h" alt="" coords="1525,155,1648,181">
