<area shape="rect" href="$_compat_8h.html" title="Common/Compat.h" alt="" coords="805,80,944,107">
<area shape="rect" href="$_init_8h.html" title="Common/Init.h" alt="" coords="331,304,440,331">
<area shape="rect" href="$_error_8h.html" title="Error.h" alt="" coords="1307,603,1371,629">
<area shape="rect" href="$_system_8h.html" title="Common/System.h" alt="" coords="245,379,381,405">
<area shape="rect" href="$_inet_addr_8h.html" title="Common/InetAddr.h" alt="" coords="1637,453,1781,480">
<area shape="rect" href="$_usage_8h.html" title="Common/Usage.h" alt="" coords="1069,80,1200,107">
<area shape="rect" href="$_application_queue_8h.html" title="AsyncComm/ApplicationQueue.h" alt="" coords="1112,379,1333,405">
<area shape="rect" href="$_comm_8h.html" title="AsyncComm/Comm.h" alt="" coords="2421,304,2576,331">
<area shape="rect" href="$_async_comm_2_connection_handler_factory_8h.html" title="ConnectionHandlerFactory.h" alt="" coords="2739,379,2933,405">
<area shape="rect" href="$_hyperspace_2_config_8h.html" title="Config.h" alt="" coords="875,229,947,256">
<area shape="rect" href="$_server_connection_handler_8h.html" title="ServerConnectionHandler.h" alt="" coords="1720,80,1909,107">
<area shape="rect" href="$_hyperspace_2_master_8h.html" title="Master.h" alt="" coords="2208,155,2283,181">
<area shape="rect" href="$_server_keepalive_handler_8h.html" title="ServerKeepaliveHandler.h" alt="" coords="2013,229,2192,256">
<area shape="rect" href="$compat&#45;c_8h.html" title="compat&#45;c.h" alt="" coords="667,155,755,181">
<area shape="rect" href="$_sweetener_8h.html" title="Sweetener.h" alt="" coords="825,155,924,181">
<area shape="rect" href="$_string_8h.html" title="string.h" alt="" coords="1143,677,1209,704">
<area shape="rect" href="$_common_2_config_8h.html" title="Common/Config.h" alt="" coords="575,379,705,405">
<area shape="rect" href="$_mutex_8h.html" title="Common/Mutex.h" alt="" coords="576,453,704,480">
<area shape="rect" href="$_logger_8h.html" title="Common/Logger.h" alt="" coords="807,528,940,555">
<area shape="rect" href="$_thread_8h.html" title="Common/Thread.h" alt="" coords="779,453,915,480">
<area shape="rect" href="$_hash_map_8h.html" title="Common/HashMap.h" alt="" coords="989,528,1139,555">
<area shape="rect" href="$_reference_count_8h.html" title="Common/ReferenceCount.h" alt="" coords="2455,528,2644,555">
<area shape="rect" href="$_string_ext_8h.html" title="Common/StringExt.h" alt="" coords="1101,453,1248,480">
<area shape="rect" href="$_application_handler_8h.html" title="ApplicationHandler.h" alt="" coords="1272,453,1421,480">
<area shape="rect" href="$atomic_8h.html" title="atomic.h" alt="" coords="2748,603,2823,629">
<area shape="rect" href="$_dispatch_handler_8h.html" title="DispatchHandler.h" alt="" coords="2637,453,2771,480">
<area shape="rect" href="$_comm_buf_8h.html" title="CommBuf.h" alt="" coords="2165,453,2259,480">
<area shape="rect" href="$_handler_map_8h.html" title="HandlerMap.h" alt="" coords="1765,379,1872,405">
<area shape="rect" href="$_async_comm_2_config_8h.html" title="AsyncComm/Config.h" alt="" coords="671,304,825,331">
<area shape="rect" href="$_command_shell_8h.html" title="Tools/Lib/CommandShell.h" alt="" coords="1325,304,1512,331">
<area shape="rect" href="$_handle_data_8h.html" title="HandleData.h" alt="" coords="2289,304,2393,331">
<area shape="rect" href="$_hyperspace_2_event_8h.html" title="Event.h" alt="" coords="2069,379,2136,405">
