<area shape="rect" href="$_hyperspace_2_master_8h.html" title="/Users/doug/src/hypertable/src/cc/Hyperspace/Master.h" alt="" coords="4004,80,4361,107">
<area shape="rect" href="$_client_connection_handler_8cc.html" title="/Users/doug/src/hypertable/src/cc/Hyperspace/ClientConnectionHandler.cc" alt="" coords="6355,155,6829,181">
<area shape="rect" href="$_client_keepalive_handler_8cc.html" title="/Users/doug/src/hypertable/src/cc/Hyperspace/ClientKeepaliveHandler.cc" alt="" coords="6853,155,7317,181">
<area shape="rect" href="$_server_connection_handler_8cc.html" title="/Users/doug/src/hypertable/src/cc/Hyperspace/ServerConnectionHandler.cc" alt="" coords="4492,229,4972,256">
<area shape="rect" href="$_hyperspace_2_request_handler_open_8cc.html" title="/Users/doug/src/hypertable/src/cc/Hyperspace/RequestHandlerOpen.cc" alt="" coords="5384,155,5837,181">
<area shape="rect" href="$_server_keepalive_handler_8cc.html" title="/Users/doug/src/hypertable/src/cc/Hyperspace/ServerKeepaliveHandler.cc" alt="" coords="5861,155,6331,181">
<area shape="rect" href="$_session_8cc.html" title="/Users/doug/src/hypertable/src/cc/Hyperspace/Session.cc" alt="" coords="7341,155,7712,181">
<area shape="rect" href="$_session_8h.html" title="/Users/doug/src/hypertable/src/cc/Hyperspace/Session.h" alt="" coords="12209,80,12575,107">
<area shape="rect" href="$_hyperspace_2_protocol_8cc.html" title="/Users/doug/src/hypertable/src/cc/Hyperspace/Protocol.cc" alt="" coords="12599,80,12972,107">
<area shape="rect" href="$_server_connection_handler_8h.html" title="/Users/doug/src/hypertable/src/cc/Hyperspace/ServerConnectionHandler.h" alt="" coords="1040,155,1512,181">
<area shape="rect" href="$_hyperspace_2main_8cc.html" title="/Users/doug/src/hypertable/src/cc/Hyperspace/main.cc" alt="" coords="963,229,1315,256">
<area shape="rect" href="$_hyperspace_2_master_8cc.html" title="/Users/doug/src/hypertable/src/cc/Hyperspace/Master.cc" alt="" coords="7787,155,8149,181">
<area shape="rect" href="$_request_handler_attr_del_8cc.html" title="/Users/doug/src/hypertable/src/cc/Hyperspace/RequestHandlerAttrDel.cc" alt="" coords="1536,155,1997,181">
<area shape="rect" href="$_request_handler_attr_get_8cc.html" title="/Users/doug/src/hypertable/src/cc/Hyperspace/RequestHandlerAttrGet.cc" alt="" coords="2021,155,2485,181">
<area shape="rect" href="$_request_handler_attr_set_8cc.html" title="/Users/doug/src/hypertable/src/cc/Hyperspace/RequestHandlerAttrSet.cc" alt="" coords="2509,155,2971,181">
<area shape="rect" href="$_hyperspace_2_request_handler_close_8cc.html" title="/Users/doug/src/hypertable/src/cc/Hyperspace/RequestHandlerClose.cc" alt="" coords="2995,155,3448,181">
<area shape="rect" href="$_request_handler_delete_8cc.html" title="/Users/doug/src/hypertable/src/cc/Hyperspace/RequestHandlerDelete.cc" alt="" coords="3472,155,3931,181">
<area shape="rect" href="$_hyperspace_2_request_handler_exists_8cc.html" title="/Users/doug/src/hypertable/src/cc/Hyperspace/RequestHandlerExists.cc" alt="" coords="3955,155,4411,181">
<area shape="rect" href="$_request_handler_lock_8cc.html" title="/Users/doug/src/hypertable/src/cc/Hyperspace/RequestHandlerLock.cc" alt="" coords="4435,155,4883,181">
<area shape="rect" href="$_request_handler_mkdir_8cc.html" title="/Users/doug/src/hypertable/src/cc/Hyperspace/RequestHandlerMkdir.cc" alt="" coords="4907,155,5360,181">
<area shape="rect" href="$_hyperspace_2_request_handler_readdir_8cc.html" title="/Users/doug/src/hypertable/src/cc/Hyperspace/RequestHandlerReaddir.cc" alt="" coords="5,155,472,181">
<area shape="rect" href="$_request_handler_release_8cc.html" title="/Users/doug/src/hypertable/src/cc/Hyperspace/RequestHandlerRelease.cc" alt="" coords="496,155,965,181">
<area shape="rect" href="$_hypertable_2_lib_2_client_8h.html" title="/Users/doug/src/hypertable/src/cc/Hypertable/Lib/Client.h" alt="" coords="17941,229,18307,256">
<area shape="rect" href="$_master_client_8h.html" title="/Users/doug/src/hypertable/src/cc/Hypertable/Lib/MasterClient.h" alt="" coords="18144,155,18552,181">
<area shape="rect" href="$_master_client_8cc.html" title="/Users/doug/src/hypertable/src/cc/Hypertable/Lib/MasterClient.cc" alt="" coords="18365,229,18779,256">
<area shape="rect" href="$_range_server_8h.html" title="/Users/doug/src/hypertable/src/cc/Hypertable/RangeServer/RangeServer.h" alt="" coords="17355,229,17827,256">
<area shape="rect" href="$_range_locator_8h.html" title="/Users/doug/src/hypertable/src/cc/Hypertable/Lib/RangeLocator.h" alt="" coords="8224,155,8640,181">
<area shape="rect" href="$_range_locator_8cc.html" title="/Users/doug/src/hypertable/src/cc/Hypertable/Lib/RangeLocator.cc" alt="" coords="8099,229,8520,256">
<area shape="rect" href="$_table_8cc.html" title="/Users/doug/src/hypertable/src/cc/Hypertable/Lib/Table.cc" alt="" coords="8715,155,9085,181">
<area shape="rect" href="$_hypertable_2_master_2_master_8h.html" title="/Users/doug/src/hypertable/src/cc/Hypertable/Master/Master.h" alt="" coords="8825,229,9223,256">
<area shape="rect" href="$_master_2_hyperspace_session_handler_8h.html" title="/Users/doug/src/hypertable/src/cc/Hypertable/Master/HyperspaceSessionHandler.h" alt="" coords="9109,155,9632,181">
<area shape="rect" href="$_hypertable_2_range_server_2_global_8h.html" title="/Users/doug/src/hypertable/src/cc/Hypertable/RangeServer/Global.h" alt="" coords="10128,155,10560,181">
<area shape="rect" href="$_range_server_2_hyperspace_session_handler_8h.html" title="/Users/doug/src/hypertable/src/cc/Hypertable/RangeServer/HyperspaceSessionHandler.h" alt="" coords="10584,155,11144,181">
<area shape="rect" href="$_command_attr_del_8h.html" title="/Users/doug/src/hypertable/src/cc/Tools/hyperspace/CommandAttrDel.h" alt="" coords="13152,155,13608,181">
<area shape="rect" href="$hyperspace_8cc.html" title="/Users/doug/src/hypertable/src/cc/Tools/hyperspace/hyperspace.cc" alt="" coords="13699,229,14125,256">
<area shape="rect" href="$_command_attr_get_8h.html" title="/Users/doug/src/hypertable/src/cc/Tools/hyperspace/CommandAttrGet.h" alt="" coords="13683,155,14141,181">
<area shape="rect" href="$_command_attr_set_8h.html" title="/Users/doug/src/hypertable/src/cc/Tools/hyperspace/CommandAttrSet.h" alt="" coords="14165,155,14621,181">
<area shape="rect" href="$_command_close_8h.html" title="/Users/doug/src/hypertable/src/cc/Tools/hyperspace/CommandClose.h" alt="" coords="14645,155,15093,181">
<area shape="rect" href="$_command_create_8h.html" title="/Users/doug/src/hypertable/src/cc/Tools/hyperspace/CommandCreate.h" alt="" coords="15117,155,15573,181">
<area shape="rect" href="$_command_delete_8h.html" title="/Users/doug/src/hypertable/src/cc/Tools/hyperspace/CommandDelete.h" alt="" coords="15597,155,16051,181">
<area shape="rect" href="$hyperspace_2_command_exists_8h.html" title="/Users/doug/src/hypertable/src/cc/Tools/hyperspace/CommandExists.h" alt="" coords="16075,155,16525,181">
<area shape="rect" href="$_command_get_sequencer_8h.html" title="/Users/doug/src/hypertable/src/cc/Tools/hyperspace/CommandGetSequencer.h" alt="" coords="12141,155,12643,181">
<area shape="rect" href="$_command_lock_8h.html" title="/Users/doug/src/hypertable/src/cc/Tools/hyperspace/CommandLock.h" alt="" coords="16549,155,16992,181">
<area shape="rect" href="$_command_mkdir_8h.html" title="/Users/doug/src/hypertable/src/cc/Tools/hyperspace/CommandMkdir.h" alt="" coords="17016,155,17464,181">
<area shape="rect" href="$_command_open_8h.html" title="/Users/doug/src/hypertable/src/cc/Tools/hyperspace/CommandOpen.h" alt="" coords="9656,155,10104,181">
<area shape="rect" href="$_command_readdir_8h.html" title="/Users/doug/src/hypertable/src/cc/Tools/hyperspace/CommandReaddir.h" alt="" coords="11168,155,11629,181">
<area shape="rect" href="$_command_release_8h.html" title="/Users/doug/src/hypertable/src/cc/Tools/hyperspace/CommandRelease.h" alt="" coords="11653,155,12117,181">
<area shape="rect" href="$_command_try_lock_8h.html" title="/Users/doug/src/hypertable/src/cc/Tools/hyperspace/CommandTryLock.h" alt="" coords="12667,155,13128,181">
<area shape="rect" href="$_range_server_command_interpreter_8h.html" title="/Users/doug/src/hypertable/src/cc/Tools/rsclient/RangeServerCommandInterpreter.h" alt="" coords="17539,155,18069,181">
