<area shape="rect" href="$_async_comm_2_config_8h.html" title="AsyncComm/Config.h" alt="" coords="624,80,779,107">
<area shape="rect" href="$_common_2_config_8h.html" title="Common/Config.h" alt="" coords="784,304,915,331">
<area shape="rect" href="$_command_shell_8h.html" title="Tools/Lib/CommandShell.h" alt="" coords="859,80,1045,107">
<area shape="rect" href="$_mutex_8h.html" title="Common/Mutex.h" alt="" coords="1309,379,1437,405">
<area shape="rect" href="$_logger_8h.html" title="Common/Logger.h" alt="" coords="1816,453,1949,480">
<area shape="rect" href="$_meta_8h.html" title="Common/Meta.h" alt="" coords="165,379,288,405">
<area shape="rect" href="$_properties_8h.html" title="Common/Properties.h" alt="" coords="784,379,939,405">
<area shape="rect" href="$_error_8h.html" title="Error.h" alt="" coords="1460,528,1524,555">
<area shape="rect" href="$_string_8h.html" title="Common/String.h" alt="" coords="1789,603,1917,629">
<area shape="rect" href="$_fixed_stream_8h.html" title="FixedStream.h" alt="" coords="1548,528,1657,555">
<area shape="rect" href="$_reference_count_8h.html" title="Common/ReferenceCount.h" alt="" coords="2220,528,2409,555">
<area shape="rect" href="$atomic_8h.html" title="atomic.h" alt="" coords="2277,603,2352,629">
<area shape="rect" href="$_command_interpreter_8h.html" title="CommandInterpreter.h" alt="" coords="315,453,472,480">
<area shape="rect" href="$_notifier_8h.html" title="Notifier.h" alt="" coords="1696,155,1773,181">
<area shape="rect" href="$_comm_8h.html" title="AsyncComm/Comm.h" alt="" coords="2136,229,2291,256">
<area shape="rect" href="$_inet_addr_8h.html" title="Common/InetAddr.h" alt="" coords="1903,528,2047,555">
<area shape="rect" href="$_comm_buf_8h.html" title="CommBuf.h" alt="" coords="2553,379,2647,405">
<area shape="rect" href="$_dispatch_handler_8h.html" title="DispatchHandler.h" alt="" coords="2267,379,2400,405">
<area shape="rect" href="$_async_comm_2_connection_handler_factory_8h.html" title="ConnectionHandlerFactory.h" alt="" coords="2116,304,2311,331">
<area shape="rect" href="$_handler_map_8h.html" title="HandlerMap.h" alt="" coords="1821,304,1928,331">
<area shape="rect" href="$_async_comm_2_event_8h.html" title="Event.h" alt="" coords="2075,453,2141,480">
<area shape="rect" href="$_comm_header_8h.html" title="CommHeader.h" alt="" coords="2433,528,2551,555">
<area shape="rect" href="$_byte_string_8h.html" title="Common/ByteString.h" alt="" coords="2859,453,3013,480">
<area shape="rect" href="$_serialization_8h.html" title="Serialization.h" alt="" coords="2949,528,3059,555">
<area shape="rect" href="$_static_buffer_8h.html" title="Common/StaticBuffer.h" alt="" coords="2520,453,2683,480">
<area shape="rect" href="$_sock_addr_map_8h.html" title="Common/SockAddrMap.h" alt="" coords="1963,379,2141,405">
