<area shape="rect" href="$_properties_8h.html" title="Common/Properties.h" alt="" coords="4291,379,4446,406">
<area shape="rect" href="$_comm_8h.html" title="AsyncComm/Comm.h" alt="" coords="3158,230,3312,256">
<area shape="rect" href="$_session_8h.html" title="Hyperspace/Session.h" alt="" coords="2727,80,2884,107">
<area shape="rect" href="$_commit_log_8h.html" title="Hypertable/Lib/CommitLog.h" alt="" coords="1235,80,1427,107">
<area shape="rect" href="$_filesystem_8h.html" title="Hypertable/Lib/Filesystem.h" alt="" coords="627,304,816,331">
<area shape="rect" href="$_types_8h.html" title="Hypertable/Lib/Types.h" alt="" coords="1184,304,1344,331">
<area shape="rect" href="$_range_server_client_8h.html" title="Hypertable/Lib/RangeServerClient.h" alt="" coords="1986,155,2223,182">
<area shape="rect" href="$_range_server_protocol_8h.html" title="RangeServerProtocol.h" alt="" coords="291,230,454,256">
<area shape="rect" href="$_schema_8h.html" title="Hypertable/Lib/Schema.h" alt="" coords="4576,304,4750,331">
<area shape="rect" href="$_table_8h.html" title="Hypertable/Lib/Table.h" alt="" coords="4128,230,4286,256">
<area shape="rect" href="$_file_block_cache_8h.html" title="FileBlockCache.h" alt="" coords="4099,155,4227,182">
<area shape="rect" href="$_maintenance_queue_8h.html" title="MaintenanceQueue.h" alt="" coords="4352,80,4504,107">
<area shape="rect" href="$_memory_tracker_8h.html" title="MemoryTracker.h" alt="" coords="3696,80,3824,107">
<area shape="rect" href="$_scanner_map_8h.html" title="ScannerMap.h" alt="" coords="3852,80,3962,107">
<area shape="rect" href="$_hypertable_2_range_server_2_table_info_8h.html" title="TableInfo.h" alt="" coords="4310,230,4400,256">
<area shape="rect" href="$_reference_count_8h.html" title="ReferenceCount.h" alt="" coords="3146,454,3276,480">
<area shape="rect" href="$_string_ext_8h.html" title="StringExt.h" alt="" coords="4683,454,4771,480">
<area shape="rect" href="$_dispatch_handler_8h.html" title="DispatchHandler.h" alt="" coords="2860,379,2994,406">
<area shape="rect" href="$_comm_buf_8h.html" title="CommBuf.h" alt="" coords="1928,304,2022,331">
<area shape="rect" href="$_async_comm_2_connection_handler_factory_8h.html" title="ConnectionHandlerFactory.h" alt="" coords="3040,304,3235,331">
<area shape="rect" href="$_handler_map_8h.html" title="HandlerMap.h" alt="" coords="3259,304,3366,331">
<area shape="rect" href="$_string_8h.html" title="string.h" alt="" coords="772,528,839,555">
<area shape="rect" href="$_static_buffer_8h.html" title="Common/StaticBuffer.h" alt="" coords="1184,379,1347,406">
<area shape="rect" href="$_dynamic_buffer_8h.html" title="DynamicBuffer.h" alt="" coords="1010,454,1132,480">
<area shape="rect" href="$_connection_manager_8h.html" title="AsyncComm/ConnectionManager.h" alt="" coords="2500,230,2738,256">
<area shape="rect" href="$_client_keepalive_handler_8h.html" title="ClientKeepaliveHandler.h" alt="" coords="3272,155,3448,182">
<area shape="rect" href="$_handle_callback_8h.html" title="HandleCallback.h" alt="" coords="2198,304,2326,331">
<area shape="rect" href="$_lock_sequencer_8h.html" title="LockSequencer.h" alt="" coords="4875,528,5003,555">
<area shape="rect" href="$_hyperspace_2_protocol_8h.html" title="Protocol.h" alt="" coords="1888,230,1971,256">
<area shape="rect" href="$_async_comm_2_protocol_8h.html" title="AsyncComm/Protocol.h" alt="" coords="286,304,451,331">
<area shape="rect" href="$_block_compression_codec_8h.html" title="Hypertable/Lib/BlockCompressionCodec.h" alt="" coords="1368,304,1646,331">
<area shape="rect" href="$_commit_log_base_8h.html" title="CommitLogBase.h" alt="" coords="431,155,564,182">
<area shape="rect" href="$_commit_log_block_stream_8h.html" title="CommitLogBlockStream.h" alt="" coords="490,230,668,256">
<area shape="rect" href="$_range_state_8h.html" title="RangeState.h" alt="" coords="158,304,262,331">
<area shape="rect" href="$_defaults_8h.html" title="Defaults.h" alt="" coords="3518,454,3600,480">
