<area shape="rect" href="$_comm_buf_8h.html" title="AsyncComm/CommBuf.h" alt="" coords="1175,304,1351,331">
<area shape="rect" href="$_async_comm_2_protocol_8h.html" title="AsyncComm/Protocol.h" alt="" coords="486,230,651,256">
<area shape="rect" href="$_handle_callback_8h.html" title="HandleCallback.h" alt="" coords="202,304,330,331">
<area shape="rect" href="$_notification_8h.html" title="Notification.h" alt="" coords="606,155,707,182">
<area shape="rect" href="$_session_data_8h.html" title="SessionData.h" alt="" coords="756,80,866,107">
<area shape="rect" href="$_byte_string_8h.html" title="Common/ByteString.h" alt="" coords="1387,379,1542,406">
<area shape="rect" href="$_serialization_8h.html" title="Serialization.h" alt="" coords="1371,454,1480,480">
<area shape="rect" href="$_logger_8h.html" title="Common/Logger.h" alt="" coords="986,379,1119,406">
<area shape="rect" href="$_reference_count_8h.html" title="Common/ReferenceCount.h" alt="" coords="263,379,452,406">
<area shape="rect" href="$_static_buffer_8h.html" title="Common/StaticBuffer.h" alt="" coords="1807,379,1970,406">
<area shape="rect" href="$_header_builder_8h.html" title="HeaderBuilder.h" alt="" coords="740,379,860,406">
<area shape="rect" href="$_dynamic_buffer_8h.html" title="DynamicBuffer.h" alt="" coords="1867,454,1990,480">
<area shape="rect" href="$serialization&#45;c_8h.html" title="serialization&#45;c.h" alt="" coords="1467,528,1584,555">
<area shape="rect" href="$endian&#45;c_8h.html" title="endian&#45;c.h" alt="" coords="1531,603,1616,630">
<area shape="rect" href="$_error_8h.html" title="Error.h" alt="" coords="1150,454,1214,480">
<area shape="rect" href="$_string_8h.html" title="Common/String.h" alt="" coords="918,528,1046,555">
<area shape="rect" href="$_fixed_stream_8h.html" title="FixedStream.h" alt="" coords="1238,454,1347,480">
<area shape="rect" href="$atomic_8h.html" title="atomic.h" alt="" coords="528,454,603,480">
<area shape="rect" href="$_header_8h.html" title="Header.h" alt="" coords="678,454,755,480">
<area shape="rect" href="$_async_comm_2_event_8h.html" title="Event.h" alt="" coords="535,304,602,331">
<area shape="rect" href="$_hyperspace_2_event_8h.html" title="Event.h" alt="" coords="735,230,802,256">
