<area shape="rect" href="$_async_comm_2_config_8h.html" title="AsyncComm/Config.h" alt="" coords="1294,80,1448,107">
<area shape="rect" href="$_common_2_config_8h.html" title="Common/Config.h" alt="" coords="1306,229,1436,256">
<area shape="rect" href="$_command_shell_8h.html" title="Tools/Lib/CommandShell.h" alt="" coords="1924,80,2111,107">
<area shape="rect" href="$_mutex_8h.html" title="Common/Mutex.h" alt="" coords="1510,379,1638,405">
<area shape="rect" href="$_logger_8h.html" title="Common/Logger.h" alt="" coords="1902,453,2035,480">
<area shape="rect" href="$_system_8h.html" title="Common/System.h" alt="" coords="578,304,714,331">
<area shape="rect" href="$_meta_8h.html" title="Common/Meta.h" alt="" coords="163,304,286,331">
<area shape="rect" href="$_properties_8h.html" title="Common/Properties.h" alt="" coords="1094,379,1248,405">
<area shape="rect" href="$_error_8h.html" title="Error.h" alt="" coords="1686,528,1750,555">
<area shape="rect" href="$_string_8h.html" title="Common/String.h" alt="" coords="2052,603,2180,629">
<area shape="rect" href="$_fixed_stream_8h.html" title="FixedStream.h" alt="" coords="1774,528,1883,555">
<area shape="rect" href="$_reference_count_8h.html" title="Common/ReferenceCount.h" alt="" coords="3031,528,3220,555">
<area shape="rect" href="$atomic_8h.html" title="atomic.h" alt="" coords="2942,603,3016,629">
<area shape="rect" href="$_command_interpreter_8h.html" title="CommandInterpreter.h" alt="" coords="2059,453,2216,480">
<area shape="rect" href="$_notifier_8h.html" title="Notifier.h" alt="" coords="2803,155,2880,181">
<area shape="rect" href="$_comm_8h.html" title="AsyncComm/Comm.h" alt="" coords="2822,229,2976,256">
<area shape="rect" href="$_inet_addr_8h.html" title="Common/InetAddr.h" alt="" coords="2812,528,2956,555">
<area shape="rect" href="$_comm_buf_8h.html" title="CommBuf.h" alt="" coords="2488,379,2582,405">
<area shape="rect" href="$_dispatch_handler_8h.html" title="DispatchHandler.h" alt="" coords="3046,379,3179,405">
<area shape="rect" href="$_async_comm_2_connection_handler_factory_8h.html" title="ConnectionHandlerFactory.h" alt="" coords="3015,304,3210,331">
<area shape="rect" href="$_handler_map_8h.html" title="HandlerMap.h" alt="" coords="2828,304,2935,331">
<area shape="rect" href="$_async_comm_2_event_8h.html" title="Event.h" alt="" coords="2960,453,3027,480">
<area shape="rect" href="$_comm_header_8h.html" title="CommHeader.h" alt="" coords="2671,528,2788,555">
<area shape="rect" href="$_byte_string_8h.html" title="Common/ByteString.h" alt="" coords="2291,453,2446,480">
<area shape="rect" href="$_serialization_8h.html" title="Serialization.h" alt="" coords="2451,528,2560,555">
<area shape="rect" href="$_static_buffer_8h.html" title="Common/StaticBuffer.h" alt="" coords="2571,453,2734,480">
