<area shape="rect" href="$_properties_8h.html" title="Common/Properties.h" alt="" coords="3453,504,3608,531">
<area shape="rect" href="$_reference_count_8h.html" title="ReferenceCount.h" alt="" coords="2953,728,3084,755">
<area shape="rect" href="$_string_8h.html" title="Common/String.h" alt="" coords="320,654,448,680">
<area shape="rect" href="$_application_queue_8h.html" title="AsyncComm/ApplicationQueue.h" alt="" coords="1548,504,1769,531">
<area shape="rect" href="$_connection_manager_8h.html" title="AsyncComm/ConnectionManager.h" alt="" coords="2117,504,2355,531">
<area shape="rect" href="$_session_8h.html" title="Hyperspace/Session.h" alt="" coords="877,355,1035,382">
<area shape="rect" href="$_master_client_8h.html" title="MasterClient.h" alt="" coords="1396,280,1505,307">
<area shape="rect" href="$_table_8h.html" title="Table.h" alt="" coords="3055,131,3121,158">
<area shape="rect" href="$_string_ext_8h.html" title="StringExt.h" alt="" coords="2987,579,3075,606">
<area shape="rect" href="$atomic_8h.html" title="atomic.h" alt="" coords="3052,803,3127,830">
<area shape="rect" href="$_hash_map_8h.html" title="HashMap.h" alt="" coords="2645,654,2736,680">
<area shape="rect" href="$_application_handler_8h.html" title="ApplicationHandler.h" alt="" coords="1421,579,1571,606">
<area shape="rect" href="$_async_comm_2_event_8h.html" title="Event.h" alt="" coords="781,654,848,680">
<area shape="rect" href="$_time_8h.html" title="time.h" alt="" coords="2349,579,2408,606">
<area shape="rect" href="$_sock_addr_map_8h.html" title="Common/SockAddrMap.h" alt="" coords="2147,579,2325,606">
<area shape="rect" href="$_dispatch_handler_8h.html" title="DispatchHandler.h" alt="" coords="933,579,1067,606">
<area shape="rect" href="$_comm_8h.html" title="AsyncComm/Comm.h" alt="" coords="797,504,952,531">
<area shape="rect" href="$_comm_buf_8h.html" title="CommBuf.h" alt="" coords="411,579,504,606">
<area shape="rect" href="$_dynamic_buffer_8h.html" title="DynamicBuffer.h" alt="" coords="213,579,336,606">
<area shape="rect" href="$_client_keepalive_handler_8h.html" title="ClientKeepaliveHandler.h" alt="" coords="1128,430,1304,456">
<area shape="rect" href="$_handle_callback_8h.html" title="HandleCallback.h" alt="" coords="563,504,691,531">
<area shape="rect" href="$_lock_sequencer_8h.html" title="LockSequencer.h" alt="" coords="56,430,184,456">
<area shape="rect" href="$_hyperspace_2_protocol_8h.html" title="Protocol.h" alt="" coords="521,430,604,456">
<area shape="rect" href="$_types_8h.html" title="Hypertable/Lib/Types.h" alt="" coords="2688,355,2848,382">
<area shape="rect" href="$_defaults_8h.html" title="Defaults.h" alt="" coords="2616,280,2699,307">
<area shape="rect" href="$_table_mutator_8h.html" title="TableMutator.h" alt="" coords="3203,206,3317,232">
<area shape="rect" href="$_range_locator_8h.html" title="RangeLocator.h" alt="" coords="2883,280,3000,307">
<area shape="rect" href="$_schema_8h.html" title="Schema.h" alt="" coords="3221,430,3304,456">
<area shape="rect" href="$_table_scanner_8h.html" title="TableScanner.h" alt="" coords="3029,206,3147,232">
