<area shape="rect" href="$_string_8h.html" title="string.h" alt="" coords="826,603,892,629">
<area shape="rect" href="$_time_8h.html" title="time.h" alt="" coords="1828,80,1887,107">
<area shape="rect" href="$_error_8h.html" title="Common/Error.h" alt="" coords="202,528,324,555">
<area shape="rect" href="$atomic_8h.html" title="Common/atomic.h" alt="" coords="2348,603,2482,629">
<area shape="rect" href="$_comm_buf_8h.html" title="CommBuf.h" alt="" coords="899,304,992,331">
<area shape="rect" href="$_i_o_handler_8h.html" title="IOHandler.h" alt="" coords="1535,80,1631,107">
<area shape="rect" href="$_byte_string_8h.html" title="Common/ByteString.h" alt="" coords="703,379,858,405">
<area shape="rect" href="$_reference_count_8h.html" title="ReferenceCount.h" alt="" coords="1496,528,1627,555">
<area shape="rect" href="$_serialization_8h.html" title="Serialization.h" alt="" coords="351,453,460,480">
<area shape="rect" href="$_logger_8h.html" title="Common/Logger.h" alt="" coords="1044,453,1178,480">
<area shape="rect" href="$_static_buffer_8h.html" title="Common/StaticBuffer.h" alt="" coords="490,379,652,405">
<area shape="rect" href="$_comm_header_8h.html" title="CommHeader.h" alt="" coords="1247,528,1364,555">
<area shape="rect" href="$_dynamic_buffer_8h.html" title="DynamicBuffer.h" alt="" coords="484,453,607,480">
<area shape="rect" href="$serialization&#45;c_8h.html" title="serialization&#45;c.h" alt="" coords="60,528,178,555">
<area shape="rect" href="$endian&#45;c_8h.html" title="endian&#45;c.h" alt="" coords="6,603,91,629">
<area shape="rect" href="$_fixed_stream_8h.html" title="FixedStream.h" alt="" coords="895,528,1004,555">
<area shape="rect" href="$_dispatch_handler_8h.html" title="DispatchHandler.h" alt="" coords="1495,379,1628,405">
<area shape="rect" href="$_reactor_factory_8h.html" title="ReactorFactory.h" alt="" coords="2003,155,2128,181">
<area shape="rect" href="$_expire_timer_8h.html" title="ExpireTimer.h" alt="" coords="1703,304,1810,331">
<area shape="rect" href="$_async_comm_2_event_8h.html" title="Event.h" alt="" coords="1202,453,1268,480">
<area shape="rect" href="$_inet_addr_8h.html" title="Common/InetAddr.h" alt="" coords="1079,528,1223,555">
<area shape="rect" href="$_reactor_8h.html" title="Reactor.h" alt="" coords="1884,229,1964,256">
