<area shape="rect" href="$_logger_8h.html" title="Common/Logger.h" alt="" coords="1664,528,1797,555">
<area shape="rect" href="$_reference_count_8h.html" title="Common/ReferenceCount.h" alt="" coords="384,453,573,480">
<area shape="rect" href="$_dispatch_handler_8h.html" title="DispatchHandler.h" alt="" coords="523,304,656,331">
<area shape="rect" href="$_reactor_factory_8h.html" title="ReactorFactory.h" alt="" coords="960,80,1085,107">
<area shape="rect" href="$_expire_timer_8h.html" title="ExpireTimer.h" alt="" coords="536,229,643,256">
<area shape="rect" href="$_error_8h.html" title="Error.h" alt="" coords="1753,603,1817,629">
<area shape="rect" href="$_string_8h.html" title="Common/String.h" alt="" coords="1348,677,1476,704">
<area shape="rect" href="$_fixed_stream_8h.html" title="FixedStream.h" alt="" coords="1620,603,1729,629">
<area shape="rect" href="$atomic_8h.html" title="atomic.h" alt="" coords="128,528,203,555">
<area shape="rect" href="$_async_comm_2_event_8h.html" title="Event.h" alt="" coords="728,379,795,405">
<area shape="rect" href="$_inet_addr_8h.html" title="Common/InetAddr.h" alt="" coords="789,453,933,480">
<area shape="rect" href="$_comm_header_8h.html" title="CommHeader.h" alt="" coords="648,453,765,480">
<area shape="rect" href="$_reactor_8h.html" title="Reactor.h" alt="" coords="983,155,1063,181">
<area shape="rect" href="$_mutex_8h.html" title="Common/Mutex.h" alt="" coords="1453,229,1581,256">
<area shape="rect" href="$_poll_timeout_8h.html" title="PollTimeout.h" alt="" coords="1120,229,1227,256">
<area shape="rect" href="$_request_cache_8h.html" title="RequestCache.h" alt="" coords="909,229,1032,256">
<area shape="rect" href="$_hash_map_8h.html" title="Common/HashMap.h" alt="" coords="805,304,955,331">
<area shape="rect" href="$_cstr_hash_traits_8h.html" title="CstrHashTraits.h" alt="" coords="819,379,944,405">
<area shape="rect" href="$_char_arena_8h.html" title="CharArena.h" alt="" coords="1040,453,1139,480">
