<area shape="rect" href="$_string_8h.html" title="string.h" alt="" coords="352,603,419,629">
<area shape="rect" href="$_time_8h.html" title="time.h" alt="" coords="1125,155,1184,181">
<area shape="rect" href="$_comm_buf_8h.html" title="CommBuf.h" alt="" coords="469,229,563,256">
<area shape="rect" href="$_i_o_handler_8h.html" title="IOHandler.h" alt="" coords="1404,80,1500,107">
<area shape="rect" href="$_byte_string_8h.html" title="Common/ByteString.h" alt="" coords="767,304,921,331">
<area shape="rect" href="$_serialization_8h.html" title="Serialization.h" alt="" coords="1015,379,1124,405">
<area shape="rect" href="$_logger_8h.html" title="Common/Logger.h" alt="" coords="411,453,544,480">
<area shape="rect" href="$_static_buffer_8h.html" title="Common/StaticBuffer.h" alt="" coords="364,379,527,405">
<area shape="rect" href="$_header_builder_8h.html" title="HeaderBuilder.h" alt="" coords="1199,453,1319,480">
<area shape="rect" href="$_dynamic_buffer_8h.html" title="DynamicBuffer.h" alt="" coords="573,453,696,480">
<area shape="rect" href="$_error_8h.html" title="Common/Error.h" alt="" coords="727,528,849,555">
<area shape="rect" href="$_fixed_stream_8h.html" title="FixedStream.h" alt="" coords="423,528,532,555">
<area shape="rect" href="$atomic_8h.html" title="Common/atomic.h" alt="" coords="1876,603,2009,629">
<area shape="rect" href="$_header_8h.html" title="Header.h" alt="" coords="1300,528,1377,555">
<area shape="rect" href="$_reference_count_8h.html" title="Common/ReferenceCount.h" alt="" coords="1848,528,2037,555">
<area shape="rect" href="$_dispatch_handler_8h.html" title="DispatchHandler.h" alt="" coords="1636,379,1769,405">
<area shape="rect" href="$_reactor_factory_8h.html" title="ReactorFactory.h" alt="" coords="1820,155,1945,181">
<area shape="rect" href="$_async_comm_2_timer_8h.html" title="Timer.h" alt="" coords="1503,304,1569,331">
<area shape="rect" href="$_async_comm_2_event_8h.html" title="Event.h" alt="" coords="1533,453,1600,480">
<area shape="rect" href="$_reactor_8h.html" title="Reactor.h" alt="" coords="2057,229,2137,256">
