<area shape="rect" href="$_handler_map_8h.html" title="HandlerMap.h" alt="" coords="1235,80,1341,107">
<area shape="rect" href="$_i_o_handler_8h.html" title="IOHandler.h" alt="" coords="1072,230,1168,256">
<area shape="rect" href="$_async_comm_2_connection_handler_factory_8h.html" title="ConnectionHandlerFactory.h" alt="" coords="1789,454,1984,480">
<area shape="rect" href="$_error_8h.html" title="Common/Error.h" alt="" coords="37,603,160,630">
<area shape="rect" href="$_inet_addr_8h.html" title="Common/InetAddr.h" alt="" coords="747,603,891,630">
<area shape="rect" href="$_logger_8h.html" title="Common/Logger.h" alt="" coords="368,528,501,555">
<area shape="rect" href="$_reference_count_8h.html" title="Common/ReferenceCount.h" alt="" coords="1313,678,1503,704">
<area shape="rect" href="$_sock_addr_map_8h.html" title="Common/SockAddrMap.h" alt="" coords="2081,454,2260,480">
<area shape="rect" href="$_i_o_handler_data_8h.html" title="IOHandlerData.h" alt="" coords="915,155,1037,182">
<area shape="rect" href="$_i_o_handler_datagram_8h.html" title="IOHandlerDatagram.h" alt="" coords="657,155,812,182">
<area shape="rect" href="$_string_8h.html" title="Common/String.h" alt="" coords="491,678,619,704">
<area shape="rect" href="$_fixed_stream_8h.html" title="FixedStream.h" alt="" coords="184,603,293,630">
<area shape="rect" href="$atomic_8h.html" title="atomic.h" alt="" coords="1229,752,1304,779">
<area shape="rect" href="$_hash_map_8h.html" title="Common/HashMap.h" alt="" coords="1789,528,1939,555">
<area shape="rect" href="$_time_8h.html" title="time.h" alt="" coords="829,230,888,256">
<area shape="rect" href="$_comm_buf_8h.html" title="CommBuf.h" alt="" coords="668,454,761,480">
<area shape="rect" href="$_request_cache_8h.html" title="RequestCache.h" alt="" coords="1440,454,1563,480">
<area shape="rect" href="$_dispatch_handler_8h.html" title="DispatchHandler.h" alt="" coords="1341,528,1475,555">
<area shape="rect" href="$_reactor_factory_8h.html" title="ReactorFactory.h" alt="" coords="1267,304,1392,331">
<area shape="rect" href="$_expire_timer_8h.html" title="ExpireTimer.h" alt="" coords="1016,454,1123,480">
<area shape="rect" href="$_async_comm_2_event_8h.html" title="Event.h" alt="" coords="965,603,1032,630">
<area shape="rect" href="$_reactor_8h.html" title="Reactor.h" alt="" coords="1291,379,1371,406">
