<area shape="rect" href="$_table_scanner_8h.html" title="/Users/doug/src/hypertable/src/cc/Hypertable/Lib/TableScanner.h" alt="" coords="6808,80,7224,107">
<area shape="rect" href="$_interval_scanner_8cc.html" title="/Users/doug/src/hypertable/src/cc/Hypertable/Lib/IntervalScanner.cc" alt="" coords="7248,80,7680,107">
<area shape="rect" href="$_table_8h.html" title="/Users/doug/src/hypertable/src/cc/Hypertable/Lib/Table.h" alt="" coords="7087,155,7452,182">
<area shape="rect" href="$_metadata_normal_8cc.html" title="/Users/doug/src/hypertable/src/cc/Hypertable/RangeServer/MetadataNormal.cc" alt="" coords="6488,304,6987,331">
<area shape="rect" href="$_table_scanner_8cc.html" title="/Users/doug/src/hypertable/src/cc/Hypertable/Lib/TableScanner.cc" alt="" coords="7476,155,7897,182">
<area shape="rect" href="$_metadata_normal_8h.html" title="/Users/doug/src/hypertable/src/cc/Hypertable/RangeServer/MetadataNormal.h" alt="" coords="5981,230,6475,256">
<area shape="rect" href="$_metadata_root_8h.html" title="/Users/doug/src/hypertable/src/cc/Hypertable/RangeServer/MetadataRoot.h" alt="" coords="6499,230,6979,256">
<area shape="rect" href="$_hypertable_2_lib_2_client_8h.html" title="/Users/doug/src/hypertable/src/cc/Hypertable/Lib/Client.h" alt="" coords="2829,230,3195,256">
<area shape="rect" href="$_table_8cc.html" title="/Users/doug/src/hypertable/src/cc/Hypertable/Lib/Table.cc" alt="" coords="7509,230,7880,256">
<area shape="rect" href="$_hypertable_2_master_2_master_8h.html" title="/Users/doug/src/hypertable/src/cc/Hypertable/Master/Master.h" alt="" coords="12033,230,12431,256">
<area shape="rect" href="$_master_gc_8cc.html" title="/Users/doug/src/hypertable/src/cc/Hypertable/Master/MasterGc.cc" alt="" coords="12455,230,12873,256">
<area shape="rect" href="$_hypertable_2_range_server_2_global_8h.html" title="/Users/doug/src/hypertable/src/cc/Hypertable/RangeServer/Global.h" alt="" coords="7053,230,7485,256">
<area shape="rect" href="$random__read__test_8cc.html" title="/Users/doug/src/hypertable/src/cc/Benchmark/random/random_read_test.cc" alt="" coords="5,304,485,331">
<area shape="rect" href="$random__write__test_8cc.html" title="/Users/doug/src/hypertable/src/cc/Benchmark/random/random_write_test.cc" alt="" coords="509,304,992,331">
<area shape="rect" href="$_hypertable_2_lib_2_client_8cc.html" title="/Users/doug/src/hypertable/src/cc/Hypertable/Lib/Client.cc" alt="" coords="1016,304,1387,331">
<area shape="rect" href="$generate__test__data_8cc.html" title="/Users/doug/src/hypertable/src/cc/Hypertable/Lib/generate_test_data.cc" alt="" coords="1411,304,1864,331">
<area shape="rect" href="$_hql_command_interpreter_8cc.html" title="/Users/doug/src/hypertable/src/cc/Hypertable/Lib/HqlCommandInterpreter.cc" alt="" coords="1888,304,2371,331">
<area shape="rect" href="$htgc_8cc.html" title="/Users/doug/src/hypertable/src/cc/Hypertable/Master/htgc.cc" alt="" coords="2395,304,2781,331">
<area shape="rect" href="$count__stored_8cc.html" title="/Users/doug/src/hypertable/src/cc/Hypertable/RangeServer/count_stored.cc" alt="" coords="5021,304,5499,331">
<area shape="rect" href="$hypertable_8cc.html" title="/Users/doug/src/hypertable/src/cc/Tools/hypertable/hypertable.cc" alt="" coords="2805,304,3219,331">
<area shape="rect" href="$rsclient_8cc.html" title="/Users/doug/src/hypertable/src/cc/Tools/rsclient/rsclient.cc" alt="" coords="3243,304,3616,331">
<area shape="rect" href="$apache__log__load_8cc.html" title="/Users/doug/src/hypertable/examples/apache_log/apache_log_load.cc" alt="" coords="3640,304,4085,331">
<area shape="rect" href="$apache__log__query_8cc.html" title="/Users/doug/src/hypertable/examples/apache_log/apache_log_query.cc" alt="" coords="4109,304,4563,331">
<area shape="rect" href="$freebase__load_8cc.html" title="/Users/doug/src/hypertable/examples/freebase/freebase_load.cc" alt="" coords="4587,304,4997,331">
<area shape="rect" href="$_hypertable_2_master_2_connection_handler_8h.html" title="/Users/doug/src/hypertable/src/cc/Hypertable/Master/ConnectionHandler.h" alt="" coords="10029,304,10501,331">
<area shape="rect" href="$_hypertable_2_master_2main_8cc.html" title="/Users/doug/src/hypertable/src/cc/Hypertable/Master/main.cc" alt="" coords="9831,379,10220,406">
<area shape="rect" href="$_event_handler_server_joined_8cc.html" title="/Users/doug/src/hypertable/src/cc/Hypertable/Master/EventHandlerServerJoined.cc" alt="" coords="10291,379,10813,406">
<area shape="rect" href="$_event_handler_server_joined_8h.html" title="/Users/doug/src/hypertable/src/cc/Hypertable/Master/EventHandlerServerJoined.h" alt="" coords="10576,304,11093,331">
<area shape="rect" href="$_servers_directory_handler_8cc.html" title="/Users/doug/src/hypertable/src/cc/Hypertable/Master/ServersDirectoryHandler.cc" alt="" coords="10863,379,11372,406">
<area shape="rect" href="$_event_handler_server_left_8cc.html" title="/Users/doug/src/hypertable/src/cc/Hypertable/Master/EventHandlerServerLeft.cc" alt="" coords="11396,379,11903,406">
<area shape="rect" href="$_event_handler_server_left_8h.html" title="/Users/doug/src/hypertable/src/cc/Hypertable/Master/EventHandlerServerLeft.h" alt="" coords="11168,304,11667,331">
<area shape="rect" href="$_server_lock_file_handler_8cc.html" title="/Users/doug/src/hypertable/src/cc/Hypertable/Master/ServerLockFileHandler.cc" alt="" coords="11927,379,12425,406">
<area shape="rect" href="$_hypertable_2_master_2_master_8cc.html" title="/Users/doug/src/hypertable/src/cc/Hypertable/Master/Master.cc" alt="" coords="12449,379,12852,406">
<area shape="rect" href="$_servers_directory_handler_8h.html" title="/Users/doug/src/hypertable/src/cc/Hypertable/Master/ServersDirectoryHandler.h" alt="" coords="11691,304,12195,331">
<area shape="rect" href="$_request_handler_create_table_8cc.html" title="/Users/doug/src/hypertable/src/cc/Hypertable/Master/RequestHandlerCreateTable.cc" alt="" coords="12371,304,12904,331">
<area shape="rect" href="$_master_2_request_handler_drop_table_8cc.html" title="/Users/doug/src/hypertable/src/cc/Hypertable/Master/RequestHandlerDropTable.cc" alt="" coords="12928,304,13451,331">
<area shape="rect" href="$_request_handler_get_schema_8cc.html" title="/Users/doug/src/hypertable/src/cc/Hypertable/Master/RequestHandlerGetSchema.cc" alt="" coords="13475,304,14005,331">
<area shape="rect" href="$_request_handler_register_server_8cc.html" title="/Users/doug/src/hypertable/src/cc/Hypertable/Master/RequestHandlerRegisterServer.cc" alt="" coords="14029,304,14579,331">
<area shape="rect" href="$_request_handler_report_split_8cc.html" title="/Users/doug/src/hypertable/src/cc/Hypertable/Master/RequestHandlerReportSplit.cc" alt="" coords="14603,304,15128,331">
<area shape="rect" href="$_master_2_request_handler_shutdown_8cc.html" title="/Users/doug/src/hypertable/src/cc/Hypertable/Master/RequestHandlerShutdown.cc" alt="" coords="15152,304,15672,331">
<area shape="rect" href="$_hypertable_2_master_2_request_handler_status_8cc.html" title="/Users/doug/src/hypertable/src/cc/Hypertable/Master/RequestHandlerStatus.cc" alt="" coords="15696,304,16195,331">
<area shape="rect" href="$_access_group_8cc.html" title="/Users/doug/src/hypertable/src/cc/Hypertable/RangeServer/AccessGroup.cc" alt="" coords="5523,304,6003,331">
<area shape="rect" href="$_cell_cache_8cc.html" title="/Users/doug/src/hypertable/src/cc/Hypertable/RangeServer/CellCache.cc" alt="" coords="7520,304,7981,331">
<area shape="rect" href="$_cell_store_scanner_v0_8cc.html" title="/Users/doug/src/hypertable/src/cc/Hypertable/RangeServer/CellStoreScannerV0.cc" alt="" coords="8005,304,8528,331">
<area shape="rect" href="$_range_server_8h.html" title="/Users/doug/src/hypertable/src/cc/Hypertable/RangeServer/RangeServer.h" alt="" coords="8552,304,9024,331">
<area shape="rect" href="$csdump_8cc.html" title="/Users/doug/src/hypertable/src/cc/Hypertable/RangeServer/csdump.cc" alt="" coords="9048,304,9493,331">
<area shape="rect" href="$_hypertable_2_range_server_2_global_8cc.html" title="/Users/doug/src/hypertable/src/cc/Hypertable/RangeServer/Global.cc" alt="" coords="9517,304,9955,331">
<area shape="rect" href="$_metadata_root_8cc.html" title="/Users/doug/src/hypertable/src/cc/Hypertable/RangeServer/MetadataRoot.cc" alt="" coords="7011,304,7496,331">
<area shape="rect" href="$_range_8cc.html" title="/Users/doug/src/hypertable/src/cc/Hypertable/RangeServer/Range.cc" alt="" coords="6027,304,6464,331">
