<area shape="rect" href="$_table_mutator_scatter_buffer_8h.html" title="/Users/doug/src/hypertable/src/cc/Hypertable/Lib/TableMutatorScatterBuffer.h" alt="" coords="5520,153,6011,180">
<area shape="rect" href="$_cell_cache_8cc.html" title="/Users/doug/src/hypertable/src/cc/Hypertable/RangeServer/CellCache.cc" alt="" coords="3987,601,4448,628">
<area shape="rect" href="$count__stored_8cc.html" title="/Users/doug/src/hypertable/src/cc/Hypertable/RangeServer/count_stored.cc" alt="" coords="2981,601,3459,628">
<area shape="rect" href="$csdump_8cc.html" title="/Users/doug/src/hypertable/src/cc/Hypertable/RangeServer/csdump.cc" alt="" coords="2461,601,2907,628">
<area shape="rect" href="$_table_mutator_8cc.html" title="/Users/doug/src/hypertable/src/cc/Hypertable/Lib/TableMutator.cc" alt="" coords="5035,303,5453,329">
<area shape="rect" href="$_table_mutator_scatter_buffer_8cc.html" title="/Users/doug/src/hypertable/src/cc/Hypertable/Lib/TableMutatorScatterBuffer.cc" alt="" coords="6069,303,6568,329">
<area shape="rect" href="$_commit_log_reader_8h.html" title="/Users/doug/src/hypertable/src/cc/Hypertable/Lib/CommitLogReader.h" alt="" coords="1016,303,1461,329">
<area shape="rect" href="$_range_8h.html" title="/Users/doug/src/hypertable/src/cc/Hypertable/RangeServer/Range.h" alt="" coords="1351,377,1783,404">
<area shape="rect" href="$_hql_parser_8h.html" title="/Users/doug/src/hypertable/src/cc/Hypertable/Lib/HqlParser.h" alt="" coords="6136,153,6528,180">
<area shape="rect" href="$_hql_command_interpreter_8cc.html" title="/Users/doug/src/hypertable/src/cc/Hypertable/Lib/HqlCommandInterpreter.cc" alt="" coords="6157,228,6640,255">
<area shape="rect" href="$_range_server_command_interpreter_8cc.html" title="/Users/doug/src/hypertable/src/cc/Tools/rsclient/RangeServerCommandInterpreter.cc" alt="" coords="6664,228,7200,255">
<area shape="rect" href="$_key_8cc.html" title="/Users/doug/src/hypertable/src/cc/Hypertable/Lib/Key.cc" alt="" coords="6603,153,6963,180">
<area shape="rect" href="$_load_data_source_8cc.html" title="/Users/doug/src/hypertable/src/cc/Hypertable/Lib/LoadDataSource.cc" alt="" coords="6987,153,7427,180">
<area shape="rect" href="$_range_locator_8cc.html" title="/Users/doug/src/hypertable/src/cc/Hypertable/Lib/RangeLocator.cc" alt="" coords="7451,153,7872,180">
<area shape="rect" href="$_row_interval_scanner_8cc.html" title="/Users/doug/src/hypertable/src/cc/Hypertable/Lib/RowIntervalScanner.cc" alt="" coords="7896,153,8355,180">
<area shape="rect" href="$_test_source_8cc.html" title="/Users/doug/src/hypertable/src/cc/Hypertable/Lib/TestSource.cc" alt="" coords="8379,153,8784,180">
<area shape="rect" href="$_scan_context_8h.html" title="/Users/doug/src/hypertable/src/cc/Hypertable/RangeServer/ScanContext.h" alt="" coords="4437,153,4909,180">
<area shape="rect" href="$_cell_cache_scanner_8cc.html" title="/Users/doug/src/hypertable/src/cc/Hypertable/RangeServer/CellCacheScanner.cc" alt="" coords="5045,601,5557,628">
<area shape="rect" href="$_merge_scanner_8cc.html" title="/Users/doug/src/hypertable/src/cc/Hypertable/RangeServer/MergeScanner.cc" alt="" coords="3561,527,4049,553">
<area shape="rect" href="$_cell_store_v0_8cc.html" title="/Users/doug/src/hypertable/src/cc/Hypertable/RangeServer/CellStoreV0.cc" alt="" coords="2407,527,2879,553">
<area shape="rect" href="$_scan_context_8cc.html" title="/Users/doug/src/hypertable/src/cc/Hypertable/RangeServer/ScanContext.cc" alt="" coords="3819,228,4296,255">
<area shape="rect" href="$_table_mutator_8h.html" title="/Users/doug/src/hypertable/src/cc/Hypertable/Lib/TableMutator.h" alt="" coords="4984,228,5395,255">
<area shape="rect" href="$_table_mutator_dispatch_handler_8h.html" title="/Users/doug/src/hypertable/src/cc/Hypertable/Lib/TableMutatorDispatchHandler.h" alt="" coords="5520,228,6032,255">
<area shape="rect" href="$_table_8h.html" title="/Users/doug/src/hypertable/src/cc/Hypertable/Lib/Table.h" alt="" coords="3744,377,4109,404">
<area shape="rect" href="$_metadata_normal_8cc.html" title="/Users/doug/src/hypertable/src/cc/Hypertable/RangeServer/MetadataNormal.cc" alt="" coords="4472,601,4971,628">
<area shape="rect" href="$_hypertable_2_range_server_2_global_8h.html" title="/Users/doug/src/hypertable/src/cc/Hypertable/RangeServer/Global.h" alt="" coords="3004,527,3436,553">
<area shape="rect" href="$_access_group_8cc.html" title="/Users/doug/src/hypertable/src/cc/Hypertable/RangeServer/AccessGroup.cc" alt="" coords="3483,601,3963,628">
<area shape="rect" href="$_range_server_8h.html" title="/Users/doug/src/hypertable/src/cc/Hypertable/RangeServer/RangeServer.h" alt="" coords="911,601,1383,628">
<area shape="rect" href="$_range_server_8cc.html" title="/Users/doug/src/hypertable/src/cc/Hypertable/RangeServer/RangeServer.cc" alt="" coords="1207,676,1684,703">
<area shape="rect" href="$_range_8cc.html" title="/Users/doug/src/hypertable/src/cc/Hypertable/RangeServer/Range.cc" alt="" coords="1800,601,2237,628">
<area shape="rect" href="$_table_mutator_dispatch_handler_8cc.html" title="/Users/doug/src/hypertable/src/cc/Hypertable/Lib/TableMutatorDispatchHandler.cc" alt="" coords="5528,303,6045,329">
<area shape="rect" href="$_commit_log_8cc.html" title="/Users/doug/src/hypertable/src/cc/Hypertable/Lib/CommitLog.cc" alt="" coords="31,377,436,404">
<area shape="rect" href="$_commit_log_reader_8cc.html" title="/Users/doug/src/hypertable/src/cc/Hypertable/Lib/CommitLogReader.cc" alt="" coords="460,377,911,404">
<area shape="rect" href="$dumplog_8cc.html" title="/Users/doug/src/hypertable/src/cc/Tools/dumplog/dumplog.cc" alt="" coords="935,377,1327,404">
<area shape="rect" href="$_scanner_map_8h.html" title="/Users/doug/src/hypertable/src/cc/Hypertable/RangeServer/ScannerMap.h" alt="" coords="2557,452,3027,479">
<area shape="rect" href="$_hypertable_2_range_server_2_table_info_8h.html" title="/Users/doug/src/hypertable/src/cc/Hypertable/RangeServer/TableInfo.h" alt="" coords="1155,452,1605,479">
<area shape="rect" href="$_maintenance_task_compaction_8h.html" title="/Users/doug/src/hypertable/src/cc/Hypertable/RangeServer/MaintenanceTaskCompaction.h" alt="" coords="1159,527,1732,553">
<area shape="rect" href="$_maintenance_task_log_cleanup_8h.html" title="/Users/doug/src/hypertable/src/cc/Hypertable/RangeServer/MaintenanceTaskLogCleanup.h" alt="" coords="5,452,579,479">
<area shape="rect" href="$_maintenance_task_split_8h.html" title="/Users/doug/src/hypertable/src/cc/Hypertable/RangeServer/MaintenanceTaskSplit.h" alt="" coords="603,452,1131,479">
<area shape="rect" href="$_scanner_map_8cc.html" title="/Users/doug/src/hypertable/src/cc/Hypertable/RangeServer/ScannerMap.cc" alt="" coords="1908,527,2383,553">
<area shape="rect" href="$_table_info_map_8h.html" title="/Users/doug/src/hypertable/src/cc/Hypertable/RangeServer/TableInfoMap.h" alt="" coords="609,527,1084,553">
<area shape="rect" href="$_cell_list_scanner_8h.html" title="/Users/doug/src/hypertable/src/cc/Hypertable/RangeServer/CellListScanner.h" alt="" coords="4133,377,4621,404">
<area shape="rect" href="$_cell_cache_scanner_8h.html" title="/Users/doug/src/hypertable/src/cc/Hypertable/RangeServer/CellCacheScanner.h" alt="" coords="4225,527,4732,553">
<area shape="rect" href="$_cell_list_8h.html" title="/Users/doug/src/hypertable/src/cc/Hypertable/RangeServer/CellList.h" alt="" coords="4320,228,4757,255">
<area shape="rect" href="$_cell_cache_8h.html" title="/Users/doug/src/hypertable/src/cc/Hypertable/RangeServer/CellCache.h" alt="" coords="4251,452,4707,479">
<area shape="rect" href="$_merge_scanner_8h.html" title="/Users/doug/src/hypertable/src/cc/Hypertable/RangeServer/MergeScanner.h" alt="" coords="3744,452,4227,479">
<area shape="rect" href="$_cell_store_scanner_v0_8h.html" title="/Users/doug/src/hypertable/src/cc/Hypertable/RangeServer/CellStoreScannerV0.h" alt="" coords="3152,452,3669,479">
<area shape="rect" href="$_fill_scan_block_8h.html" title="/Users/doug/src/hypertable/src/cc/Hypertable/RangeServer/FillScanBlock.h" alt="" coords="4807,527,5281,553">
<area shape="rect" href="$_cell_store_8h.html" title="/Users/doug/src/hypertable/src/cc/Hypertable/RangeServer/CellStore.h" alt="" coords="3959,303,4407,329">
