<area shape="rect" href="$_cell_8h.html" title="/Users/doug/src/hypertable/src/cc/Hypertable/Lib/Cell.h" alt="" coords="2499,102,2853,128">
<area shape="rect" href="$_hql_command_interpreter_8cc.html" title="/Users/doug/src/hypertable/src/cc/Hypertable/Lib/HqlCommandInterpreter.cc" alt="" coords="5,400,488,427">
<area shape="rect" href="$_hql_interpreter_8cc.html" title="/Users/doug/src/hypertable/src/cc/Hypertable/Lib/HqlInterpreter.cc" alt="" coords="1385,400,1807,427">
<area shape="rect" href="$count__stored_8cc.html" title="/Users/doug/src/hypertable/src/cc/Hypertable/RangeServer/count_stored.cc" alt="" coords="2325,400,2803,427">
<area shape="rect" href="$_table_mutator_8cc.html" title="/Users/doug/src/hypertable/src/cc/Hypertable/Lib/TableMutator.cc" alt="" coords="2639,326,3057,352">
<area shape="rect" href="$_hql_parser_8h.html" title="/Users/doug/src/hypertable/src/cc/Hypertable/Lib/HqlParser.h" alt="" coords="407,251,799,278">
<area shape="rect" href="$_range_server_command_interpreter_8cc.html" title="/Users/doug/src/hypertable/src/cc/Tools/rsclient/RangeServerCommandInterpreter.cc" alt="" coords="335,326,871,352">
<area shape="rect" href="$_interval_scanner_8cc.html" title="/Users/doug/src/hypertable/src/cc/Hypertable/Lib/IntervalScanner.cc" alt="" coords="2419,251,2851,278">
<area shape="rect" href="$_table_mutator_scatter_buffer_8h.html" title="/Users/doug/src/hypertable/src/cc/Hypertable/Lib/TableMutatorScatterBuffer.h" alt="" coords="2931,176,3421,203">
<area shape="rect" href="$_table_mutator_scatter_buffer_8cc.html" title="/Users/doug/src/hypertable/src/cc/Hypertable/Lib/TableMutatorScatterBuffer.cc" alt="" coords="3081,326,3580,352">
<area shape="rect" href="$_commit_log_reader_8h.html" title="/Users/doug/src/hypertable/src/cc/Hypertable/Lib/CommitLogReader.h" alt="" coords="4591,251,5036,278">
<area shape="rect" href="$_range_8h.html" title="/Users/doug/src/hypertable/src/cc/Hypertable/RangeServer/Range.h" alt="" coords="5127,326,5559,352">
<area shape="rect" href="$_range_server_8cc.html" title="/Users/doug/src/hypertable/src/cc/Hypertable/RangeServer/RangeServer.cc" alt="" coords="4592,475,5069,502">
<area shape="rect" href="$_key_8cc.html" title="/Users/doug/src/hypertable/src/cc/Hypertable/Lib/Key.cc" alt="" coords="5809,102,6169,128">
<area shape="rect" href="$_load_data_source_8cc.html" title="/Users/doug/src/hypertable/src/cc/Hypertable/Lib/LoadDataSource.cc" alt="" coords="6193,102,6633,128">
<area shape="rect" href="$_range_locator_8cc.html" title="/Users/doug/src/hypertable/src/cc/Hypertable/Lib/RangeLocator.cc" alt="" coords="6657,102,7079,128">
<area shape="rect" href="$_test_source_8cc.html" title="/Users/doug/src/hypertable/src/cc/Hypertable/Lib/TestSource.cc" alt="" coords="7103,102,7508,128">
<area shape="rect" href="$_scan_context_8h.html" title="/Users/doug/src/hypertable/src/cc/Hypertable/RangeServer/ScanContext.h" alt="" coords="5212,102,5684,128">
<area shape="rect" href="$_cell_cache_8cc.html" title="/Users/doug/src/hypertable/src/cc/Hypertable/RangeServer/CellCache.cc" alt="" coords="6187,400,6648,427">
<area shape="rect" href="$_cell_cache_scanner_8cc.html" title="/Users/doug/src/hypertable/src/cc/Hypertable/RangeServer/CellCacheScanner.cc" alt="" coords="6672,400,7184,427">
<area shape="rect" href="$_cell_list_8h.html" title="/Users/doug/src/hypertable/src/cc/Hypertable/RangeServer/CellList.h" alt="" coords="5199,176,5636,203">
<area shape="rect" href="$_scan_context_8cc.html" title="/Users/doug/src/hypertable/src/cc/Hypertable/RangeServer/ScanContext.cc" alt="" coords="6316,176,6793,203">
<area shape="rect" href="$_cell_store_v0_8cc.html" title="/Users/doug/src/hypertable/src/cc/Hypertable/RangeServer/CellStoreV0.cc" alt="" coords="7532,102,8004,128">
<area shape="rect" href="$csdump_8cc.html" title="/Users/doug/src/hypertable/src/cc/Hypertable/RangeServer/csdump.cc" alt="" coords="8028,102,8473,128">
<area shape="rect" href="$_live_file_tracker_8cc.html" title="/Users/doug/src/hypertable/src/cc/Hypertable/RangeServer/LiveFileTracker.cc" alt="" coords="8497,102,8988,128">
<area shape="rect" href="$_merge_scanner_8cc.html" title="/Users/doug/src/hypertable/src/cc/Hypertable/RangeServer/MergeScanner.cc" alt="" coords="9012,102,9500,128">
<area shape="rect" href="$_cell_8cc.html" title="/Users/doug/src/hypertable/src/cc/Hypertable/Lib/Cell.cc" alt="" coords="2496,176,2856,203">
<area shape="rect" href="$_cells_8h.html" title="/Users/doug/src/hypertable/src/cc/Hypertable/Lib/Cells.h" alt="" coords="1488,176,1851,203">
<area shape="rect" href="$_interval_scanner_8h.html" title="/Users/doug/src/hypertable/src/cc/Hypertable/Lib/IntervalScanner.h" alt="" coords="2045,176,2472,203">
<area shape="rect" href="$_table_scanner_8h.html" title="/Users/doug/src/hypertable/src/cc/Hypertable/Lib/TableScanner.h" alt="" coords="1461,251,1877,278">
<area shape="rect" href="$_hql_interpreter_8h.html" title="/Users/doug/src/hypertable/src/cc/Hypertable/Lib/HqlInterpreter.h" alt="" coords="895,326,1308,352">
<area shape="rect" href="$_table_mutator_8h.html" title="/Users/doug/src/hypertable/src/cc/Hypertable/Lib/TableMutator.h" alt="" coords="1901,251,2312,278">
<area shape="rect" href="$_hypertable_2_lib_2_client_8h.html" title="/Users/doug/src/hypertable/src/cc/Hypertable/Lib/Client.h" alt="" coords="2249,326,2615,352">
<area shape="rect" href="$_table_8cc.html" title="/Users/doug/src/hypertable/src/cc/Hypertable/Lib/Table.cc" alt="" coords="1332,326,1703,352">
<area shape="rect" href="$_metadata_normal_8cc.html" title="/Users/doug/src/hypertable/src/cc/Hypertable/RangeServer/MetadataNormal.cc" alt="" coords="1727,326,2225,352">
<area shape="rect" href="$_table_mutator_dispatch_handler_8h.html" title="/Users/doug/src/hypertable/src/cc/Hypertable/Lib/TableMutatorDispatchHandler.h" alt="" coords="2967,251,3479,278">
<area shape="rect" href="$_commit_log_8cc.html" title="/Users/doug/src/hypertable/src/cc/Hypertable/Lib/CommitLog.cc" alt="" coords="3756,326,4161,352">
<area shape="rect" href="$_commit_log_reader_8cc.html" title="/Users/doug/src/hypertable/src/cc/Hypertable/Lib/CommitLogReader.cc" alt="" coords="4185,326,4636,352">
<area shape="rect" href="$_range_8cc.html" title="/Users/doug/src/hypertable/src/cc/Hypertable/RangeServer/Range.cc" alt="" coords="3011,400,3448,427">
<area shape="rect" href="$dumplog_8cc.html" title="/Users/doug/src/hypertable/src/cc/Tools/dumplog/dumplog.cc" alt="" coords="4660,326,5052,352">
<area shape="rect" href="$_maintenance_task_split_8h.html" title="/Users/doug/src/hypertable/src/cc/Hypertable/RangeServer/MaintenanceTaskSplit.h" alt="" coords="5141,400,5669,427">
<area shape="rect" href="$_scanner_map_8h.html" title="/Users/doug/src/hypertable/src/cc/Hypertable/RangeServer/ScannerMap.h" alt="" coords="5693,400,6163,427">
<area shape="rect" href="$_hypertable_2_range_server_2_table_info_8h.html" title="/Users/doug/src/hypertable/src/cc/Hypertable/RangeServer/TableInfo.h" alt="" coords="3472,400,3923,427">
<area shape="rect" href="$_maintenance_task_compaction_8h.html" title="/Users/doug/src/hypertable/src/cc/Hypertable/RangeServer/MaintenanceTaskCompaction.h" alt="" coords="3947,400,4520,427">
<area shape="rect" href="$_maintenance_task_log_cleanup_8h.html" title="/Users/doug/src/hypertable/src/cc/Hypertable/RangeServer/MaintenanceTaskLogCleanup.h" alt="" coords="4544,400,5117,427">
<area shape="rect" href="$_cell_list_scanner_8h.html" title="/Users/doug/src/hypertable/src/cc/Hypertable/RangeServer/CellListScanner.h" alt="" coords="5681,176,6169,203">
<area shape="rect" href="$_cell_cache_scanner_8h.html" title="/Users/doug/src/hypertable/src/cc/Hypertable/RangeServer/CellCacheScanner.h" alt="" coords="6164,326,6671,352">
<area shape="rect" href="$_cell_cache_8h.html" title="/Users/doug/src/hypertable/src/cc/Hypertable/RangeServer/CellCache.h" alt="" coords="5633,251,6089,278">
<area shape="rect" href="$_cell_store_8h.html" title="/Users/doug/src/hypertable/src/cc/Hypertable/RangeServer/CellStore.h" alt="" coords="5161,251,5609,278">
