<area shape="rect" href="$_access_group_8h.html" title="/Users/doug/src/hypertable/src/cc/Hypertable/RangeServer/AccessGroup.h" alt="" coords="6523,80,6998,107">
<area shape="rect" href="$_live_file_tracker_8cc.html" title="/Users/doug/src/hypertable/src/cc/Hypertable/RangeServer/LiveFileTracker.cc" alt="" coords="7022,80,7512,107">
<area shape="rect" href="$_access_group_8cc.html" title="/Users/doug/src/hypertable/src/cc/Hypertable/RangeServer/AccessGroup.cc" alt="" coords="6,528,486,555">
<area shape="rect" href="$_range_8h.html" title="/Users/doug/src/hypertable/src/cc/Hypertable/RangeServer/Range.h" alt="" coords="6544,155,6976,181">
<area shape="rect" href="$_cell_store_release_callback_8cc.html" title="/Users/doug/src/hypertable/src/cc/Hypertable/RangeServer/CellStoreReleaseCallback.cc" alt="" coords="7000,155,7558,181">
<area shape="rect" href="$_maintenance_task_8h.html" title="/Users/doug/src/hypertable/src/cc/Hypertable/RangeServer/MaintenanceTask.h" alt="" coords="11514,229,12015,256">
<area shape="rect" href="$_range_8cc.html" title="/Users/doug/src/hypertable/src/cc/Hypertable/RangeServer/Range.cc" alt="" coords="510,528,947,555">
<area shape="rect" href="$_range_stats_gatherer_8h.html" title="/Users/doug/src/hypertable/src/cc/Hypertable/RangeServer/RangeStatsGatherer.h" alt="" coords="10686,528,11203,555">
<area shape="rect" href="$_scanner_map_8h.html" title="/Users/doug/src/hypertable/src/cc/Hypertable/RangeServer/ScannerMap.h" alt="" coords="6798,229,7267,256">
<area shape="rect" href="$_hypertable_2_range_server_2_table_info_8h.html" title="/Users/doug/src/hypertable/src/cc/Hypertable/RangeServer/TableInfo.h" alt="" coords="7654,379,8104,405">
<area shape="rect" href="$_maintenance_queue_8h.html" title="/Users/doug/src/hypertable/src/cc/Hypertable/RangeServer/MaintenanceQueue.h" alt="" coords="11522,379,12034,405">
<area shape="rect" href="$_maintenance_task_index_purge_8h.html" title="/Users/doug/src/hypertable/src/cc/Hypertable/RangeServer/MaintenanceTaskIndexPurge.h" alt="" coords="11802,304,12372,331">
<area shape="rect" href="$_maintenance_task_compaction_8h.html" title="/Users/doug/src/hypertable/src/cc/Hypertable/RangeServer/MaintenanceTaskCompaction.h" alt="" coords="12450,453,13023,480">
<area shape="rect" href="$_maintenance_task_split_8h.html" title="/Users/doug/src/hypertable/src/cc/Hypertable/RangeServer/MaintenanceTaskSplit.h" alt="" coords="10980,453,11508,480">
<area shape="rect" href="$_global_8h.html" title="/Users/doug/src/hypertable/src/cc/Hypertable/RangeServer/Global.h" alt="" coords="6326,453,6758,480">
<area shape="rect" href="$_range_server_8cc.html" title="/Users/doug/src/hypertable/src/cc/Hypertable/RangeServer/RangeServer.cc" alt="" coords="10458,752,10935,779">
<area shape="rect" href="$_maintenance_queue_8cc.html" title="/Users/doug/src/hypertable/src/cc/Hypertable/RangeServer/MaintenanceQueue.cc" alt="" coords="11532,453,12050,480">
<area shape="rect" href="$_cell_cache_8cc.html" title="/Users/doug/src/hypertable/src/cc/Hypertable/RangeServer/CellCache.cc" alt="" coords="9096,528,9558,555">
<area shape="rect" href="$_cell_cache_pool_8cc.html" title="/Users/doug/src/hypertable/src/cc/Hypertable/RangeServer/CellCachePool.cc" alt="" coords="5251,528,5739,555">
<area shape="rect" href="$_cell_store_factory_8cc.html" title="/Users/doug/src/hypertable/src/cc/Hypertable/RangeServer/CellStoreFactory.cc" alt="" coords="5763,528,6264,555">
<area shape="rect" href="$_cell_store_scanner_8cc.html" title="/Users/doug/src/hypertable/src/cc/Hypertable/RangeServer/CellStoreScanner.cc" alt="" coords="6288,528,6795,555">
<area shape="rect" href="$_cell_store_scanner_interval_block_index_8cc.html" title="/Users/doug/src/hypertable/src/cc/Hypertable/RangeServer/CellStoreScannerIntervalBlockIndex.cc" alt="" coords="6819,528,7435,555">
<area shape="rect" href="$_cell_store_scanner_interval_readahead_8cc.html" title="/Users/doug/src/hypertable/src/cc/Hypertable/RangeServer/CellStoreScannerIntervalReadahead.cc" alt="" coords="7459,528,8080,555">
<area shape="rect" href="$_cell_store_v0_8cc.html" title="/Users/doug/src/hypertable/src/cc/Hypertable/RangeServer/CellStoreV0.cc" alt="" coords="8104,528,8576,555">
<area shape="rect" href="$_cell_store_v1_8cc.html" title="/Users/doug/src/hypertable/src/cc/Hypertable/RangeServer/CellStoreV1.cc" alt="" coords="8600,528,9072,555">
<area shape="rect" href="$_range_server_8h.html" title="/Users/doug/src/hypertable/src/cc/Hypertable/RangeServer/RangeServer.h" alt="" coords="9582,528,10054,555">
<area shape="rect" href="$_hypertable_2_range_server_2main_8cc.html" title="/Users/doug/src/hypertable/src/cc/Hypertable/RangeServer/main.cc" alt="" coords="8775,677,9204,704">
<area shape="rect" href="$_maintenance_prioritizer_8h.html" title="/Users/doug/src/hypertable/src/cc/Hypertable/RangeServer/MaintenancePrioritizer.h" alt="" coords="10128,603,10659,629">
<area shape="rect" href="$count__stored_8cc.html" title="/Users/doug/src/hypertable/src/cc/Hypertable/RangeServer/count_stored.cc" alt="" coords="1022,528,1499,555">
<area shape="rect" href="$csdump_8cc.html" title="/Users/doug/src/hypertable/src/cc/Hypertable/RangeServer/csdump.cc" alt="" coords="1523,528,1968,555">
<area shape="rect" href="$_global_8cc.html" title="/Users/doug/src/hypertable/src/cc/Hypertable/RangeServer/Global.cc" alt="" coords="1992,528,2430,555">
<area shape="rect" href="$_maintenance_prioritizer_log_cleanup_8cc.html" title="/Users/doug/src/hypertable/src/cc/Hypertable/RangeServer/MaintenancePrioritizerLogCleanup.cc" alt="" coords="2454,528,3062,555">
<area shape="rect" href="$_maintenance_prioritizer_low_memory_8cc.html" title="/Users/doug/src/hypertable/src/cc/Hypertable/RangeServer/MaintenancePrioritizerLowMemory.cc" alt="" coords="3086,528,3694,555">
<area shape="rect" href="$_maintenance_scheduler_8cc.html" title="/Users/doug/src/hypertable/src/cc/Hypertable/RangeServer/MaintenanceScheduler.cc" alt="" coords="11835,528,12374,555">
<area shape="rect" href="$_metadata_normal_8cc.html" title="/Users/doug/src/hypertable/src/cc/Hypertable/RangeServer/MetadataNormal.cc" alt="" coords="3718,528,4216,555">
<area shape="rect" href="$_metadata_root_8cc.html" title="/Users/doug/src/hypertable/src/cc/Hypertable/RangeServer/MetadataRoot.cc" alt="" coords="4240,528,4726,555">
<area shape="rect" href="$_scan_context_8cc.html" title="/Users/doug/src/hypertable/src/cc/Hypertable/RangeServer/ScanContext.cc" alt="" coords="4750,528,5227,555">
<area shape="rect" href="$_table_info_map_8cc.html" title="/Users/doug/src/hypertable/src/cc/Hypertable/RangeServer/TableInfoMap.cc" alt="" coords="10179,528,10662,555">
<area shape="rect" href="$_hypertable_2_range_server_2_connection_handler_8h.html" title="/Users/doug/src/hypertable/src/cc/Hypertable/RangeServer/ConnectionHandler.h" alt="" coords="9494,603,10003,629">
<area shape="rect" href="$_hypertable_2_range_server_2_connection_handler_8cc.html" title="/Users/doug/src/hypertable/src/cc/Hypertable/RangeServer/ConnectionHandler.cc" alt="" coords="9228,677,9743,704">
<area shape="rect" href="$_handler_factory_8h.html" title="/Users/doug/src/hypertable/src/cc/Hypertable/RangeServer/HandlerFactory.h" alt="" coords="9767,677,10255,704">
<area shape="rect" href="$_timer_handler_8h.html" title="/Users/doug/src/hypertable/src/cc/Hypertable/RangeServer/TimerHandler.h" alt="" coords="8944,603,9419,629">
<area shape="rect" href="$_range_stats_gatherer_8cc.html" title="/Users/doug/src/hypertable/src/cc/Hypertable/RangeServer/RangeStatsGatherer.cc" alt="" coords="10734,603,11256,629">
<area shape="rect" href="$_maintenance_task_index_purge_8cc.html" title="/Users/doug/src/hypertable/src/cc/Hypertable/RangeServer/MaintenanceTaskIndexPurge.cc" alt="" coords="12124,379,12700,405">
<area shape="rect" href="$_maintenance_task_compaction_8cc.html" title="/Users/doug/src/hypertable/src/cc/Hypertable/RangeServer/MaintenanceTaskCompaction.cc" alt="" coords="12499,528,13078,555">
<area shape="rect" href="$_maintenance_task_split_8cc.html" title="/Users/doug/src/hypertable/src/cc/Hypertable/RangeServer/MaintenanceTaskSplit.cc" alt="" coords="11278,528,11811,555">
<area shape="rect" href="$_scanner_map_8cc.html" title="/Users/doug/src/hypertable/src/cc/Hypertable/RangeServer/ScannerMap.cc" alt="" coords="6848,304,7323,331">
<area shape="rect" href="$_table_info_map_8h.html" title="/Users/doug/src/hypertable/src/cc/Hypertable/RangeServer/TableInfoMap.h" alt="" coords="9882,453,10356,480">
<area shape="rect" href="$_hypertable_2_range_server_2_table_info_8cc.html" title="/Users/doug/src/hypertable/src/cc/Hypertable/RangeServer/TableInfo.cc" alt="" coords="7651,453,8107,480">
