<area shape="rect" href="$_compat_8h.html" title="Common/Compat.h" alt="" coords="144,87,283,114">
<area shape="rect" href="$_time_8h.html" title="time.h" alt="" coords="664,87,723,114">
<area shape="rect" href="$_dynamic_buffer_8h.html" title="Common/DynamicBuffer.h" alt="" coords="2492,311,2673,338">
<area shape="rect" href="$_error_8h.html" title="Common/Error.h" alt="" coords="585,386,708,412">
<area shape="rect" href="$_logger_8h.html" title="Common/Logger.h" alt="" coords="932,236,1065,263">
<area shape="rect" href="$_key_8h.html" title="Key.h" alt="" coords="1603,87,1659,114">
<area shape="rect" href="$_load_data_source_stdin_8h.html" title="LoadDataSourceStdin.h" alt="" coords="2424,87,2592,114">
<area shape="rect" href="$compat&#45;c_8h.html" title="compat&#45;c.h" alt="" coords="195,162,283,188">
<area shape="rect" href="$_sweetener_8h.html" title="Sweetener.h" alt="" coords="72,162,171,188">
<area shape="rect" href="$_string_8h.html" title="string.h" alt="" coords="1408,460,1475,487">
<area shape="rect" href="$_reference_count_8h.html" title="ReferenceCount.h" alt="" coords="2591,386,2721,412">
<area shape="rect" href="$atomic_8h.html" title="atomic.h" alt="" coords="2689,460,2764,487">
<area shape="rect" href="$_fixed_stream_8h.html" title="FixedStream.h" alt="" coords="783,386,892,412">
<area shape="rect" href="$_byte_string_8h.html" title="Common/ByteString.h" alt="" coords="1591,236,1745,263">
<area shape="rect" href="$_key_spec_8h.html" title="KeySpec.h" alt="" coords="1927,311,2012,338">
<area shape="rect" href="$_serialized_key_8h.html" title="SerializedKey.h" alt="" coords="1377,162,1492,188">
<area shape="rect" href="$_data_source_8h.html" title="DataSource.h" alt="" coords="1921,236,2025,263">
<area shape="rect" href="$_fixed_random_string_generator_8h.html" title="FixedRandomStringGenerator.h" alt="" coords="2252,311,2468,338">
<area shape="rect" href="$_load_data_source_8h.html" title="LoadDataSource.h" alt="" coords="2197,162,2333,188">
