<area shape="rect" href="$_compat_8h.html" title="Common/Compat.h" alt="" coords="216,229,355,256">
<area shape="rect" href="$_string_8h.html" title="Common/String.h" alt="" coords="725,453,853,480">
<area shape="rect" href="$_file_utils_8h.html" title="Common/FileUtils.h" alt="" coords="2493,80,2635,107">
<area shape="rect" href="$_system_8h.html" title="Common/System.h" alt="" coords="56,229,192,256">
<area shape="rect" href="$_local_broker_8h.html" title="LocalBroker.h" alt="" coords="2107,80,2213,107">
<area shape="rect" href="$compat&#45;c_8h.html" title="compat&#45;c.h" alt="" coords="525,304,613,331">
<area shape="rect" href="$_sweetener_8h.html" title="Sweetener.h" alt="" coords="236,304,335,331">
<area shape="rect" href="$atomic_8h.html" title="Common/atomic.h" alt="" coords="2051,379,2184,405">
<area shape="rect" href="$_properties_8h.html" title="Common/Properties.h" alt="" coords="2061,229,2216,256">
<area shape="rect" href="$_broker_8h.html" title="DfsBroker/Lib/Broker.h" alt="" coords="1273,155,1433,181">
<area shape="rect" href="$_reference_count_8h.html" title="ReferenceCount.h" alt="" coords="1973,304,2104,331">
<area shape="rect" href="$_string_ext_8h.html" title="StringExt.h" alt="" coords="2128,304,2216,331">
<area shape="rect" href="$_hash_map_8h.html" title="HashMap.h" alt="" coords="1749,379,1840,405">
<area shape="rect" href="$_open_file_map_8h.html" title="DfsBroker/Lib/OpenFileMap.h" alt="" coords="1736,229,1936,256">
<area shape="rect" href="$_dfs_broker_2_lib_2_response_callback_open_8h.html" title="ResponseCallbackOpen.h" alt="" coords="635,229,813,256">
<area shape="rect" href="$_response_callback_read_8h.html" title="ResponseCallbackRead.h" alt="" coords="1264,229,1443,256">
<area shape="rect" href="$_response_callback_append_8h.html" title="ResponseCallbackAppend.h" alt="" coords="837,229,1029,256">
<area shape="rect" href="$_response_callback_length_8h.html" title="ResponseCallbackLength.h" alt="" coords="1053,229,1240,256">
<area shape="rect" href="$_dfs_broker_2_lib_2_response_callback_readdir_8h.html" title="ResponseCallbackReaddir.h" alt="" coords="1467,229,1661,256">
<area shape="rect" href="$_dfs_broker_2_lib_2_response_callback_exists_8h.html" title="ResponseCallbackExists.h" alt="" coords="429,229,611,256">
<area shape="rect" href="$_logger_8h.html" title="Common/Logger.h" alt="" coords="1187,379,1320,405">
<area shape="rect" href="$_error_8h.html" title="Common/Error.h" alt="" coords="1088,304,1211,331">
<area shape="rect" href="$_comm_buf_8h.html" title="AsyncComm/CommBuf.h" alt="" coords="888,304,1064,331">
<area shape="rect" href="$_response_callback_8h.html" title="AsyncComm/ResponseCallback.h" alt="" coords="637,304,864,331">
<area shape="rect" href="$_static_buffer_8h.html" title="Common/StaticBuffer.h" alt="" coords="949,379,1112,405">
