<area shape="rect" href="$_compat_8h.html" title="Common/Compat.h" alt="" coords="292,229,431,256">
<area shape="rect" href="$_error_8h.html" title="Common/Error.h" alt="" coords="2437,603,2560,629">
<area shape="rect" href="$_inet_addr_8h.html" title="Common/InetAddr.h" alt="" coords="3292,528,3436,555">
<area shape="rect" href="$_application_queue_8h.html" title="AsyncComm/ApplicationQueue.h" alt="" coords="2677,304,2899,331">
<area shape="rect" href="$_dispatch_handler_synchronizer_8h.html" title="AsyncComm/DispatchHandlerSynchronizer.h" alt="" coords="2357,304,2653,331">
<area shape="rect" href="$_serialization_8h.html" title="Common/Serialization.h" alt="" coords="1960,528,2128,555">
<area shape="rect" href="$_session_8h.html" title="Hyperspace/Session.h" alt="" coords="992,229,1149,256">
<area shape="rect" href="$_master_file_handler_8h.html" title="MasterFileHandler.h" alt="" coords="2064,80,2208,107">
<area shape="rect" href="$_master_client_8h.html" title="MasterClient.h" alt="" coords="1980,155,2089,181">
<area shape="rect" href="$_master_protocol_8h.html" title="MasterProtocol.h" alt="" coords="2953,229,3079,256">
<area shape="rect" href="$compat&#45;c_8h.html" title="compat&#45;c.h" alt="" coords="193,304,281,331">
<area shape="rect" href="$_sweetener_8h.html" title="Sweetener.h" alt="" coords="312,304,411,331">
<area shape="rect" href="$_string_8h.html" title="string.h" alt="" coords="2243,677,2309,704">
<area shape="rect" href="$_logger_8h.html" title="Common/Logger.h" alt="" coords="2309,528,2443,555">
<area shape="rect" href="$_hash_map_8h.html" title="Common/HashMap.h" alt="" coords="2024,453,2173,480">
<area shape="rect" href="$_reference_count_8h.html" title="Common/ReferenceCount.h" alt="" coords="1200,603,1389,629">
<area shape="rect" href="$_string_ext_8h.html" title="Common/StringExt.h" alt="" coords="1552,379,1699,405">
<area shape="rect" href="$_application_handler_8h.html" title="ApplicationHandler.h" alt="" coords="3032,453,3181,480">
<area shape="rect" href="$_async_comm_2_event_8h.html" title="Event.h" alt="" coords="2559,528,2625,555">
<area shape="rect" href="$_dispatch_handler_8h.html" title="DispatchHandler.h" alt="" coords="1293,453,1427,480">
<area shape="rect" href="$serialization&#45;c_8h.html" title="serialization&#45;c.h" alt="" coords="1985,603,2103,629">
<area shape="rect" href="$_comm_8h.html" title="AsyncComm/Comm.h" alt="" coords="936,379,1091,405">
<area shape="rect" href="$_comm_buf_8h.html" title="CommBuf.h" alt="" coords="1887,453,1980,480">
<area shape="rect" href="$_connection_manager_8h.html" title="AsyncComm/ConnectionManager.h" alt="" coords="1709,304,1947,331">
<area shape="rect" href="$_dynamic_buffer_8h.html" title="DynamicBuffer.h" alt="" coords="435,304,557,331">
<area shape="rect" href="$_client_keepalive_handler_8h.html" title="ClientKeepaliveHandler.h" alt="" coords="1299,304,1475,331">
<area shape="rect" href="$_handle_callback_8h.html" title="HandleCallback.h" alt="" coords="733,379,861,405">
<area shape="rect" href="$_lock_sequencer_8h.html" title="LockSequencer.h" alt="" coords="540,677,668,704">
<area shape="rect" href="$_hyperspace_2_protocol_8h.html" title="Protocol.h" alt="" coords="1075,304,1157,331">
<area shape="rect" href="$_dir_entry_8h.html" title="DirEntry.h" alt="" coords="677,453,760,480">
<area shape="rect" href="$_async_comm_2_protocol_8h.html" title="AsyncComm/Protocol.h" alt="" coords="2339,453,2504,480">
<area shape="rect" href="$_types_8h.html" title="Hypertable/Lib/Types.h" alt="" coords="2173,304,2333,331">
