<area shape="rect" href="$_application_queue_8h.html" title="AsyncComm/ApplicationQueue.h" alt="" coords="450,229,671,256">
<area shape="rect" href="$_reference_count_8h.html" title="Common/ReferenceCount.h" alt="" coords="1444,453,1634,480">
<area shape="rect" href="$_comm_buf_8h.html" title="AsyncComm/CommBuf.h" alt="" coords="2608,304,2784,331">
<area shape="rect" href="$_connection_manager_8h.html" title="AsyncComm/ConnectionManager.h" alt="" coords="1456,229,1694,256">
<area shape="rect" href="$_dispatch_handler_8h.html" title="DispatchHandler.h" alt="" coords="1971,304,2104,331">
<area shape="rect" href="$_handle_callback_8h.html" title="Hyperspace/HandleCallback.h" alt="" coords="2128,304,2331,331">
<area shape="rect" href="$_session_8h.html" title="Hyperspace/Session.h" alt="" coords="2203,80,2360,107">
<area shape="rect" href="$_types_8h.html" title="Hypertable/Lib/Types.h" alt="" coords="3339,229,3499,256">
<area shape="rect" href="$_hash_map_8h.html" title="Common/HashMap.h" alt="" coords="56,379,206,405">
<area shape="rect" href="$_string_ext_8h.html" title="Common/StringExt.h" alt="" coords="107,304,254,331">
<area shape="rect" href="$_application_handler_8h.html" title="ApplicationHandler.h" alt="" coords="339,304,488,331">
<area shape="rect" href="$atomic_8h.html" title="atomic.h" alt="" coords="2246,528,2320,555">
<area shape="rect" href="$_async_comm_2_event_8h.html" title="Event.h" alt="" coords="1272,379,1339,405">
<area shape="rect" href="$_string_8h.html" title="string.h" alt="" coords="2998,677,3064,704">
<area shape="rect" href="$_byte_string_8h.html" title="Common/ByteString.h" alt="" coords="2923,379,3078,405">
<area shape="rect" href="$_serialization_8h.html" title="Serialization.h" alt="" coords="2894,453,3003,480">
<area shape="rect" href="$_logger_8h.html" title="Common/Logger.h" alt="" coords="2872,528,3006,555">
<area shape="rect" href="$_static_buffer_8h.html" title="Common/StaticBuffer.h" alt="" coords="3102,379,3264,405">
<area shape="rect" href="$_header_builder_8h.html" title="HeaderBuilder.h" alt="" coords="2446,453,2566,480">
<area shape="rect" href="$_dynamic_buffer_8h.html" title="DynamicBuffer.h" alt="" coords="3216,453,3339,480">
<area shape="rect" href="$_fixed_stream_8h.html" title="FixedStream.h" alt="" coords="2976,603,3086,629">
<area shape="rect" href="$_time_8h.html" title="time.h" alt="" coords="1598,304,1656,331">
<area shape="rect" href="$_sock_addr_map_8h.html" title="Common/SockAddrMap.h" alt="" coords="1104,304,1283,331">
<area shape="rect" href="$_comm_8h.html" title="AsyncComm/Comm.h" alt="" coords="2304,229,2459,256">
<area shape="rect" href="$_client_keepalive_handler_8h.html" title="ClientKeepaliveHandler.h" alt="" coords="1902,155,2078,181">
<area shape="rect" href="$_lock_sequencer_8h.html" title="LockSequencer.h" alt="" coords="2243,677,2371,704">
<area shape="rect" href="$_hyperspace_2_protocol_8h.html" title="Protocol.h" alt="" coords="2758,229,2840,256">
