<area shape="rect" href="$_meta_log_reader_dfs_base_8h.html" title="/Users/doug/src/hypertable/src/cc/Hypertable/Lib/MetaLogReaderDfsBase.h" alt="" coords="863,80,1343,107">
<area shape="rect" href="$_master_meta_log_reader_8h.html" title="/Users/doug/src/hypertable/src/cc/Hypertable/Lib/MasterMetaLogReader.h" alt="" coords="367,155,836,181">
<area shape="rect" href="$_meta_log_reader_dfs_base_8cc.html" title="/Users/doug/src/hypertable/src/cc/Hypertable/Lib/MetaLogReaderDfsBase.cc" alt="" coords="860,155,1345,181">
<area shape="rect" href="$_range_server_meta_log_reader_8h.html" title="/Users/doug/src/hypertable/src/cc/Hypertable/Lib/RangeServerMetaLogReader.h" alt="" coords="1369,155,1876,181">
<area shape="rect" href="$_master_meta_log_8h.html" title="/Users/doug/src/hypertable/src/cc/Hypertable/Lib/MasterMetaLog.h" alt="" coords="504,229,931,256">
<area shape="rect" href="$_master_meta_log_reader_8cc.html" title="/Users/doug/src/hypertable/src/cc/Hypertable/Lib/MasterMetaLogReader.cc" alt="" coords="5,229,480,256">
<area shape="rect" href="$_master_meta_log_8cc.html" title="/Users/doug/src/hypertable/src/cc/Hypertable/Lib/MasterMetaLog.cc" alt="" coords="501,304,933,331">
<area shape="rect" href="$_range_server_meta_log_8h.html" title="/Users/doug/src/hypertable/src/cc/Hypertable/Lib/RangeServerMetaLog.h" alt="" coords="2245,229,2709,256">
<area shape="rect" href="$_range_server_8cc.html" title="/Users/doug/src/hypertable/src/cc/Hypertable/RangeServer/RangeServer.cc" alt="" coords="7929,603,8407,629">
<area shape="rect" href="$_range_server_meta_log_reader_8cc.html" title="/Users/doug/src/hypertable/src/cc/Hypertable/Lib/RangeServerMetaLogReader.cc" alt="" coords="1071,229,1585,256">
<area shape="rect" href="$_range_server_meta_log_8cc.html" title="/Users/doug/src/hypertable/src/cc/Hypertable/Lib/RangeServerMetaLog.cc" alt="" coords="2243,304,2712,331">
<area shape="rect" href="$_hypertable_2_range_server_2_global_8h.html" title="/Users/doug/src/hypertable/src/cc/Hypertable/RangeServer/Global.h" alt="" coords="3563,304,3995,331">
<area shape="rect" href="$_access_group_8cc.html" title="/Users/doug/src/hypertable/src/cc/Hypertable/RangeServer/AccessGroup.cc" alt="" coords="1660,379,2140,405">
<area shape="rect" href="$_cell_cache_8cc.html" title="/Users/doug/src/hypertable/src/cc/Hypertable/RangeServer/CellCache.cc" alt="" coords="2164,379,2625,405">
<area shape="rect" href="$_cell_store_scanner_v0_8cc.html" title="/Users/doug/src/hypertable/src/cc/Hypertable/RangeServer/CellStoreScannerV0.cc" alt="" coords="2649,379,3172,405">
<area shape="rect" href="$_range_server_8h.html" title="/Users/doug/src/hypertable/src/cc/Hypertable/RangeServer/RangeServer.h" alt="" coords="7828,379,8300,405">
<area shape="rect" href="$_hypertable_2_range_server_2main_8cc.html" title="/Users/doug/src/hypertable/src/cc/Hypertable/RangeServer/main.cc" alt="" coords="3247,528,3676,555">
<area shape="rect" href="$count__stored_8cc.html" title="/Users/doug/src/hypertable/src/cc/Hypertable/RangeServer/count_stored.cc" alt="" coords="3297,379,3775,405">
<area shape="rect" href="$csdump_8cc.html" title="/Users/doug/src/hypertable/src/cc/Hypertable/RangeServer/csdump.cc" alt="" coords="3799,379,4244,405">
<area shape="rect" href="$_hypertable_2_range_server_2_global_8cc.html" title="/Users/doug/src/hypertable/src/cc/Hypertable/RangeServer/Global.cc" alt="" coords="4268,379,4705,405">
<area shape="rect" href="$_metadata_normal_8cc.html" title="/Users/doug/src/hypertable/src/cc/Hypertable/RangeServer/MetadataNormal.cc" alt="" coords="4729,379,5228,405">
<area shape="rect" href="$_metadata_root_8cc.html" title="/Users/doug/src/hypertable/src/cc/Hypertable/RangeServer/MetadataRoot.cc" alt="" coords="5252,379,5737,405">
<area shape="rect" href="$_range_8cc.html" title="/Users/doug/src/hypertable/src/cc/Hypertable/RangeServer/Range.cc" alt="" coords="5761,379,6199,405">
<area shape="rect" href="$_table_info_map_8cc.html" title="/Users/doug/src/hypertable/src/cc/Hypertable/RangeServer/TableInfoMap.cc" alt="" coords="6223,379,6705,405">
<area shape="rect" href="$_hypertable_2_range_server_2_connection_handler_8h.html" title="/Users/doug/src/hypertable/src/cc/Hypertable/RangeServer/ConnectionHandler.h" alt="" coords="12873,453,13383,480">
<area shape="rect" href="$_hypertable_2_range_server_2_connection_handler_8cc.html" title="/Users/doug/src/hypertable/src/cc/Hypertable/RangeServer/ConnectionHandler.cc" alt="" coords="8276,528,8791,555">
<area shape="rect" href="$_handler_factory_8h.html" title="/Users/doug/src/hypertable/src/cc/Hypertable/RangeServer/HandlerFactory.h" alt="" coords="12884,528,13372,555">
<area shape="rect" href="$_timer_handler_8h.html" title="/Users/doug/src/hypertable/src/cc/Hypertable/RangeServer/TimerHandler.h" alt="" coords="3348,453,3823,480">
<area shape="rect" href="$_maintenance_task_log_cleanup_8cc.html" title="/Users/doug/src/hypertable/src/cc/Hypertable/RangeServer/MaintenanceTaskLogCleanup.cc" alt="" coords="3897,453,4476,480">
<area shape="rect" href="$_request_handler_compact_8cc.html" title="/Users/doug/src/hypertable/src/cc/Hypertable/RangeServer/RequestHandlerCompact.cc" alt="" coords="4500,453,5052,480">
<area shape="rect" href="$_request_handler_create_scanner_8cc.html" title="/Users/doug/src/hypertable/src/cc/Hypertable/RangeServer/RequestHandlerCreateScanner.cc" alt="" coords="5076,453,5665,480">
<area shape="rect" href="$_request_handler_destroy_scanner_8cc.html" title="/Users/doug/src/hypertable/src/cc/Hypertable/RangeServer/RequestHandlerDestroyScanner.cc" alt="" coords="5689,453,6284,480">
<area shape="rect" href="$_request_handler_drop_range_8cc.html" title="/Users/doug/src/hypertable/src/cc/Hypertable/RangeServer/RequestHandlerDropRange.cc" alt="" coords="6308,453,6873,480">
<area shape="rect" href="$_range_server_2_request_handler_drop_table_8cc.html" title="/Users/doug/src/hypertable/src/cc/Hypertable/RangeServer/RequestHandlerDropTable.cc" alt="" coords="6897,453,7457,480">
<area shape="rect" href="$_request_handler_dump_stats_8cc.html" title="/Users/doug/src/hypertable/src/cc/Hypertable/RangeServer/RequestHandlerDumpStats.cc" alt="" coords="7481,453,8044,480">
<area shape="rect" href="$_request_handler_fetch_scanblock_8cc.html" title="/Users/doug/src/hypertable/src/cc/Hypertable/RangeServer/RequestHandlerFetchScanblock.cc" alt="" coords="8068,453,8663,480">
<area shape="rect" href="$_request_handler_load_range_8cc.html" title="/Users/doug/src/hypertable/src/cc/Hypertable/RangeServer/RequestHandlerLoadRange.cc" alt="" coords="8687,453,9255,480">
<area shape="rect" href="$_request_handler_replay_begin_8cc.html" title="/Users/doug/src/hypertable/src/cc/Hypertable/RangeServer/RequestHandlerReplayBegin.cc" alt="" coords="9279,453,9852,480">
<area shape="rect" href="$_request_handler_replay_commit_8cc.html" title="/Users/doug/src/hypertable/src/cc/Hypertable/RangeServer/RequestHandlerReplayCommit.cc" alt="" coords="9876,453,10463,480">
<area shape="rect" href="$_request_handler_replay_load_range_8cc.html" title="/Users/doug/src/hypertable/src/cc/Hypertable/RangeServer/RequestHandlerReplayLoadRange.cc" alt="" coords="10487,453,11095,480">
<area shape="rect" href="$_request_handler_replay_update_8cc.html" title="/Users/doug/src/hypertable/src/cc/Hypertable/RangeServer/RequestHandlerReplayUpdate.cc" alt="" coords="11119,453,11703,480">
<area shape="rect" href="$_range_server_2_request_handler_shutdown_8cc.html" title="/Users/doug/src/hypertable/src/cc/Hypertable/RangeServer/RequestHandlerShutdown.cc" alt="" coords="11727,453,12284,480">
<area shape="rect" href="$_request_handler_update_8cc.html" title="/Users/doug/src/hypertable/src/cc/Hypertable/RangeServer/RequestHandlerUpdate.cc" alt="" coords="12308,453,12849,480">
<area shape="rect" href="$_timer_handler_8cc.html" title="/Users/doug/src/hypertable/src/cc/Hypertable/RangeServer/TimerHandler.cc" alt="" coords="3700,528,4183,555">
