<area shape="rect" href="$_meta_log_reader_dfs_base_8h.html" title="/Users/doug/src/hypertable/src/cc/Hypertable/Lib/MetaLogReaderDfsBase.h" alt="" coords="900,80,1380,107">
<area shape="rect" href="$_meta_log_reader_8cc.html" title="/Users/doug/src/hypertable/src/cc/Hypertable/Lib/MetaLogReader.cc" alt="" coords="1404,80,1839,107">
<area shape="rect" href="$_master_meta_log_reader_8h.html" title="/Users/doug/src/hypertable/src/cc/Hypertable/Lib/MasterMetaLogReader.h" alt="" coords="404,155,873,182">
<area shape="rect" href="$_meta_log_reader_dfs_base_8cc.html" title="/Users/doug/src/hypertable/src/cc/Hypertable/Lib/MetaLogReaderDfsBase.cc" alt="" coords="897,155,1383,182">
<area shape="rect" href="$_range_server_meta_log_reader_8h.html" title="/Users/doug/src/hypertable/src/cc/Hypertable/Lib/RangeServerMetaLogReader.h" alt="" coords="1407,155,1913,182">
<area shape="rect" href="$_master_meta_log_8h.html" title="/Users/doug/src/hypertable/src/cc/Hypertable/Lib/MasterMetaLog.h" alt="" coords="8,230,435,256">
<area shape="rect" href="$_master_meta_log_reader_8cc.html" title="/Users/doug/src/hypertable/src/cc/Hypertable/Lib/MasterMetaLogReader.cc" alt="" coords="459,230,933,256">
<area shape="rect" href="$_master_meta_log_8cc.html" title="/Users/doug/src/hypertable/src/cc/Hypertable/Lib/MasterMetaLog.cc" alt="" coords="5,304,437,331">
<area shape="rect" href="$_range_server_meta_log_8cc.html" title="/Users/doug/src/hypertable/src/cc/Hypertable/Lib/RangeServerMetaLog.cc" alt="" coords="1799,304,2268,331">
<area shape="rect" href="$_range_server_meta_log_8h.html" title="/Users/doug/src/hypertable/src/cc/Hypertable/Lib/RangeServerMetaLog.h" alt="" coords="1936,230,2400,256">
<area shape="rect" href="$_range_server_8cc.html" title="/Users/doug/src/hypertable/src/cc/Hypertable/RangeServer/RangeServer.cc" alt="" coords="6296,603,6773,630">
<area shape="rect" href="$_range_server_meta_log_reader_8cc.html" title="/Users/doug/src/hypertable/src/cc/Hypertable/Lib/RangeServerMetaLogReader.cc" alt="" coords="1347,230,1861,256">
<area shape="rect" href="$_global_8h.html" title="/Users/doug/src/hypertable/src/cc/Hypertable/RangeServer/Global.h" alt="" coords="6283,304,6715,331">
<area shape="rect" href="$_access_group_8cc.html" title="/Users/doug/src/hypertable/src/cc/Hypertable/RangeServer/AccessGroup.cc" alt="" coords="10193,379,10673,406">
<area shape="rect" href="$_cell_cache_8cc.html" title="/Users/doug/src/hypertable/src/cc/Hypertable/RangeServer/CellCache.cc" alt="" coords="3673,379,4135,406">
<area shape="rect" href="$_cell_cache_pool_8cc.html" title="/Users/doug/src/hypertable/src/cc/Hypertable/RangeServer/CellCachePool.cc" alt="" coords="4159,379,4647,406">
<area shape="rect" href="$_cell_store_scanner_v0_8cc.html" title="/Users/doug/src/hypertable/src/cc/Hypertable/RangeServer/CellStoreScannerV0.cc" alt="" coords="4671,379,5193,406">
<area shape="rect" href="$_cell_store_v0_8cc.html" title="/Users/doug/src/hypertable/src/cc/Hypertable/RangeServer/CellStoreV0.cc" alt="" coords="5217,379,5689,406">
<area shape="rect" href="$_range_server_8h.html" title="/Users/doug/src/hypertable/src/cc/Hypertable/RangeServer/RangeServer.h" alt="" coords="5764,379,6236,406">
<area shape="rect" href="$_hypertable_2_range_server_2main_8cc.html" title="/Users/doug/src/hypertable/src/cc/Hypertable/RangeServer/main.cc" alt="" coords="6213,528,6643,555">
<area shape="rect" href="$count__stored_8cc.html" title="/Users/doug/src/hypertable/src/cc/Hypertable/RangeServer/count_stored.cc" alt="" coords="6260,379,6737,406">
<area shape="rect" href="$csdump_8cc.html" title="/Users/doug/src/hypertable/src/cc/Hypertable/RangeServer/csdump.cc" alt="" coords="6761,379,7207,406">
<area shape="rect" href="$_global_8cc.html" title="/Users/doug/src/hypertable/src/cc/Hypertable/RangeServer/Global.cc" alt="" coords="7231,379,7668,406">
<area shape="rect" href="$_metadata_normal_8cc.html" title="/Users/doug/src/hypertable/src/cc/Hypertable/RangeServer/MetadataNormal.cc" alt="" coords="7692,379,8191,406">
<area shape="rect" href="$_metadata_root_8cc.html" title="/Users/doug/src/hypertable/src/cc/Hypertable/RangeServer/MetadataRoot.cc" alt="" coords="8215,379,8700,406">
<area shape="rect" href="$_range_8cc.html" title="/Users/doug/src/hypertable/src/cc/Hypertable/RangeServer/Range.cc" alt="" coords="8724,379,9161,406">
<area shape="rect" href="$_scan_context_8cc.html" title="/Users/doug/src/hypertable/src/cc/Hypertable/RangeServer/ScanContext.cc" alt="" coords="9185,379,9663,406">
<area shape="rect" href="$_table_info_map_8cc.html" title="/Users/doug/src/hypertable/src/cc/Hypertable/RangeServer/TableInfoMap.cc" alt="" coords="9687,379,10169,406">
<area shape="rect" href="$_hypertable_2_range_server_2_connection_handler_8h.html" title="/Users/doug/src/hypertable/src/cc/Hypertable/RangeServer/ConnectionHandler.h" alt="" coords="11508,454,12017,480">
<area shape="rect" href="$_hypertable_2_range_server_2_connection_handler_8cc.html" title="/Users/doug/src/hypertable/src/cc/Hypertable/RangeServer/ConnectionHandler.cc" alt="" coords="11041,528,11556,555">
<area shape="rect" href="$_handler_factory_8h.html" title="/Users/doug/src/hypertable/src/cc/Hypertable/RangeServer/HandlerFactory.h" alt="" coords="11580,528,12068,555">
<area shape="rect" href="$_timer_handler_8h.html" title="/Users/doug/src/hypertable/src/cc/Hypertable/RangeServer/TimerHandler.h" alt="" coords="1335,454,1809,480">
<area shape="rect" href="$_maintenance_task_log_cleanup_8cc.html" title="/Users/doug/src/hypertable/src/cc/Hypertable/RangeServer/MaintenanceTaskLogCleanup.cc" alt="" coords="1833,454,2412,480">
<area shape="rect" href="$_request_handler_compact_8cc.html" title="/Users/doug/src/hypertable/src/cc/Hypertable/RangeServer/RequestHandlerCompact.cc" alt="" coords="2436,454,2988,480">
<area shape="rect" href="$_request_handler_create_scanner_8cc.html" title="/Users/doug/src/hypertable/src/cc/Hypertable/RangeServer/RequestHandlerCreateScanner.cc" alt="" coords="3012,454,3601,480">
<area shape="rect" href="$_request_handler_destroy_scanner_8cc.html" title="/Users/doug/src/hypertable/src/cc/Hypertable/RangeServer/RequestHandlerDestroyScanner.cc" alt="" coords="3625,454,4220,480">
<area shape="rect" href="$_request_handler_drop_range_8cc.html" title="/Users/doug/src/hypertable/src/cc/Hypertable/RangeServer/RequestHandlerDropRange.cc" alt="" coords="4244,454,4809,480">
<area shape="rect" href="$_range_server_2_request_handler_drop_table_8cc.html" title="/Users/doug/src/hypertable/src/cc/Hypertable/RangeServer/RequestHandlerDropTable.cc" alt="" coords="4833,454,5393,480">
<area shape="rect" href="$_request_handler_dump_stats_8cc.html" title="/Users/doug/src/hypertable/src/cc/Hypertable/RangeServer/RequestHandlerDumpStats.cc" alt="" coords="5417,454,5980,480">
<area shape="rect" href="$_request_handler_fetch_scanblock_8cc.html" title="/Users/doug/src/hypertable/src/cc/Hypertable/RangeServer/RequestHandlerFetchScanblock.cc" alt="" coords="6004,454,6599,480">
<area shape="rect" href="$_request_handler_get_statistics_8cc.html" title="/Users/doug/src/hypertable/src/cc/Hypertable/RangeServer/RequestHandlerGetStatistics.cc" alt="" coords="6623,454,7196,480">
<area shape="rect" href="$_request_handler_load_range_8cc.html" title="/Users/doug/src/hypertable/src/cc/Hypertable/RangeServer/RequestHandlerLoadRange.cc" alt="" coords="7220,454,7788,480">
<area shape="rect" href="$_request_handler_replay_begin_8cc.html" title="/Users/doug/src/hypertable/src/cc/Hypertable/RangeServer/RequestHandlerReplayBegin.cc" alt="" coords="7812,454,8385,480">
<area shape="rect" href="$_request_handler_replay_commit_8cc.html" title="/Users/doug/src/hypertable/src/cc/Hypertable/RangeServer/RequestHandlerReplayCommit.cc" alt="" coords="8409,454,8996,480">
<area shape="rect" href="$_request_handler_replay_load_range_8cc.html" title="/Users/doug/src/hypertable/src/cc/Hypertable/RangeServer/RequestHandlerReplayLoadRange.cc" alt="" coords="9020,454,9628,480">
<area shape="rect" href="$_request_handler_replay_update_8cc.html" title="/Users/doug/src/hypertable/src/cc/Hypertable/RangeServer/RequestHandlerReplayUpdate.cc" alt="" coords="9652,454,10236,480">
<area shape="rect" href="$_range_server_2_request_handler_shutdown_8cc.html" title="/Users/doug/src/hypertable/src/cc/Hypertable/RangeServer/RequestHandlerShutdown.cc" alt="" coords="10260,454,10817,480">
<area shape="rect" href="$_request_handler_update_8cc.html" title="/Users/doug/src/hypertable/src/cc/Hypertable/RangeServer/RequestHandlerUpdate.cc" alt="" coords="10841,454,11383,480">
<area shape="rect" href="$_timer_handler_8cc.html" title="/Users/doug/src/hypertable/src/cc/Hypertable/RangeServer/TimerHandler.cc" alt="" coords="1331,528,1813,555">
