<area shape="rect" href="$_compat_8h.html" title="Common/Compat.h" alt="" coords="6,229,144,256">
<area shape="rect" href="$_common_2_config_8h.html" title="Common/Config.h" alt="" coords="738,80,868,107">
<area shape="rect" href="$_meta_log_reader_8h.html" title="MetaLogReader.h" alt="" coords="1722,80,1852,107">
<area shape="rect" href="$compat&#45;c_8h.html" title="compat&#45;c.h" alt="" coords="450,304,538,331">
<area shape="rect" href="$_sweetener_8h.html" title="Sweetener.h" alt="" coords="26,304,124,331">
<area shape="rect" href="$_string_8h.html" title="string.h" alt="" coords="642,379,708,405">
<area shape="rect" href="$_mutex_8h.html" title="Common/Mutex.h" alt="" coords="588,155,716,181">
<area shape="rect" href="$_logger_8h.html" title="Common/Logger.h" alt="" coords="608,229,742,256">
<area shape="rect" href="$_meta_8h.html" title="Common/Meta.h" alt="" coords="791,155,914,181">
<area shape="rect" href="$_properties_8h.html" title="Common/Properties.h" alt="" coords="1399,155,1554,181">
<area shape="rect" href="$_error_8h.html" title="Error.h" alt="" coords="1016,304,1080,331">
<area shape="rect" href="$_fixed_stream_8h.html" title="FixedStream.h" alt="" coords="712,304,822,331">
<area shape="rect" href="$_reference_count_8h.html" title="Common/ReferenceCount.h" alt="" coords="1762,379,1951,405">
<area shape="rect" href="$atomic_8h.html" title="atomic.h" alt="" coords="1678,453,1752,480">
<area shape="rect" href="$_dynamic_buffer_8h.html" title="Common/DynamicBuffer.h" alt="" coords="1904,304,2086,331">
<area shape="rect" href="$_meta_log_8h.html" title="MetaLog.h" alt="" coords="1875,155,1960,181">
<area shape="rect" href="$_static_buffer_8h.html" title="Common/StaticBuffer.h" alt="" coords="1955,229,2118,256">
<area shape="rect" href="$_time_8h.html" title="Common/Time.h" alt="" coords="2142,229,2264,256">
