<area shape="rect" href="$_logger_8h.html" title="Common/Logger.h" alt="" coords="391,80,524,107">
<area shape="rect" href="$_types_8h.html" title="Types.h" alt="" coords="672,80,741,107">
<area shape="rect" href="$_range_state_8h.html" title="RangeState.h" alt="" coords="253,80,357,107">
<area shape="rect" href="$_meta_log_8h.html" title="MetaLog.h" alt="" coords="1169,80,1255,107">
<area shape="rect" href="$_error_8h.html" title="Error.h" alt="" coords="491,155,555,182">
<area shape="rect" href="$_string_8h.html" title="Common/String.h" alt="" coords="299,230,427,256">
<area shape="rect" href="$_fixed_stream_8h.html" title="FixedStream.h" alt="" coords="85,155,195,182">
<area shape="rect" href="$_byte_string_8h.html" title="Common/ByteString.h" alt="" coords="757,155,912,182">
<area shape="rect" href="$_dynamic_buffer_8h.html" title="DynamicBuffer.h" alt="" coords="1149,230,1272,256">
<area shape="rect" href="$_serialization_8h.html" title="Serialization.h" alt="" coords="653,230,763,256">
<area shape="rect" href="$_reference_count_8h.html" title="ReferenceCount.h" alt="" coords="1267,304,1397,331">
<area shape="rect" href="$atomic_8h.html" title="atomic.h" alt="" coords="1153,379,1228,406">
<area shape="rect" href="$serialization&#45;c_8h.html" title="serialization&#45;c.h" alt="" coords="649,304,767,331">
<area shape="rect" href="$endian&#45;c_8h.html" title="endian&#45;c.h" alt="" coords="713,379,799,406">
<area shape="rect" href="$_static_buffer_8h.html" title="Common/StaticBuffer.h" alt="" coords="1131,155,1293,182">
<area shape="rect" href="$_time_8h.html" title="Common/Time.h" alt="" coords="1368,155,1491,182">
