<area shape="rect" href="$_schema_8h.html" title="Hypertable/Lib/Schema.h" alt="" coords="2680,412,2853,439">
<area shape="rect" href="$_table_scanner_8h.html" title="Hypertable/Lib/TableScanner.h" alt="" coords="1808,113,2016,140">
<area shape="rect" href="$_types_8h.html" title="Types.h" alt="" coords="1973,487,2043,513">
<area shape="rect" href="$_metadata_8h.html" title="Metadata.h" alt="" coords="2781,113,2872,140">
<area shape="rect" href="$_mutex_8h.html" title="Common/Mutex.h" alt="" coords="1776,561,1904,588">
<area shape="rect" href="$_reference_count_8h.html" title="Common/ReferenceCount.h" alt="" coords="541,711,731,737">
<area shape="rect" href="$_hash_map_8h.html" title="Common/HashMap.h" alt="" coords="2848,487,2997,513">
<area shape="rect" href="$_properties_8h.html" title="Common/Properties.h" alt="" coords="2427,487,2581,513">
<area shape="rect" href="$_logger_8h.html" title="Common/Logger.h" alt="" coords="1661,636,1795,663">
<area shape="rect" href="$_error_8h.html" title="Error.h" alt="" coords="2051,711,2115,737">
<area shape="rect" href="$_string_8h.html" title="Common/String.h" alt="" coords="1528,785,1656,812">
<area shape="rect" href="$atomic_8h.html" title="atomic.h" alt="" coords="831,785,905,812">
<area shape="rect" href="$_murmur_hash_8h.html" title="MurmurHash.h" alt="" coords="2867,561,2979,588">
<area shape="rect" href="$_dispatch_handler_synchronizer_8h.html" title="AsyncComm/DispatchHandlerSynchronizer.h" alt="" coords="973,412,1269,439">
<area shape="rect" href="$_cells_8h.html" title="Cells.h" alt="" coords="2237,487,2301,513">
<area shape="rect" href="$_range_locator_8h.html" title="RangeLocator.h" alt="" coords="1904,263,2021,289">
<area shape="rect" href="$_range_server_client_8h.html" title="RangeServerClient.h" alt="" coords="232,412,379,439">
<area shape="rect" href="$_interval_scanner_8h.html" title="IntervalScanner.h" alt="" coords="1797,188,1925,215">
<area shape="rect" href="$_scan_block_8h.html" title="ScanBlock.h" alt="" coords="1699,487,1797,513">
<area shape="rect" href="$_dispatch_handler_8h.html" title="DispatchHandler.h" alt="" coords="749,561,883,588">
<area shape="rect" href="$_async_comm_2_event_8h.html" title="Event.h" alt="" coords="957,636,1024,663">
<area shape="rect" href="$_inet_addr_8h.html" title="Common/InetAddr.h" alt="" coords="1293,711,1437,737">
<area shape="rect" href="$_char_arena_8h.html" title="Common/CharArena.h" alt="" coords="2011,561,2168,588">
<area shape="rect" href="$_cell_8h.html" title="Cell.h" alt="" coords="2192,561,2248,588">
<area shape="rect" href="$_timer_8h.html" title="Common/Timer.h" alt="" coords="1547,487,1675,513">
<area shape="rect" href="$_connection_manager_8h.html" title="AsyncComm/ConnectionManager.h" alt="" coords="712,412,949,439">
<area shape="rect" href="$_session_8h.html" title="Hyperspace/Session.h" alt="" coords="1380,337,1537,364">
<area shape="rect" href="$_location_cache_8h.html" title="LocationCache.h" alt="" coords="1704,337,1827,364">
<area shape="rect" href="$_range_location_info_8h.html" title="RangeLocationInfo.h" alt="" coords="1952,412,2099,439">
<area shape="rect" href="$_comm_8h.html" title="Comm.h" alt="" coords="501,487,573,513">
<area shape="rect" href="$_comm_buf_8h.html" title="CommBuf.h" alt="" coords="420,561,513,588">
<area shape="rect" href="$_byte_string_8h.html" title="Common/ByteString.h" alt="" coords="1128,636,1283,663">
<area shape="rect" href="$_static_buffer_8h.html" title="Common/StaticBuffer.h" alt="" coords="259,636,421,663">
