<area shape="rect" href="$_string_8h.html" title="Common/String.h" alt="" coords="1025,603,1153,629">
<area shape="rect" href="$_hash_map_8h.html" title="Common/HashMap.h" alt="" coords="2049,80,2199,107">
<area shape="rect" href="$_reference_count_8h.html" title="Common/ReferenceCount.h" alt="" coords="1664,453,1853,480">
<area shape="rect" href="$_handle_data_8h.html" title="HandleData.h" alt="" coords="1783,80,1887,107">
<area shape="rect" href="$atomic_8h.html" title="atomic.h" alt="" coords="1327,528,1401,555">
<area shape="rect" href="$_session_data_8h.html" title="SessionData.h" alt="" coords="1431,155,1540,181">
<area shape="rect" href="$_notification_8h.html" title="Notification.h" alt="" coords="1340,229,1441,256">
<area shape="rect" href="$_hyperspace_2_event_8h.html" title="Event.h" alt="" coords="1340,304,1407,331">
<area shape="rect" href="$_comm_buf_8h.html" title="AsyncComm/CommBuf.h" alt="" coords="1045,379,1221,405">
<area shape="rect" href="$_serialization_8h.html" title="Serialization.h" alt="" coords="41,528,151,555">
<area shape="rect" href="$_handle_callback_8h.html" title="HandleCallback.h" alt="" coords="1360,379,1488,405">
<area shape="rect" href="$_byte_string_8h.html" title="Common/ByteString.h" alt="" coords="617,453,772,480">
<area shape="rect" href="$_logger_8h.html" title="Common/Logger.h" alt="" coords="847,453,980,480">
<area shape="rect" href="$_static_buffer_8h.html" title="Common/StaticBuffer.h" alt="" coords="431,453,593,480">
<area shape="rect" href="$_header_builder_8h.html" title="HeaderBuilder.h" alt="" coords="1281,453,1401,480">
<area shape="rect" href="$_dynamic_buffer_8h.html" title="DynamicBuffer.h" alt="" coords="175,528,297,555">
<area shape="rect" href="$serialization&#45;c_8h.html" title="serialization&#45;c.h" alt="" coords="37,603,155,629">
<area shape="rect" href="$endian&#45;c_8h.html" title="endian&#45;c.h" alt="" coords="5,677,91,704">
<area shape="rect" href="$_error_8h.html" title="Error.h" alt="" coords="817,528,881,555">
<area shape="rect" href="$_fixed_stream_8h.html" title="FixedStream.h" alt="" coords="684,528,793,555">
<area shape="rect" href="$_header_8h.html" title="Header.h" alt="" coords="1225,528,1303,555">
