<area shape="rect" href="$_barrier_8h.html" title="Common/Barrier.h" alt="" coords="4060,155,4193,181">
<area shape="rect" href="$_string_8h.html" title="Common/String.h" alt="" coords="648,379,776,405">
<area shape="rect" href="$_commit_log_8h.html" title="Hypertable/Lib/CommitLog.h" alt="" coords="649,80,841,107">
<area shape="rect" href="$_commit_log_reader_8h.html" title="Hypertable/Lib/CommitLogReader.h" alt="" coords="1133,80,1371,107">
<area shape="rect" href="$_key_8h.html" title="Key.h" alt="" coords="2000,155,2056,181">
<area shape="rect" href="$_master_client_8h.html" title="Hypertable/Lib/MasterClient.h" alt="" coords="2716,80,2916,107">
<area shape="rect" href="$_range_state_8h.html" title="Hypertable/Lib/RangeState.h" alt="" coords="111,304,305,331">
<area shape="rect" href="$_schema_8h.html" title="Hypertable/Lib/Schema.h" alt="" coords="3353,155,3527,181">
<area shape="rect" href="$_stat_8h.html" title="Hypertable/Lib/Stat.h" alt="" coords="1597,80,1747,107">
<area shape="rect" href="$_timestamp_8h.html" title="Hypertable/Lib/Timestamp.h" alt="" coords="2940,80,3132,107">
<area shape="rect" href="$_access_group_8h.html" title="AccessGroup.h" alt="" coords="1803,80,1917,107">
<area shape="rect" href="$_cell_store_8h.html" title="CellStore.h" alt="" coords="1492,155,1580,181">
<area shape="rect" href="$_metadata_8h.html" title="Metadata.h" alt="" coords="3813,80,3904,107">
<area shape="rect" href="$_range_maintenance_guard_8h.html" title="RangeMaintenanceGuard.h" alt="" coords="3847,155,4036,181">
<area shape="rect" href="$_range_set_8h.html" title="RangeSet.h" alt="" coords="4267,379,4360,405">
<area shape="rect" href="$_split_predicate_8h.html" title="SplitPredicate.h" alt="" coords="4029,80,4147,107">
<area shape="rect" href="$_mutex_8h.html" title="Mutex.h" alt="" coords="3972,229,4041,256">
<area shape="rect" href="$_dynamic_buffer_8h.html" title="Common/DynamicBuffer.h" alt="" coords="2291,379,2472,405">
<area shape="rect" href="$_reference_count_8h.html" title="ReferenceCount.h" alt="" coords="2579,453,2709,480">
<area shape="rect" href="$_properties_8h.html" title="Common/Properties.h" alt="" coords="2879,304,3033,331">
<area shape="rect" href="$_block_compression_codec_8h.html" title="Hypertable/Lib/BlockCompressionCodec.h" alt="" coords="937,229,1215,256">
<area shape="rect" href="$_hypertable_2_lib_2_filesystem_8h.html" title="Hypertable/Lib/Filesystem.h" alt="" coords="1017,304,1207,331">
<area shape="rect" href="$_types_8h.html" title="Hypertable/Lib/Types.h" alt="" coords="1492,229,1652,256">
<area shape="rect" href="$_commit_log_base_8h.html" title="CommitLogBase.h" alt="" coords="473,155,607,181">
<area shape="rect" href="$_commit_log_block_stream_8h.html" title="CommitLogBlockStream.h" alt="" coords="532,229,711,256">
<area shape="rect" href="$_dispatch_handler_8h.html" title="AsyncComm/DispatchHandler.h" alt="" coords="2609,379,2825,405">
<area shape="rect" href="$_byte_string_8h.html" title="Common/ByteString.h" alt="" coords="2116,304,2271,331">
<area shape="rect" href="$_key_spec_8h.html" title="KeySpec.h" alt="" coords="1281,304,1367,331">
<area shape="rect" href="$_block_compression_header_commit_log_8h.html" title="BlockCompressionHeaderCommitLog.h" alt="" coords="583,304,841,331">
<area shape="rect" href="$_hash_map_8h.html" title="Common/HashMap.h" alt="" coords="3647,229,3796,256">
<area shape="rect" href="$_serialized_key_8h.html" title="SerializedKey.h" alt="" coords="2116,229,2231,256">
<area shape="rect" href="$_application_queue_8h.html" title="AsyncComm/ApplicationQueue.h" alt="" coords="3551,155,3772,181">
<area shape="rect" href="$_comm_buf_8h.html" title="CommBuf.h" alt="" coords="2559,229,2652,256">
<area shape="rect" href="$_connection_manager_8h.html" title="AsyncComm/ConnectionManager.h" alt="" coords="3183,229,3420,256">
<area shape="rect" href="$_timer_8h.html" title="Common/Timer.h" alt="" coords="3159,304,3287,331">
<area shape="rect" href="$_handle_callback_8h.html" title="Hyperspace/HandleCallback.h" alt="" coords="3972,379,4175,405">
<area shape="rect" href="$_session_8h.html" title="Hyperspace/Session.h" alt="" coords="2813,155,2971,181">
