<area shape="rect" href="$_compat_8h.html" title="Common/Compat.h" alt="" coords="199,304,337,331">
<area shape="rect" href="$_comm_buf_8h.html" title="AsyncComm/CommBuf.h" alt="" coords="859,229,1035,256">
<area shape="rect" href="$_comm_header_8h.html" title="CommHeader.h" alt="" coords="1105,379,1223,405">
<area shape="rect" href="$_range_server_protocol_8h.html" title="RangeServerProtocol.h" alt="" coords="1263,80,1425,107">
<area shape="rect" href="$compat&#45;c_8h.html" title="compat&#45;c.h" alt="" coords="248,379,336,405">
<area shape="rect" href="$_sweetener_8h.html" title="Sweetener.h" alt="" coords="75,379,173,405">
<area shape="rect" href="$_string_8h.html" title="string.h" alt="" coords="1661,453,1728,480">
<area shape="rect" href="$_byte_string_8h.html" title="Common/ByteString.h" alt="" coords="869,304,1024,331">
<area shape="rect" href="$_reference_count_8h.html" title="ReferenceCount.h" alt="" coords="531,453,661,480">
<area shape="rect" href="$_serialization_8h.html" title="Serialization.h" alt="" coords="732,379,841,405">
<area shape="rect" href="$_logger_8h.html" title="Common/Logger.h" alt="" coords="1875,304,2008,331">
<area shape="rect" href="$_static_buffer_8h.html" title="Common/StaticBuffer.h" alt="" coords="485,304,648,331">
<area shape="rect" href="$_dynamic_buffer_8h.html" title="DynamicBuffer.h" alt="" coords="412,379,535,405">
<area shape="rect" href="$atomic_8h.html" title="atomic.h" alt="" coords="575,528,649,555">
<area shape="rect" href="$serialization&#45;c_8h.html" title="serialization&#45;c.h" alt="" coords="771,453,888,480">
<area shape="rect" href="$endian&#45;c_8h.html" title="endian&#45;c.h" alt="" coords="739,528,824,555">
<area shape="rect" href="$_error_8h.html" title="Error.h" alt="" coords="2305,379,2369,405">
<area shape="rect" href="$_fixed_stream_8h.html" title="FixedStream.h" alt="" coords="2172,379,2281,405">
<area shape="rect" href="$_async_comm_2_protocol_8h.html" title="AsyncComm/Protocol.h" alt="" coords="1507,229,1672,256">
<area shape="rect" href="$_range_state_8h.html" title="RangeState.h" alt="" coords="1203,155,1307,181">
<area shape="rect" href="$_scan_spec_8h.html" title="ScanSpec.h" alt="" coords="2011,155,2104,181">
<area shape="rect" href="$_types_8h.html" title="Types.h" alt="" coords="1309,229,1379,256">
<area shape="rect" href="$_async_comm_2_event_8h.html" title="Event.h" alt="" coords="1728,304,1795,331">
<area shape="rect" href="$_time_8h.html" title="time.h" alt="" coords="1599,379,1657,405">
<area shape="rect" href="$_inet_addr_8h.html" title="Common/InetAddr.h" alt="" coords="1732,379,1876,405">
<area shape="rect" href="$_char_arena_8h.html" title="Common/CharArena.h" alt="" coords="1777,229,1935,256">
<area shape="rect" href="$_key_spec_8h.html" title="KeySpec.h" alt="" coords="2095,229,2180,256">
<area shape="rect" href="$_murmur_hash_8h.html" title="Common/MurmurHash.h" alt="" coords="1381,304,1552,331">
