<area shape="rect" href="$_meta_log_dfs_base_8h.html" title="MetaLogDfsBase.h" alt="" coords="1253,80,1389,107">
<area shape="rect" href="$_range_server_meta_log_reader_8h.html" title="RangeServerMetaLogReader.h" alt="" coords="783,80,993,107">
<area shape="rect" href="$_range_server_meta_log_entry_factory_8h.html" title="RangeServerMetaLogEntryFactory.h" alt="" coords="956,155,1199,182">
<area shape="rect" href="$_string_8h.html" title="Common/String.h" alt="" coords="1181,379,1309,406">
<area shape="rect" href="$_mutex_8h.html" title="Common/Mutex.h" alt="" coords="1635,155,1763,182">
<area shape="rect" href="$_meta_log_8h.html" title="MetaLog.h" alt="" coords="776,304,861,331">
<area shape="rect" href="$_logger_8h.html" title="Common/Logger.h" alt="" coords="1976,230,2109,256">
<area shape="rect" href="$_error_8h.html" title="Error.h" alt="" coords="1900,304,1964,331">
<area shape="rect" href="$_fixed_stream_8h.html" title="FixedStream.h" alt="" coords="1988,304,2097,331">
<area shape="rect" href="$_reference_count_8h.html" title="Common/ReferenceCount.h" alt="" coords="939,528,1128,555">
<area shape="rect" href="$_dynamic_buffer_8h.html" title="Common/DynamicBuffer.h" alt="" coords="647,454,828,480">
<area shape="rect" href="$_static_buffer_8h.html" title="Common/StaticBuffer.h" alt="" coords="737,379,900,406">
<area shape="rect" href="$_time_8h.html" title="Common/Time.h" alt="" coords="975,379,1097,406">
<area shape="rect" href="$atomic_8h.html" title="atomic.h" alt="" coords="1139,603,1213,630">
<area shape="rect" href="$_types_8h.html" title="Types.h" alt="" coords="679,230,748,256">
<area shape="rect" href="$_range_state_8h.html" title="RangeState.h" alt="" coords="1155,230,1259,256">
<area shape="rect" href="$_meta_log_reader_dfs_base_8h.html" title="MetaLogReaderDfsBase.h" alt="" coords="751,155,932,182">
<area shape="rect" href="$_byte_string_8h.html" title="Common/ByteString.h" alt="" coords="469,304,624,331">
<area shape="rect" href="$_murmur_hash_8h.html" title="Common/MurmurHash.h" alt="" coords="936,304,1107,331">
<area shape="rect" href="$_serialization_8h.html" title="Serialization.h" alt="" coords="41,379,151,406">
<area shape="rect" href="$serialization&#45;c_8h.html" title="serialization&#45;c.h" alt="" coords="37,454,155,480">
<area shape="rect" href="$endian&#45;c_8h.html" title="endian&#45;c.h" alt="" coords="5,528,91,555">
<area shape="rect" href="$_meta_log_reader_8h.html" title="MetaLogReader.h" alt="" coords="417,230,548,256">
