<area shape="rect" href="$_meta_log_dfs_base_8h.html" title="MetaLogDfsBase.h" alt="" coords="1120,80,1256,107">
<area shape="rect" href="$_range_server_meta_log_reader_8h.html" title="RangeServerMetaLogReader.h" alt="" coords="659,80,870,107">
<area shape="rect" href="$_range_server_meta_log_entry_factory_8h.html" title="RangeServerMetaLogEntryFactory.h" alt="" coords="794,155,1036,182">
<area shape="rect" href="$_string_8h.html" title="Common/String.h" alt="" coords="1204,379,1332,406">
<area shape="rect" href="$_mutex_8h.html" title="Common/Mutex.h" alt="" coords="1490,155,1618,182">
<area shape="rect" href="$_meta_log_8h.html" title="MetaLog.h" alt="" coords="760,304,846,331">
<area shape="rect" href="$_logger_8h.html" title="Common/Logger.h" alt="" coords="1843,230,1976,256">
<area shape="rect" href="$_error_8h.html" title="Error.h" alt="" coords="1767,304,1831,331">
<area shape="rect" href="$_fixed_stream_8h.html" title="FixedStream.h" alt="" coords="1855,304,1964,331">
<area shape="rect" href="$_reference_count_8h.html" title="Common/ReferenceCount.h" alt="" coords="806,528,995,555">
<area shape="rect" href="$_dynamic_buffer_8h.html" title="Common/DynamicBuffer.h" alt="" coords="594,454,775,480">
<area shape="rect" href="$_static_buffer_8h.html" title="Common/StaticBuffer.h" alt="" coords="722,379,884,406">
<area shape="rect" href="$_time_8h.html" title="Common/Time.h" alt="" coords="1058,379,1180,406">
<area shape="rect" href="$atomic_8h.html" title="atomic.h" alt="" coords="1006,603,1080,630">
<area shape="rect" href="$_types_8h.html" title="Types.h" alt="" coords="698,230,767,256">
<area shape="rect" href="$_range_state_8h.html" title="RangeState.h" alt="" coords="1022,230,1126,256">
<area shape="rect" href="$_meta_log_reader_dfs_base_8h.html" title="MetaLogReaderDfsBase.h" alt="" coords="538,155,719,182">
<area shape="rect" href="$_byte_string_8h.html" title="Common/ByteString.h" alt="" coords="504,304,659,331">
<area shape="rect" href="$_serialization_8h.html" title="Serialization.h" alt="" coords="124,379,234,406">
<area shape="rect" href="$serialization&#45;c_8h.html" title="serialization&#45;c.h" alt="" coords="120,454,238,480">
<area shape="rect" href="$endian&#45;c_8h.html" title="endian&#45;c.h" alt="" coords="88,528,174,555">
<area shape="rect" href="$_meta_log_reader_8h.html" title="MetaLogReader.h" alt="" coords="476,230,607,256">
