<area shape="rect" href="$_types_8h.html" title="Types.h" alt="" coords="620,80,689,107">
<area shape="rect" href="$_range_state_8h.html" title="RangeState.h" alt="" coords="919,80,1023,107">
<area shape="rect" href="$_meta_log_reader_dfs_base_8h.html" title="MetaLogReaderDfsBase.h" alt="" coords="713,80,895,107">
<area shape="rect" href="$_byte_string_8h.html" title="Common/ByteString.h" alt="" coords="396,155,551,181">
<area shape="rect" href="$_string_8h.html" title="Common/String.h" alt="" coords="900,155,1028,181">
<area shape="rect" href="$_dynamic_buffer_8h.html" title="DynamicBuffer.h" alt="" coords="772,379,895,405">
<area shape="rect" href="$_serialization_8h.html" title="Serialization.h" alt="" coords="41,229,151,256">
<area shape="rect" href="$_reference_count_8h.html" title="ReferenceCount.h" alt="" coords="652,453,783,480">
<area shape="rect" href="$atomic_8h.html" title="atomic.h" alt="" coords="823,528,897,555">
<area shape="rect" href="$serialization&#45;c_8h.html" title="serialization&#45;c.h" alt="" coords="37,304,155,331">
<area shape="rect" href="$endian&#45;c_8h.html" title="endian&#45;c.h" alt="" coords="5,379,91,405">
<area shape="rect" href="$_meta_log_reader_8h.html" title="MetaLogReader.h" alt="" coords="739,155,869,181">
<area shape="rect" href="$_meta_log_8h.html" title="MetaLog.h" alt="" coords="820,229,905,256">
<area shape="rect" href="$_static_buffer_8h.html" title="Common/StaticBuffer.h" alt="" coords="871,304,1033,331">
<area shape="rect" href="$_time_8h.html" title="Common/Time.h" alt="" coords="1057,304,1180,331">
