<area shape="rect" href="$_inet_addr_8h.html" title="Common/InetAddr.h" alt="" coords="492,379,636,406">
<area shape="rect" href="$_static_buffer_8h.html" title="Common/StaticBuffer.h" alt="" coords="2261,379,2424,406">
<area shape="rect" href="$_reference_count_8h.html" title="ReferenceCount.h" alt="" coords="277,528,408,555">
<area shape="rect" href="$_comm_8h.html" title="AsyncComm/Comm.h" alt="" coords="841,80,996,107">
<area shape="rect" href="$_dispatch_handler_8h.html" title="DispatchHandler.h" alt="" coords="259,230,392,256">
<area shape="rect" href="$_comm_buf_8h.html" title="CommBuf.h" alt="" coords="1331,304,1424,331">
<area shape="rect" href="$_range_server_protocol_8h.html" title="RangeServerProtocol.h" alt="" coords="1971,155,2133,182">
<area shape="rect" href="$_range_state_8h.html" title="RangeState.h" alt="" coords="2059,230,2163,256">
<area shape="rect" href="$_types_8h.html" title="Types.h" alt="" coords="2187,230,2256,256">
<area shape="rect" href="$_stat_8h.html" title="Stat.h" alt="" coords="2007,80,2065,107">
<area shape="rect" href="$_string_8h.html" title="Common/String.h" alt="" coords="1067,528,1195,555">
<area shape="rect" href="$_dynamic_buffer_8h.html" title="DynamicBuffer.h" alt="" coords="2301,454,2424,480">
<area shape="rect" href="$atomic_8h.html" title="atomic.h" alt="" coords="480,603,555,630">
<area shape="rect" href="$_mutex_8h.html" title="Common/Mutex.h" alt="" coords="1521,230,1649,256">
<area shape="rect" href="$_async_comm_2_connection_handler_factory_8h.html" title="ConnectionHandlerFactory.h" alt="" coords="259,155,453,182">
<area shape="rect" href="$_handler_map_8h.html" title="HandlerMap.h" alt="" coords="865,155,972,182">
<area shape="rect" href="$_logger_8h.html" title="Common/Logger.h" alt="" coords="1357,379,1491,406">
<area shape="rect" href="$_error_8h.html" title="Error.h" alt="" coords="1064,454,1128,480">
<area shape="rect" href="$_fixed_stream_8h.html" title="FixedStream.h" alt="" coords="1373,454,1483,480">
<area shape="rect" href="$_async_comm_2_event_8h.html" title="Event.h" alt="" coords="895,304,961,331">
<area shape="rect" href="$_time_8h.html" title="time.h" alt="" coords="779,379,837,406">
<area shape="rect" href="$_comm_header_8h.html" title="CommHeader.h" alt="" coords="1165,379,1283,406">
<area shape="rect" href="$_byte_string_8h.html" title="Common/ByteString.h" alt="" coords="2031,379,2185,406">
<area shape="rect" href="$_serialization_8h.html" title="Serialization.h" alt="" coords="2168,454,2277,480">
<area shape="rect" href="$serialization&#45;c_8h.html" title="serialization&#45;c.h" alt="" coords="2164,528,2281,555">
<area shape="rect" href="$_sock_addr_map_8h.html" title="Common/SockAddrMap.h" alt="" coords="481,304,660,331">
<area shape="rect" href="$_i_o_handler_data_8h.html" title="IOHandlerData.h" alt="" coords="776,230,899,256">
<area shape="rect" href="$_i_o_handler_datagram_8h.html" title="IOHandlerDatagram.h" alt="" coords="923,230,1077,256">
<area shape="rect" href="$_async_comm_2_protocol_8h.html" title="AsyncComm/Protocol.h" alt="" coords="1152,230,1317,256">
<area shape="rect" href="$_scan_spec_8h.html" title="ScanSpec.h" alt="" coords="2296,230,2389,256">
<area shape="rect" href="$_char_arena_8h.html" title="CharArena.h" alt="" coords="2325,304,2424,331">
