<area shape="rect" href="$_string_8h.html" title="Common/String.h" alt="" coords="463,677,591,704">
<area shape="rect" href="$_comm_8h.html" title="AsyncComm/Comm.h" alt="" coords="1883,304,2037,331">
<area shape="rect" href="$_session_8h.html" title="Hyperspace/Session.h" alt="" coords="2141,155,2299,181">
<area shape="rect" href="$_command_interpreter_8h.html" title="Tools/Lib/CommandInterpreter.h" alt="" coords="157,304,376,331">
<area shape="rect" href="$_range_server_client_8h.html" title="Hypertable/Lib/RangeServerClient.h" alt="" coords="943,229,1180,256">
<area shape="rect" href="$_serialized_key_8h.html" title="Hypertable/Lib/SerializedKey.h" alt="" coords="584,379,792,405">
<area shape="rect" href="$_tools_2rsclient_2_table_info_8h.html" title="TableInfo.h" alt="" coords="1200,80,1291,107">
<area shape="rect" href="$_mutex_8h.html" title="Common/Mutex.h" alt="" coords="1715,453,1843,480">
<area shape="rect" href="$_reference_count_8h.html" title="Common/ReferenceCount.h" alt="" coords="1492,603,1681,629">
<area shape="rect" href="$_dispatch_handler_8h.html" title="DispatchHandler.h" alt="" coords="1227,453,1360,480">
<area shape="rect" href="$_comm_buf_8h.html" title="CommBuf.h" alt="" coords="2213,379,2307,405">
<area shape="rect" href="$_async_comm_2_connection_handler_factory_8h.html" title="ConnectionHandlerFactory.h" alt="" coords="1936,379,2131,405">
<area shape="rect" href="$_handler_map_8h.html" title="HandlerMap.h" alt="" coords="917,379,1024,405">
<area shape="rect" href="$_logger_8h.html" title="Common/Logger.h" alt="" coords="715,528,848,555">
<area shape="rect" href="$_error_8h.html" title="Error.h" alt="" coords="836,603,900,629">
<area shape="rect" href="$atomic_8h.html" title="atomic.h" alt="" coords="1620,677,1695,704">
<area shape="rect" href="$_async_comm_2_event_8h.html" title="Event.h" alt="" coords="973,528,1040,555">
<area shape="rect" href="$_inet_addr_8h.html" title="Common/InetAddr.h" alt="" coords="455,603,599,629">
<area shape="rect" href="$_comm_header_8h.html" title="CommHeader.h" alt="" coords="1197,603,1315,629">
<area shape="rect" href="$_byte_string_8h.html" title="Common/ByteString.h" alt="" coords="1536,453,1691,480">
<area shape="rect" href="$_serialization_8h.html" title="Serialization.h" alt="" coords="1933,528,2043,555">
<area shape="rect" href="$_static_buffer_8h.html" title="Common/StaticBuffer.h" alt="" coords="1957,453,2120,480">
<area shape="rect" href="$_dynamic_buffer_8h.html" title="DynamicBuffer.h" alt="" coords="1525,528,1648,555">
<area shape="rect" href="$_sock_addr_map_8h.html" title="Common/SockAddrMap.h" alt="" coords="411,453,589,480">
<area shape="rect" href="$_connection_manager_8h.html" title="AsyncComm/ConnectionManager.h" alt="" coords="1883,229,2120,256">
<area shape="rect" href="$_timer_8h.html" title="Common/Timer.h" alt="" coords="659,304,787,331">
<area shape="rect" href="$_properties_8h.html" title="Common/Properties.h" alt="" coords="2605,379,2760,405">
<area shape="rect" href="$_client_keepalive_handler_8h.html" title="ClientKeepaliveHandler.h" alt="" coords="2195,229,2371,256">
<area shape="rect" href="$_handle_callback_8h.html" title="HandleCallback.h" alt="" coords="3088,453,3216,480">
<area shape="rect" href="$_lock_sequencer_8h.html" title="LockSequencer.h" alt="" coords="3252,603,3380,629">
<area shape="rect" href="$_hyperspace_2_protocol_8h.html" title="Protocol.h" alt="" coords="2829,304,2912,331">
<area shape="rect" href="$_dir_entry_8h.html" title="DirEntry.h" alt="" coords="3352,677,3435,704">
<area shape="rect" href="$_hs_command_interpreter_8h.html" title="HsCommandInterpreter.h" alt="" coords="328,229,504,256">
<area shape="rect" href="$_range_server_protocol_8h.html" title="RangeServerProtocol.h" alt="" coords="861,304,1024,331">
<area shape="rect" href="$_range_state_8h.html" title="RangeState.h" alt="" coords="304,379,408,405">
<area shape="rect" href="$_types_8h.html" title="Types.h" alt="" coords="1160,379,1229,405">
<area shape="rect" href="$_stat_8h.html" title="Stat.h" alt="" coords="1099,304,1157,331">
<area shape="rect" href="$_schema_8h.html" title="Hypertable/Lib/Schema.h" alt="" coords="1587,379,1760,405">
