<area shape="rect" href="$_compat_8h.html" title="Common/Compat.h" alt="" coords="264,229,403,256">
<area shape="rect" href="$_range_server_meta_log_entries_8h.html" title="RangeServerMetaLogEntries.h" alt="" coords="1072,80,1280,107">
<area shape="rect" href="$_types_8h.html" title="Types.h" alt="" coords="1380,229,1450,256">
<area shape="rect" href="$compat&#45;c_8h.html" title="compat&#45;c.h" alt="" coords="290,304,378,331">
<area shape="rect" href="$_sweetener_8h.html" title="Sweetener.h" alt="" coords="95,304,194,331">
<area shape="rect" href="$_string_8h.html" title="string.h" alt="" coords="888,379,955,405">
<area shape="rect" href="$_meta_log_8h.html" title="MetaLog.h" alt="" coords="1271,229,1356,256">
<area shape="rect" href="$_meta_log_entry_base_8h.html" title="MetaLogEntryBase.h" alt="" coords="882,155,1031,181">
<area shape="rect" href="$_range_server_meta_log_entry_factory_8h.html" title="RangeServerMetaLogEntryFactory.h" alt="" coords="1055,155,1298,181">
<area shape="rect" href="$_reference_count_8h.html" title="Common/ReferenceCount.h" alt="" coords="1471,453,1660,480">
<area shape="rect" href="$_dynamic_buffer_8h.html" title="Common/DynamicBuffer.h" alt="" coords="1347,379,1528,405">
<area shape="rect" href="$_static_buffer_8h.html" title="Common/StaticBuffer.h" alt="" coords="1362,304,1524,331">
<area shape="rect" href="$_time_8h.html" title="Common/Time.h" alt="" coords="1114,304,1236,331">
<area shape="rect" href="$atomic_8h.html" title="atomic.h" alt="" coords="1528,528,1603,555">
<area shape="rect" href="$_logger_8h.html" title="Common/Logger.h" alt="" coords="747,229,880,256">
<area shape="rect" href="$_range_state_8h.html" title="RangeState.h" alt="" coords="904,229,1008,256">
<area shape="rect" href="$_error_8h.html" title="Error.h" alt="" coords="519,304,583,331">
<area shape="rect" href="$_fixed_stream_8h.html" title="FixedStream.h" alt="" coords="607,304,716,331">
<area shape="rect" href="$_byte_string_8h.html" title="Common/ByteString.h" alt="" coords="1759,304,1914,331">
<area shape="rect" href="$_serialization_8h.html" title="Serialization.h" alt="" coords="1966,379,2075,405">
<area shape="rect" href="$serialization&#45;c_8h.html" title="serialization&#45;c.h" alt="" coords="1962,453,2079,480">
<area shape="rect" href="$endian&#45;c_8h.html" title="endian&#45;c.h" alt="" coords="1930,528,2015,555">
