<area shape="rect" href="$_logger_8h.html" title="Common/Logger.h" alt="" coords="768,612,901,639">
<area shape="rect" href="$_properties_8h.html" title="Common/Properties.h" alt="" coords="3029,463,3184,489">
<area shape="rect" href="$_reference_count_8h.html" title="ReferenceCount.h" alt="" coords="1668,761,1799,788">
<area shape="rect" href="$_hash_map_8h.html" title="HashMap.h" alt="" coords="2985,612,3076,639">
<area shape="rect" href="$_application_queue_8h.html" title="AsyncComm/ApplicationQueue.h" alt="" coords="2531,463,2752,489">
<area shape="rect" href="$_async_comm_2_event_8h.html" title="Event.h" alt="" coords="256,687,323,713">
<area shape="rect" href="$_comm_8h.html" title="AsyncComm/Comm.h" alt="" coords="1309,463,1464,489">
<area shape="rect" href="$_response_callback_8h.html" title="AsyncComm/ResponseCallback.h" alt="" coords="141,388,368,415">
<area shape="rect" href="$_session_8h.html" title="Hyperspace/Session.h" alt="" coords="1528,313,1685,340">
<area shape="rect" href="$_master_client_8h.html" title="Hypertable/Lib/MasterClient.h" alt="" coords="1644,239,1844,265">
<area shape="rect" href="$_types_8h.html" title="Hypertable/Lib/Types.h" alt="" coords="1000,313,1160,340">
<area shape="rect" href="$_range_state_8h.html" title="Hypertable/Lib/RangeState.h" alt="" coords="56,164,251,191">
<area shape="rect" href="$_hypertable_2_range_server_2_global_8h.html" title="Global.h" alt="" coords="1672,89,1744,116">
<area shape="rect" href="$_hypertable_2_range_server_2_table_info_8h.html" title="TableInfo.h" alt="" coords="2475,164,2565,191">
<area shape="rect" href="$_response_callback_create_scanner_8h.html" title="ResponseCallbackCreateScanner.h" alt="" coords="157,313,395,340">
<area shape="rect" href="$_response_callback_fetch_scanblock_8h.html" title="ResponseCallbackFetchScanblock.h" alt="" coords="419,313,661,340">
<area shape="rect" href="$_response_callback_update_8h.html" title="ResponseCallbackUpdate.h" alt="" coords="685,313,875,340">
<area shape="rect" href="$_table_info_map_8h.html" title="TableInfoMap.h" alt="" coords="2573,89,2688,116">
<area shape="rect" href="$_error_8h.html" title="Error.h" alt="" coords="469,687,533,713">
<area shape="rect" href="$_string_8h.html" title="Common/String.h" alt="" coords="504,761,632,788">
<area shape="rect" href="$_fixed_stream_8h.html" title="FixedStream.h" alt="" coords="709,687,819,713">
<area shape="rect" href="$_string_ext_8h.html" title="StringExt.h" alt="" coords="2987,537,3075,564">
<area shape="rect" href="$atomic_8h.html" title="atomic.h" alt="" coords="808,836,883,863">
<area shape="rect" href="$_application_handler_8h.html" title="ApplicationHandler.h" alt="" coords="544,612,693,639">
<area shape="rect" href="$_header_8h.html" title="Header.h" alt="" coords="139,761,216,788">
<area shape="rect" href="$_mutex_8h.html" title="Common/Mutex.h" alt="" coords="1821,537,1949,564">
<area shape="rect" href="$_dispatch_handler_8h.html" title="DispatchHandler.h" alt="" coords="1115,612,1248,639">
<area shape="rect" href="$_comm_buf_8h.html" title="CommBuf.h" alt="" coords="797,537,891,564">
<area shape="rect" href="$_async_comm_2_connection_handler_factory_8h.html" title="ConnectionHandlerFactory.h" alt="" coords="1320,537,1515,564">
<area shape="rect" href="$_handler_map_8h.html" title="HandlerMap.h" alt="" coords="1539,537,1645,564">
<area shape="rect" href="$_header_builder_8h.html" title="HeaderBuilder.h" alt="" coords="37,687,157,713">
<area shape="rect" href="$_connection_manager_8h.html" title="AsyncComm/ConnectionManager.h" alt="" coords="2112,388,2349,415">
<area shape="rect" href="$_dynamic_buffer_8h.html" title="DynamicBuffer.h" alt="" coords="1461,388,1584,415">
<area shape="rect" href="$_client_keepalive_handler_8h.html" title="ClientKeepaliveHandler.h" alt="" coords="1760,388,1936,415">
<area shape="rect" href="$_handle_callback_8h.html" title="HandleCallback.h" alt="" coords="1503,463,1631,489">
<area shape="rect" href="$_lock_sequencer_8h.html" title="LockSequencer.h" alt="" coords="1259,388,1387,415">
<area shape="rect" href="$_hyperspace_2_protocol_8h.html" title="Protocol.h" alt="" coords="1101,388,1184,415">
