<area shape="rect" href="$_session_8h.html" title="Hyperspace/Session.h" alt="" coords="883,80,1040,107">
<area shape="rect" href="$_comm_8h.html" title="AsyncComm/Comm.h" alt="" coords="1895,304,2050,331">
<area shape="rect" href="$_reference_count_8h.html" title="Common/ReferenceCount.h" alt="" coords="1954,603,2143,629">
<area shape="rect" href="$_dispatch_handler_8h.html" title="DispatchHandler.h" alt="" coords="2655,453,2788,480">
<area shape="rect" href="$_comm_buf_8h.html" title="CommBuf.h" alt="" coords="267,528,360,555">
<area shape="rect" href="$_dynamic_buffer_8h.html" title="DynamicBuffer.h" alt="" coords="76,677,199,704">
<area shape="rect" href="$_connection_manager_8h.html" title="AsyncComm/ConnectionManager.h" alt="" coords="2834,229,3071,256">
<area shape="rect" href="$_client_keepalive_handler_8h.html" title="ClientKeepaliveHandler.h" alt="" coords="1354,155,1530,181">
<area shape="rect" href="$_handle_callback_8h.html" title="HandleCallback.h" alt="" coords="839,453,967,480">
<area shape="rect" href="$_lock_sequencer_8h.html" title="LockSequencer.h" alt="" coords="271,453,399,480">
<area shape="rect" href="$_hyperspace_2_protocol_8h.html" title="Protocol.h" alt="" coords="590,304,672,331">
<area shape="rect" href="$_dir_entry_8h.html" title="DirEntry.h" alt="" coords="204,155,287,181">
<area shape="rect" href="$_mutex_8h.html" title="Common/Mutex.h" alt="" coords="1635,379,1763,405">
<area shape="rect" href="$_async_comm_2_connection_handler_factory_8h.html" title="ConnectionHandlerFactory.h" alt="" coords="2171,379,2366,405">
<area shape="rect" href="$_handler_map_8h.html" title="HandlerMap.h" alt="" coords="2040,379,2147,405">
<area shape="rect" href="$atomic_8h.html" title="atomic.h" alt="" coords="2082,677,2156,704">
<area shape="rect" href="$_async_comm_2_event_8h.html" title="Event.h" alt="" coords="1500,528,1567,555">
<area shape="rect" href="$_byte_string_8h.html" title="Common/ByteString.h" alt="" coords="294,603,448,629">
<area shape="rect" href="$_serialization_8h.html" title="Serialization.h" alt="" coords="251,677,360,704">
<area shape="rect" href="$_logger_8h.html" title="Common/Logger.h" alt="" coords="523,603,656,629">
<area shape="rect" href="$_static_buffer_8h.html" title="Common/StaticBuffer.h" alt="" coords="56,603,219,629">
<area shape="rect" href="$_header_builder_8h.html" title="HeaderBuilder.h" alt="" coords="680,603,800,629">
<area shape="rect" href="$_error_8h.html" title="Error.h" alt="" coords="1263,677,1327,704">
<area shape="rect" href="$_inet_addr_8h.html" title="Common/InetAddr.h" alt="" coords="1844,453,1988,480">
<area shape="rect" href="$_sock_addr_map_8h.html" title="Common/SockAddrMap.h" alt="" coords="2452,453,2631,480">
<area shape="rect" href="$_i_o_handler_data_8h.html" title="IOHandlerData.h" alt="" coords="2306,453,2428,480">
<area shape="rect" href="$_time_8h.html" title="time.h" alt="" coords="2964,528,3023,555">
<area shape="rect" href="$_properties_8h.html" title="Common/Properties.h" alt="" coords="1543,229,1698,256">
<area shape="rect" href="$_string_ext_8h.html" title="StringExt.h" alt="" coords="1476,304,1564,331">
<area shape="rect" href="$_client_connection_handler_8h.html" title="ClientConnectionHandler.h" alt="" coords="1284,229,1468,256">
<area shape="rect" href="$_client_handle_state_8h.html" title="ClientHandleState.h" alt="" coords="954,379,1098,405">
<area shape="rect" href="$_async_comm_2_protocol_8h.html" title="AsyncComm/Protocol.h" alt="" coords="423,453,588,480">
<area shape="rect" href="$_notification_8h.html" title="Notification.h" alt="" coords="612,453,714,480">
<area shape="rect" href="$_session_data_8h.html" title="SessionData.h" alt="" coords="668,379,778,405">
