<area shape="rect" href="$_compat_8h.html" title="Common/Compat.h" alt="" coords="419,200,557,227">
<area shape="rect" href="$_error_8h.html" title="Common/Error.h" alt="" coords="1071,648,1193,675">
<area shape="rect" href="$_logger_8h.html" title="Common/Logger.h" alt="" coords="704,573,837,600">
<area shape="rect" href="$_response_callback_8h.html" title="AsyncComm/ResponseCallback.h" alt="" coords="1672,349,1899,376">
<area shape="rect" href="$_serialization_8h.html" title="Serialization.h" alt="" coords="3903,424,4012,451">
<area shape="rect" href="$_types_8h.html" title="Hypertable/Lib/Types.h" alt="" coords="3667,275,3827,301">
<area shape="rect" href="$_hyperspace_2_master_8h.html" title="Master.h" alt="" coords="2183,200,2257,227">
<area shape="rect" href="$_request_handler_delete_8h.html" title="RequestHandlerDelete.h" alt="" coords="3309,275,3480,301">
<area shape="rect" href="$compat&#45;c_8h.html" title="compat&#45;c.h" alt="" coords="227,275,315,301">
<area shape="rect" href="$_sweetener_8h.html" title="Sweetener.h" alt="" coords="441,275,540,301">
<area shape="rect" href="$_string_8h.html" title="string.h" alt="" coords="1752,723,1819,749">
<area shape="rect" href="$_fixed_stream_8h.html" title="FixedStream.h" alt="" coords="716,648,825,675">
<area shape="rect" href="$_comm_8h.html" title="Comm.h" alt="" coords="1979,424,2051,451">
<area shape="rect" href="$_async_comm_2_event_8h.html" title="Event.h" alt="" coords="3155,424,3221,451">
<area shape="rect" href="$_mutex_8h.html" title="Common/Mutex.h" alt="" coords="1013,499,1141,525">
<area shape="rect" href="$_reference_count_8h.html" title="Common/ReferenceCount.h" alt="" coords="2329,499,2519,525">
<area shape="rect" href="$atomic_8h.html" title="atomic.h" alt="" coords="1307,573,1381,600">
<area shape="rect" href="$serialization&#45;c_8h.html" title="serialization&#45;c.h" alt="" coords="3899,499,4016,525">
<area shape="rect" href="$_byte_string_8h.html" title="Common/ByteString.h" alt="" coords="3784,349,3939,376">
<area shape="rect" href="$_properties_8h.html" title="Common/Properties.h" alt="" coords="733,424,888,451">
<area shape="rect" href="$_sock_addr_map_8h.html" title="Common/SockAddrMap.h" alt="" coords="2208,349,2387,376">
<area shape="rect" href="$_string_ext_8h.html" title="Common/StringExt.h" alt="" coords="489,648,636,675">
<area shape="rect" href="$_connection_manager_8h.html" title="AsyncComm/ConnectionManager.h" alt="" coords="2024,275,2261,301">
<area shape="rect" href="$_berkeley_db_filesystem_8h.html" title="BerkeleyDbFilesystem.h" alt="" coords="2949,275,3117,301">
<area shape="rect" href="$_node_data_8h.html" title="NodeData.h" alt="" coords="3141,275,3235,301">
<area shape="rect" href="$_handle_data_8h.html" title="HandleData.h" alt="" coords="2741,349,2845,376">
<area shape="rect" href="$_session_data_8h.html" title="SessionData.h" alt="" coords="2611,424,2720,451">
<area shape="rect" href="$_hyperspace_2_protocol_8h.html" title="Protocol.h" alt="" coords="2741,275,2824,301">
<area shape="rect" href="$_hyperspace_2_response_callback_open_8h.html" title="ResponseCallbackOpen.h" alt="" coords="1301,275,1480,301">
<area shape="rect" href="$_hyperspace_2_response_callback_exists_8h.html" title="ResponseCallbackExists.h" alt="" coords="1504,275,1685,301">
<area shape="rect" href="$_response_callback_attr_get_8h.html" title="ResponseCallbackAttrGet.h" alt="" coords="1709,275,1899,301">
<area shape="rect" href="$_response_callback_lock_8h.html" title="ResponseCallbackLock.h" alt="" coords="885,275,1059,301">
<area shape="rect" href="$_hyperspace_2_response_callback_readdir_8h.html" title="ResponseCallbackReaddir.h" alt="" coords="1083,275,1277,301">
<area shape="rect" href="$_server_keepalive_handler_8h.html" title="ServerKeepaliveHandler.h" alt="" coords="2437,275,2616,301">
<area shape="rect" href="$_runnable_8h.html" title="Common/Runnable.h" alt="" coords="3205,349,3355,376">
<area shape="rect" href="$_application_handler_8h.html" title="AsyncComm/ApplicationHandler.h" alt="" coords="3480,349,3709,376">
