<area shape="rect" href="$_runnable_8h.html" title="Common/Runnable.h" alt="" coords="81,80,231,107">
<area shape="rect" href="$_application_handler_8h.html" title="AsyncComm/ApplicationHandler.h" alt="" coords="559,379,788,406">
<area shape="rect" href="$_async_comm_2_event_8h.html" title="Event.h" alt="" coords="645,454,712,480">
<area shape="rect" href="$_comm_8h.html" title="AsyncComm/Comm.h" alt="" coords="393,80,548,107">
<area shape="rect" href="$_string_8h.html" title="Common/String.h" alt="" coords="2124,528,2252,555">
<area shape="rect" href="$_reference_count_8h.html" title="Common/ReferenceCount.h" alt="" coords="272,528,461,555">
<area shape="rect" href="$_header_8h.html" title="Header.h" alt="" coords="641,528,719,555">
<area shape="rect" href="$atomic_8h.html" title="atomic.h" alt="" coords="1023,603,1097,630">
<area shape="rect" href="$_mutex_8h.html" title="Common/Mutex.h" alt="" coords="2419,155,2547,182">
<area shape="rect" href="$_dispatch_handler_8h.html" title="DispatchHandler.h" alt="" coords="300,379,433,406">
<area shape="rect" href="$_comm_buf_8h.html" title="CommBuf.h" alt="" coords="1624,304,1717,331">
<area shape="rect" href="$_async_comm_2_connection_handler_factory_8h.html" title="ConnectionHandlerFactory.h" alt="" coords="188,304,383,331">
<area shape="rect" href="$_handler_map_8h.html" title="HandlerMap.h" alt="" coords="1841,155,1948,182">
<area shape="rect" href="$_byte_string_8h.html" title="Common/ByteString.h" alt="" coords="1553,379,1708,406">
<area shape="rect" href="$_serialization_8h.html" title="Serialization.h" alt="" coords="1531,454,1640,480">
<area shape="rect" href="$_logger_8h.html" title="Common/Logger.h" alt="" coords="1999,379,2132,406">
<area shape="rect" href="$_static_buffer_8h.html" title="Common/StaticBuffer.h" alt="" coords="1367,379,1529,406">
<area shape="rect" href="$_header_builder_8h.html" title="HeaderBuilder.h" alt="" coords="1000,454,1120,480">
<area shape="rect" href="$_dynamic_buffer_8h.html" title="DynamicBuffer.h" alt="" coords="1144,454,1267,480">
<area shape="rect" href="$serialization&#45;c_8h.html" title="serialization&#45;c.h" alt="" coords="1527,528,1644,555">
<area shape="rect" href="$_error_8h.html" title="Error.h" alt="" coords="2440,454,2504,480">
<area shape="rect" href="$_fixed_stream_8h.html" title="FixedStream.h" alt="" coords="2205,454,2315,480">
<area shape="rect" href="$_inet_addr_8h.html" title="Common/InetAddr.h" alt="" coords="1664,454,1808,480">
<area shape="rect" href="$_sock_addr_map_8h.html" title="Common/SockAddrMap.h" alt="" coords="1021,304,1200,331">
<area shape="rect" href="$_i_o_handler_data_8h.html" title="IOHandlerData.h" alt="" coords="1833,230,1956,256">
<area shape="rect" href="$_i_o_handler_datagram_8h.html" title="IOHandlerDatagram.h" alt="" coords="1980,230,2135,256">
<area shape="rect" href="$_hash_map_8h.html" title="Common/HashMap.h" alt="" coords="1092,379,1241,406">
<area shape="rect" href="$_time_8h.html" title="time.h" alt="" coords="1945,304,2004,331">
<area shape="rect" href="$_i_o_handler_8h.html" title="IOHandler.h" alt="" coords="901,304,997,331">
<area shape="rect" href="$_request_cache_8h.html" title="RequestCache.h" alt="" coords="1351,304,1473,331">
