<area shape="rect" href="$_compat_8h.html" title="Common/Compat.h" alt="" coords="423,80,562,107">
<area shape="rect" href="$_error_8h.html" title="Common/Error.h" alt="" coords="2479,528,2602,555">
<area shape="rect" href="$_logger_8h.html" title="Common/Logger.h" alt="" coords="2192,453,2326,480">
<area shape="rect" href="$_response_callback_8h.html" title="AsyncComm/ResponseCallback.h" alt="" coords="2214,229,2440,256">
<area shape="rect" href="$_serialization_8h.html" title="Serialization.h" alt="" coords="3328,453,3438,480">
<area shape="rect" href="$_hyperspace_2_master_8h.html" title="Master.h" alt="" coords="1575,80,1650,107">
<area shape="rect" href="$_response_callback_lock_8h.html" title="ResponseCallbackLock.h" alt="" coords="3030,155,3203,181">
<area shape="rect" href="$_request_handler_lock_8h.html" title="RequestHandlerLock.h" alt="" coords="582,229,742,256">
<area shape="rect" href="$compat&#45;c_8h.html" title="compat&#45;c.h" alt="" coords="190,155,278,181">
<area shape="rect" href="$_sweetener_8h.html" title="Sweetener.h" alt="" coords="443,155,542,181">
<area shape="rect" href="$_string_8h.html" title="string.h" alt="" coords="1716,603,1783,629">
<area shape="rect" href="$_fixed_stream_8h.html" title="FixedStream.h" alt="" coords="2346,528,2455,555">
<area shape="rect" href="$_comm_8h.html" title="Comm.h" alt="" coords="1724,304,1796,331">
<area shape="rect" href="$_async_comm_2_event_8h.html" title="Event.h" alt="" coords="726,379,792,405">
<area shape="rect" href="$_mutex_8h.html" title="Common/Mutex.h" alt="" coords="2112,379,2240,405">
<area shape="rect" href="$_reference_count_8h.html" title="Common/ReferenceCount.h" alt="" coords="1052,453,1242,480">
<area shape="rect" href="$_comm_buf_8h.html" title="CommBuf.h" alt="" coords="2583,379,2676,405">
<area shape="rect" href="$atomic_8h.html" title="atomic.h" alt="" coords="1166,528,1240,555">
<area shape="rect" href="$serialization&#45;c_8h.html" title="serialization&#45;c.h" alt="" coords="3324,528,3442,555">
<area shape="rect" href="$_properties_8h.html" title="Common/Properties.h" alt="" coords="1459,379,1614,405">
<area shape="rect" href="$_sock_addr_map_8h.html" title="Common/SockAddrMap.h" alt="" coords="1960,229,2139,256">
<area shape="rect" href="$_string_ext_8h.html" title="Common/StringExt.h" alt="" coords="1656,528,1803,555">
<area shape="rect" href="$_connection_manager_8h.html" title="AsyncComm/ConnectionManager.h" alt="" coords="1675,155,1912,181">
<area shape="rect" href="$_berkeley_db_filesystem_8h.html" title="BerkeleyDbFilesystem.h" alt="" coords="1072,155,1240,181">
<area shape="rect" href="$_node_data_8h.html" title="NodeData.h" alt="" coords="867,229,960,256">
<area shape="rect" href="$_handle_data_8h.html" title="HandleData.h" alt="" coords="970,304,1074,331">
<area shape="rect" href="$_session_data_8h.html" title="SessionData.h" alt="" coords="1087,379,1196,405">
<area shape="rect" href="$_hyperspace_2_protocol_8h.html" title="Protocol.h" alt="" coords="1315,155,1398,181">
<area shape="rect" href="$_hyperspace_2_response_callback_open_8h.html" title="ResponseCallbackOpen.h" alt="" coords="2827,155,3006,181">
<area shape="rect" href="$_hyperspace_2_response_callback_exists_8h.html" title="ResponseCallbackExists.h" alt="" coords="2190,155,2371,181">
<area shape="rect" href="$_response_callback_attr_get_8h.html" title="ResponseCallbackAttrGet.h" alt="" coords="2395,155,2584,181">
<area shape="rect" href="$_hyperspace_2_response_callback_readdir_8h.html" title="ResponseCallbackReaddir.h" alt="" coords="2608,155,2803,181">
<area shape="rect" href="$_server_keepalive_handler_8h.html" title="ServerKeepaliveHandler.h" alt="" coords="1320,229,1499,256">
<area shape="rect" href="$_runnable_8h.html" title="Common/Runnable.h" alt="" coords="238,304,387,331">
<area shape="rect" href="$_application_handler_8h.html" title="AsyncComm/ApplicationHandler.h" alt="" coords="512,304,742,331">
