<area shape="rect" href="$_compat_8h.html" title="Common/Compat.h" alt="" coords="312,80,451,107">
<area shape="rect" href="$_error_8h.html" title="Common/Error.h" alt="" coords="1192,678,1315,704">
<area shape="rect" href="$_logger_8h.html" title="Common/Logger.h" alt="" coords="975,603,1108,630">
<area shape="rect" href="$_response_callback_8h.html" title="AsyncComm/ResponseCallback.h" alt="" coords="1152,379,1379,406">
<area shape="rect" href="$_serialization_8h.html" title="Serialization.h" alt="" coords="2877,528,2987,555">
<area shape="rect" href="$_types_8h.html" title="Hypertable/Lib/Types.h" alt="" coords="2719,379,2879,406">
<area shape="rect" href="$_range_server_8h.html" title="RangeServer.h" alt="" coords="1956,80,2068,107">
<area shape="rect" href="$_request_handler_drop_range_8h.html" title="RequestHandlerDropRange.h" alt="" coords="1749,379,1949,406">
<area shape="rect" href="$compat&#45;c_8h.html" title="compat&#45;c.h" alt="" coords="337,155,425,182">
<area shape="rect" href="$_sweetener_8h.html" title="Sweetener.h" alt="" coords="119,155,217,182">
<area shape="rect" href="$_string_8h.html" title="string.h" alt="" coords="1172,752,1239,779">
<area shape="rect" href="$_fixed_stream_8h.html" title="FixedStream.h" alt="" coords="567,678,676,704">
<area shape="rect" href="$_comm_8h.html" title="Comm.h" alt="" coords="1940,454,2012,480">
<area shape="rect" href="$_async_comm_2_event_8h.html" title="Event.h" alt="" coords="1731,528,1797,555">
<area shape="rect" href="$_mutex_8h.html" title="Common/Mutex.h" alt="" coords="1391,528,1519,555">
<area shape="rect" href="$_reference_count_8h.html" title="Common/ReferenceCount.h" alt="" coords="2005,603,2195,630">
<area shape="rect" href="$serialization&#45;c_8h.html" title="serialization&#45;c.h" alt="" coords="2771,603,2888,630">
<area shape="rect" href="$_byte_string_8h.html" title="Common/ByteString.h" alt="" coords="2855,454,3009,480">
<area shape="rect" href="$_properties_8h.html" title="Common/Properties.h" alt="" coords="2497,454,2652,480">
<area shape="rect" href="$_hash_map_8h.html" title="Common/HashMap.h" alt="" coords="1065,454,1215,480">
<area shape="rect" href="$_application_queue_8h.html" title="AsyncComm/ApplicationQueue.h" alt="" coords="1504,379,1725,406">
<area shape="rect" href="$_session_8h.html" title="Hyperspace/Session.h" alt="" coords="2236,379,2393,406">
<area shape="rect" href="$_master_client_8h.html" title="Hypertable/Lib/MasterClient.h" alt="" coords="2125,304,2325,331">
<area shape="rect" href="$_range_state_8h.html" title="Hypertable/Lib/RangeState.h" alt="" coords="2912,603,3107,630">
<area shape="rect" href="$_global_8h.html" title="Global.h" alt="" coords="2392,155,2464,182">
<area shape="rect" href="$_hypertable_2_range_server_2_table_info_8h.html" title="TableInfo.h" alt="" coords="2552,230,2643,256">
<area shape="rect" href="$_response_callback_create_scanner_8h.html" title="ResponseCallbackCreateScanner.h" alt="" coords="947,304,1184,331">
<area shape="rect" href="$_response_callback_fetch_scanblock_8h.html" title="ResponseCallbackFetchScanblock.h" alt="" coords="1360,304,1603,331">
<area shape="rect" href="$_response_callback_get_statistics_8h.html" title="ResponseCallbackGetStatistics.h" alt="" coords="1627,304,1848,331">
<area shape="rect" href="$_response_callback_update_8h.html" title="ResponseCallbackUpdate.h" alt="" coords="733,304,923,331">
<area shape="rect" href="$_table_info_map_8h.html" title="TableInfoMap.h" alt="" coords="2539,155,2653,182">
<area shape="rect" href="$_application_handler_8h.html" title="ApplicationHandler.h" alt="" coords="1543,454,1692,480">
<area shape="rect" href="$_runnable_8h.html" title="Common/Runnable.h" alt="" coords="1716,454,1865,480">
