<area shape="rect" href="$_compat_8h.html" title="Common/Compat.h" alt="" coords="304,80,443,107">
<area shape="rect" href="$_error_8h.html" title="Common/Error.h" alt="" coords="842,528,964,555">
<area shape="rect" href="$_logger_8h.html" title="Common/Logger.h" alt="" coords="1224,453,1358,480">
<area shape="rect" href="$_response_callback_8h.html" title="AsyncComm/ResponseCallback.h" alt="" coords="1506,229,1732,256">
<area shape="rect" href="$_serialization_8h.html" title="Serialization.h" alt="" coords="1432,453,1542,480">
<area shape="rect" href="$_hyperspace_2_master_8h.html" title="Master.h" alt="" coords="2108,80,2183,107">
<area shape="rect" href="$_response_callback_attr_get_8h.html" title="ResponseCallbackAttrGet.h" alt="" coords="568,155,758,181">
<area shape="rect" href="$_request_handler_attr_get_8h.html" title="RequestHandlerAttrGet.h" alt="" coords="2462,155,2635,181">
<area shape="rect" href="$compat&#45;c_8h.html" title="compat&#45;c.h" alt="" coords="232,155,320,181">
<area shape="rect" href="$_sweetener_8h.html" title="Sweetener.h" alt="" coords="344,155,443,181">
<area shape="rect" href="$_string_8h.html" title="string.h" alt="" coords="1728,603,1795,629">
<area shape="rect" href="$_fixed_stream_8h.html" title="FixedStream.h" alt="" coords="1215,528,1324,555">
<area shape="rect" href="$_comm_8h.html" title="Comm.h" alt="" coords="2248,304,2320,331">
<area shape="rect" href="$_header_builder_8h.html" title="HeaderBuilder.h" alt="" coords="1692,453,1812,480">
<area shape="rect" href="$_async_comm_2_event_8h.html" title="Event.h" alt="" coords="2344,304,2411,331">
<area shape="rect" href="$_reference_count_8h.html" title="Common/ReferenceCount.h" alt="" coords="2719,379,2908,405">
<area shape="rect" href="$_comm_buf_8h.html" title="CommBuf.h" alt="" coords="1347,379,1440,405">
<area shape="rect" href="$atomic_8h.html" title="atomic.h" alt="" coords="2776,528,2851,555">
<area shape="rect" href="$_static_buffer_8h.html" title="Common/StaticBuffer.h" alt="" coords="987,453,1150,480">
<area shape="rect" href="$serialization&#45;c_8h.html" title="serialization&#45;c.h" alt="" coords="1450,528,1567,555">
<area shape="rect" href="$_properties_8h.html" title="Common/Properties.h" alt="" coords="2070,304,2224,331">
<area shape="rect" href="$_string_ext_8h.html" title="StringExt.h" alt="" coords="1806,379,1894,405">
<area shape="rect" href="$_sock_addr_map_8h.html" title="Common/SockAddrMap.h" alt="" coords="3015,304,3194,331">
<area shape="rect" href="$_connection_manager_8h.html" title="AsyncComm/ConnectionManager.h" alt="" coords="2738,229,2975,256">
<area shape="rect" href="$_berkeley_db_filesystem_8h.html" title="BerkeleyDbFilesystem.h" alt="" coords="1707,155,1875,181">
<area shape="rect" href="$_node_data_8h.html" title="NodeData.h" alt="" coords="3207,155,3300,181">
<area shape="rect" href="$_handle_data_8h.html" title="HandleData.h" alt="" coords="3375,229,3479,256">
<area shape="rect" href="$_session_data_8h.html" title="SessionData.h" alt="" coords="3268,304,3378,331">
<area shape="rect" href="$_hyperspace_2_protocol_8h.html" title="Protocol.h" alt="" coords="1950,155,2032,181">
<area shape="rect" href="$_hyperspace_2_response_callback_open_8h.html" title="ResponseCallbackOpen.h" alt="" coords="1198,155,1376,181">
<area shape="rect" href="$_hyperspace_2_response_callback_exists_8h.html" title="ResponseCallbackExists.h" alt="" coords="1400,155,1582,181">
<area shape="rect" href="$_response_callback_lock_8h.html" title="ResponseCallbackLock.h" alt="" coords="1000,155,1174,181">
<area shape="rect" href="$_hyperspace_2_response_callback_readdir_8h.html" title="ResponseCallbackReaddir.h" alt="" coords="782,155,976,181">
<area shape="rect" href="$_server_keepalive_handler_8h.html" title="ServerKeepaliveHandler.h" alt="" coords="2259,155,2438,181">
<area shape="rect" href="$_runnable_8h.html" title="Common/Runnable.h" alt="" coords="3050,229,3199,256">
<area shape="rect" href="$_application_handler_8h.html" title="AsyncComm/ApplicationHandler.h" alt="" coords="2282,229,2511,256">
