<area shape="rect" href="$_reactor_8h.html" title="/Users/doug/src/hypertable/src/cc/AsyncComm/Reactor.h" alt="" coords="13719,80,14087,107">
<area shape="rect" href="$_request_cache_8cc.html" title="/Users/doug/src/hypertable/src/cc/AsyncComm/RequestCache.cc" alt="" coords="15980,379,16396,406">
<area shape="rect" href="$_reactor_factory_8h.html" title="/Users/doug/src/hypertable/src/cc/AsyncComm/ReactorFactory.h" alt="" coords="13696,155,14109,182">
<area shape="rect" href="$_reactor_8cc.html" title="/Users/doug/src/hypertable/src/cc/AsyncComm/Reactor.cc" alt="" coords="15583,379,15956,406">
<area shape="rect" href="$_i_o_handler_8cc.html" title="/Users/doug/src/hypertable/src/cc/AsyncComm/IOHandler.cc" alt="" coords="13260,304,13649,331">
<area shape="rect" href="$_reactor_runner_8h.html" title="/Users/doug/src/hypertable/src/cc/AsyncComm/ReactorRunner.h" alt="" coords="11813,155,12227,182">
<area shape="rect" href="$_i_o_handler_8h.html" title="/Users/doug/src/hypertable/src/cc/AsyncComm/IOHandler.h" alt="" coords="14803,230,15187,256">
<area shape="rect" href="$_comm_8cc.html" title="/Users/doug/src/hypertable/src/cc/AsyncComm/Comm.cc" alt="" coords="14740,379,15105,406">
<area shape="rect" href="$_i_o_handler_accept_8cc.html" title="/Users/doug/src/hypertable/src/cc/AsyncComm/IOHandlerAccept.cc" alt="" coords="15129,379,15559,406">
<area shape="rect" href="$_reactor_runner_8cc.html" title="/Users/doug/src/hypertable/src/cc/AsyncComm/ReactorRunner.cc" alt="" coords="14033,379,14452,406">
<area shape="rect" href="$_async_comm_2_config_8cc.html" title="/Users/doug/src/hypertable/src/cc/AsyncComm/Config.cc" alt="" coords="12677,230,13043,256">
<area shape="rect" href="$_reactor_factory_8cc.html" title="/Users/doug/src/hypertable/src/cc/AsyncComm/ReactorFactory.cc" alt="" coords="12083,230,12501,256">
<area shape="rect" href="$_hypertable_2_lib_2_client_8cc.html" title="/Users/doug/src/hypertable/src/cc/Hypertable/Lib/Client.cc" alt="" coords="13067,230,13437,256">
<area shape="rect" href="$csdump_8cc.html" title="/Users/doug/src/hypertable/src/cc/Hypertable/RangeServer/csdump.cc" alt="" coords="13461,230,13907,256">
<area shape="rect" href="$dfs_test_8cc.html" title="/Users/doug/src/hypertable/src/cc/Tools/dfsclient/dfsTest.cc" alt="" coords="13931,230,14312,256">
<area shape="rect" href="$dumplog_8cc.html" title="/Users/doug/src/hypertable/src/cc/Tools/dumplog/dumplog.cc" alt="" coords="14387,230,14779,256">
<area shape="rect" href="$rsdump_8cc.html" title="/Users/doug/src/hypertable/src/cc/Tools/rsdump/rsdump.cc" alt="" coords="3673,379,4052,406">
<area shape="rect" href="$serverup_8cc.html" title="/Users/doug/src/hypertable/src/cc/Tools/serverup/serverup.cc" alt="" coords="6876,379,7268,406">
<area shape="rect" href="$_i_o_handler_data_8h.html" title="/Users/doug/src/hypertable/src/cc/AsyncComm/IOHandlerData.h" alt="" coords="15271,304,15681,331">
<area shape="rect" href="$_i_o_handler_datagram_8h.html" title="/Users/doug/src/hypertable/src/cc/AsyncComm/IOHandlerDatagram.h" alt="" coords="14305,304,14748,331">
<area shape="rect" href="$_i_o_handler_accept_8h.html" title="/Users/doug/src/hypertable/src/cc/AsyncComm/IOHandlerAccept.h" alt="" coords="14772,304,15196,331">
<area shape="rect" href="$_application_handler_8h.html" title="/Users/doug/src/hypertable/src/cc/AsyncComm/ApplicationHandler.h" alt="" coords="6199,230,6633,256">
<area shape="rect" href="$_hypertable_2_range_server_2main_8cc.html" title="/Users/doug/src/hypertable/src/cc/Hypertable/RangeServer/main.cc" alt="" coords="5,379,435,406">
<area shape="rect" href="$_application_queue_8h.html" title="/Users/doug/src/hypertable/src/cc/AsyncComm/ApplicationQueue.h" alt="" coords="405,304,835,331">
<area shape="rect" href="$test_server_8cc.html" title="/Users/doug/src/hypertable/src/cc/AsyncComm/testServer.cc" alt="" coords="459,379,848,406">
<area shape="rect" href="$_dfs_broker_2_lib_2_request_handler_close_8h.html" title="/Users/doug/src/hypertable/src/cc/DfsBroker/Lib/RequestHandlerClose.h" alt="" coords="5211,304,5669,331">
<area shape="rect" href="$_request_handler_create_8h.html" title="/Users/doug/src/hypertable/src/cc/DfsBroker/Lib/RequestHandlerCreate.h" alt="" coords="5693,304,6160,331">
<area shape="rect" href="$_request_handler_debug_8h.html" title="/Users/doug/src/hypertable/src/cc/DfsBroker/Lib/RequestHandlerDebug.h" alt="" coords="6184,304,6648,331">
<area shape="rect" href="$_dfs_broker_2_lib_2_request_handler_open_8h.html" title="/Users/doug/src/hypertable/src/cc/DfsBroker/Lib/RequestHandlerOpen.h" alt="" coords="6672,304,7131,331">
<area shape="rect" href="$_request_handler_read_8h.html" title="/Users/doug/src/hypertable/src/cc/DfsBroker/Lib/RequestHandlerRead.h" alt="" coords="7155,304,7611,331">
<area shape="rect" href="$_request_handler_append_8h.html" title="/Users/doug/src/hypertable/src/cc/DfsBroker/Lib/RequestHandlerAppend.h" alt="" coords="7635,304,8107,331">
<area shape="rect" href="$_request_handler_seek_8h.html" title="/Users/doug/src/hypertable/src/cc/DfsBroker/Lib/RequestHandlerSeek.h" alt="" coords="8131,304,8587,331">
<area shape="rect" href="$_request_handler_remove_8h.html" title="/Users/doug/src/hypertable/src/cc/DfsBroker/Lib/RequestHandlerRemove.h" alt="" coords="8611,304,9085,331">
<area shape="rect" href="$_request_handler_length_8h.html" title="/Users/doug/src/hypertable/src/cc/DfsBroker/Lib/RequestHandlerLength.h" alt="" coords="9109,304,9576,331">
<area shape="rect" href="$_request_handler_pread_8h.html" title="/Users/doug/src/hypertable/src/cc/DfsBroker/Lib/RequestHandlerPread.h" alt="" coords="9600,304,10061,331">
<area shape="rect" href="$_request_handler_mkdirs_8h.html" title="/Users/doug/src/hypertable/src/cc/DfsBroker/Lib/RequestHandlerMkdirs.h" alt="" coords="10085,304,10549,331">
<area shape="rect" href="$_request_handler_flush_8h.html" title="/Users/doug/src/hypertable/src/cc/DfsBroker/Lib/RequestHandlerFlush.h" alt="" coords="10573,304,11032,331">
<area shape="rect" href="$_dfs_broker_2_lib_2_request_handler_status_8h.html" title="/Users/doug/src/hypertable/src/cc/DfsBroker/Lib/RequestHandlerStatus.h" alt="" coords="11056,304,11520,331">
<area shape="rect" href="$_request_handler_rmdir_8h.html" title="/Users/doug/src/hypertable/src/cc/DfsBroker/Lib/RequestHandlerRmdir.h" alt="" coords="11544,304,12005,331">
<area shape="rect" href="$_dfs_broker_2_lib_2_request_handler_readdir_8h.html" title="/Users/doug/src/hypertable/src/cc/DfsBroker/Lib/RequestHandlerReaddir.h" alt="" coords="12029,304,12501,331">
<area shape="rect" href="$_dfs_broker_2_lib_2_request_handler_exists_8h.html" title="/Users/doug/src/hypertable/src/cc/DfsBroker/Lib/RequestHandlerExists.h" alt="" coords="859,304,1320,331">
<area shape="rect" href="$_request_handler_rename_8h.html" title="/Users/doug/src/hypertable/src/cc/DfsBroker/Lib/RequestHandlerRename.h" alt="" coords="1344,304,1819,331">
<area shape="rect" href="$_request_handler_attr_del_8h.html" title="/Users/doug/src/hypertable/src/cc/Hyperspace/RequestHandlerAttrDel.h" alt="" coords="1843,304,2299,331">
<area shape="rect" href="$_request_handler_attr_exists_8h.html" title="/Users/doug/src/hypertable/src/cc/Hyperspace/RequestHandlerAttrExists.h" alt="" coords="2323,304,2795,331">
<area shape="rect" href="$_request_handler_attr_get_8h.html" title="/Users/doug/src/hypertable/src/cc/Hyperspace/RequestHandlerAttrGet.h" alt="" coords="2819,304,3277,331">
<area shape="rect" href="$_request_handler_attr_list_8h.html" title="/Users/doug/src/hypertable/src/cc/Hyperspace/RequestHandlerAttrList.h" alt="" coords="3301,304,3757,331">
<area shape="rect" href="$_request_handler_attr_set_8h.html" title="/Users/doug/src/hypertable/src/cc/Hyperspace/RequestHandlerAttrSet.h" alt="" coords="3781,304,4237,331">
<area shape="rect" href="$_hyperspace_2_request_handler_close_8h.html" title="/Users/doug/src/hypertable/src/cc/Hyperspace/RequestHandlerClose.h" alt="" coords="4261,304,4709,331">
<area shape="rect" href="$_request_handler_delete_8h.html" title="/Users/doug/src/hypertable/src/cc/Hyperspace/RequestHandlerDelete.h" alt="" coords="4733,304,5187,331">
