<area shape="rect" href="$_compat_8h.html" title="Common/Compat.h" alt="" coords="329,304,468,331">
<area shape="rect" href="$_error_8h.html" title="Common/Error.h" alt="" coords="2193,454,2316,480">
<area shape="rect" href="$_comm_buf_8h.html" title="CommBuf.h" alt="" coords="985,230,1079,256">
<area shape="rect" href="$_comm_header_8h.html" title="CommHeader.h" alt="" coords="632,454,749,480">
<area shape="rect" href="$_async_comm_2_protocol_8h.html" title="Protocol.h" alt="" coords="1280,304,1363,331">
<area shape="rect" href="$_response_callback_8h.html" title="ResponseCallback.h" alt="" coords="1757,80,1904,107">
<area shape="rect" href="$compat&#45;c_8h.html" title="compat&#45;c.h" alt="" coords="211,379,299,406">
<area shape="rect" href="$_sweetener_8h.html" title="Sweetener.h" alt="" coords="351,379,449,406">
<area shape="rect" href="$_string_8h.html" title="string.h" alt="" coords="1741,528,1808,555">
<area shape="rect" href="$_byte_string_8h.html" title="Common/ByteString.h" alt="" coords="864,304,1019,331">
<area shape="rect" href="$_reference_count_8h.html" title="ReferenceCount.h" alt="" coords="1284,454,1415,480">
<area shape="rect" href="$_serialization_8h.html" title="Serialization.h" alt="" coords="643,379,752,406">
<area shape="rect" href="$_logger_8h.html" title="Common/Logger.h" alt="" coords="1787,379,1920,406">
<area shape="rect" href="$_static_buffer_8h.html" title="Common/StaticBuffer.h" alt="" coords="1043,304,1205,331">
<area shape="rect" href="$_dynamic_buffer_8h.html" title="DynamicBuffer.h" alt="" coords="1139,379,1261,406">
<area shape="rect" href="$atomic_8h.html" title="atomic.h" alt="" coords="1003,528,1077,555">
<area shape="rect" href="$serialization&#45;c_8h.html" title="serialization&#45;c.h" alt="" coords="773,454,891,480">
<area shape="rect" href="$endian&#45;c_8h.html" title="endian&#45;c.h" alt="" coords="832,528,917,555">
<area shape="rect" href="$_fixed_stream_8h.html" title="FixedStream.h" alt="" coords="2060,454,2169,480">
<area shape="rect" href="$_async_comm_2_event_8h.html" title="Event.h" alt="" coords="1640,379,1707,406">
<area shape="rect" href="$_time_8h.html" title="time.h" alt="" coords="1537,454,1596,480">
<area shape="rect" href="$_inet_addr_8h.html" title="Common/InetAddr.h" alt="" coords="1721,454,1865,480">
<area shape="rect" href="$_comm_8h.html" title="Comm.h" alt="" coords="1679,155,1751,182">
<area shape="rect" href="$_mutex_8h.html" title="Common/Mutex.h" alt="" coords="1696,304,1824,331">
<area shape="rect" href="$_dispatch_handler_8h.html" title="DispatchHandler.h" alt="" coords="1539,304,1672,331">
<area shape="rect" href="$_async_comm_2_connection_handler_factory_8h.html" title="ConnectionHandlerFactory.h" alt="" coords="1483,230,1677,256">
<area shape="rect" href="$_handler_map_8h.html" title="HandlerMap.h" alt="" coords="1803,230,1909,256">
