<area shape="rect" href="$_compat_8h.html" title="Common/Compat.h" alt="" coords="252,379,391,405">
<area shape="rect" href="$_error_8h.html" title="Common/Error.h" alt="" coords="2407,528,2530,555">
<area shape="rect" href="$_comm_buf_8h.html" title="AsyncComm/CommBuf.h" alt="" coords="962,304,1138,331">
<area shape="rect" href="$_serialization_8h.html" title="Serialization.h" alt="" coords="491,453,600,480">
<area shape="rect" href="$_response_callback_get_schema_8h.html" title="ResponseCallbackGetSchema.h" alt="" coords="1288,80,1504,107">
<area shape="rect" href="$compat&#45;c_8h.html" title="compat&#45;c.h" alt="" coords="183,453,271,480">
<area shape="rect" href="$_sweetener_8h.html" title="Sweetener.h" alt="" coords="299,453,398,480">
<area shape="rect" href="$_string_8h.html" title="string.h" alt="" coords="1667,603,1734,629">
<area shape="rect" href="$_byte_string_8h.html" title="Common/ByteString.h" alt="" coords="838,379,992,405">
<area shape="rect" href="$_reference_count_8h.html" title="ReferenceCount.h" alt="" coords="1095,528,1226,555">
<area shape="rect" href="$_logger_8h.html" title="Common/Logger.h" alt="" coords="1630,453,1763,480">
<area shape="rect" href="$_static_buffer_8h.html" title="Common/StaticBuffer.h" alt="" coords="636,379,799,405">
<area shape="rect" href="$_comm_header_8h.html" title="CommHeader.h" alt="" coords="1250,528,1367,555">
<area shape="rect" href="$_dynamic_buffer_8h.html" title="DynamicBuffer.h" alt="" coords="624,453,747,480">
<area shape="rect" href="$atomic_8h.html" title="atomic.h" alt="" coords="1123,603,1198,629">
<area shape="rect" href="$serialization&#45;c_8h.html" title="serialization&#45;c.h" alt="" coords="491,528,608,555">
<area shape="rect" href="$endian&#45;c_8h.html" title="endian&#45;c.h" alt="" coords="499,603,584,629">
<area shape="rect" href="$_fixed_stream_8h.html" title="FixedStream.h" alt="" coords="2274,528,2383,555">
<area shape="rect" href="$_response_callback_8h.html" title="AsyncComm/ResponseCallback.h" alt="" coords="1358,155,1584,181">
<area shape="rect" href="$_comm_8h.html" title="Comm.h" alt="" coords="1398,229,1470,256">
<area shape="rect" href="$_async_comm_2_event_8h.html" title="Event.h" alt="" coords="1438,453,1504,480">
<area shape="rect" href="$_mutex_8h.html" title="Common/Mutex.h" alt="" coords="1775,379,1903,405">
<area shape="rect" href="$_dispatch_handler_8h.html" title="DispatchHandler.h" alt="" coords="1331,379,1464,405">
<area shape="rect" href="$_async_comm_2_connection_handler_factory_8h.html" title="ConnectionHandlerFactory.h" alt="" coords="1224,304,1419,331">
<area shape="rect" href="$_handler_map_8h.html" title="HandlerMap.h" alt="" coords="1586,304,1692,331">
<area shape="rect" href="$_time_8h.html" title="time.h" alt="" coords="1442,528,1500,555">
<area shape="rect" href="$_inet_addr_8h.html" title="Common/InetAddr.h" alt="" coords="1524,528,1668,555">
