<area shape="rect" href="$_compat_8h.html" title="Common/Compat.h" alt="" coords="221,304,360,331">
<area shape="rect" href="$_error_8h.html" title="Common/Error.h" alt="" coords="1844,379,1967,405">
<area shape="rect" href="$_comm_buf_8h.html" title="CommBuf.h" alt="" coords="1076,229,1169,256">
<area shape="rect" href="$_async_comm_2_protocol_8h.html" title="Protocol.h" alt="" coords="1172,304,1255,331">
<area shape="rect" href="$_response_callback_8h.html" title="ResponseCallback.h" alt="" coords="1291,80,1437,107">
<area shape="rect" href="$compat&#45;c_8h.html" title="compat&#45;c.h" alt="" coords="247,379,335,405">
<area shape="rect" href="$_sweetener_8h.html" title="Sweetener.h" alt="" coords="73,379,172,405">
<area shape="rect" href="$_string_8h.html" title="string.h" alt="" coords="1516,453,1583,480">
<area shape="rect" href="$_byte_string_8h.html" title="Common/ByteString.h" alt="" coords="675,304,829,331">
<area shape="rect" href="$_serialization_8h.html" title="Serialization.h" alt="" coords="359,379,468,405">
<area shape="rect" href="$_logger_8h.html" title="Common/Logger.h" alt="" coords="1452,304,1585,331">
<area shape="rect" href="$_reference_count_8h.html" title="Common/ReferenceCount.h" alt="" coords="2320,453,2509,480">
<area shape="rect" href="$_static_buffer_8h.html" title="Common/StaticBuffer.h" alt="" coords="861,304,1024,331">
<area shape="rect" href="$_header_builder_8h.html" title="HeaderBuilder.h" alt="" coords="1153,379,1273,405">
<area shape="rect" href="$_dynamic_buffer_8h.html" title="DynamicBuffer.h" alt="" coords="855,379,977,405">
<area shape="rect" href="$serialization&#45;c_8h.html" title="serialization&#45;c.h" alt="" coords="531,453,648,480">
<area shape="rect" href="$endian&#45;c_8h.html" title="endian&#45;c.h" alt="" coords="595,528,680,555">
<area shape="rect" href="$_fixed_stream_8h.html" title="FixedStream.h" alt="" coords="1540,379,1649,405">
<area shape="rect" href="$atomic_8h.html" title="atomic.h" alt="" coords="1701,528,1776,555">
<area shape="rect" href="$_header_8h.html" title="Header.h" alt="" coords="1303,453,1380,480">
<area shape="rect" href="$_async_comm_2_event_8h.html" title="Event.h" alt="" coords="1348,379,1415,405">
<area shape="rect" href="$_comm_8h.html" title="Comm.h" alt="" coords="2075,155,2147,181">
<area shape="rect" href="$_mutex_8h.html" title="Common/Mutex.h" alt="" coords="1881,229,2009,256">
<area shape="rect" href="$_dispatch_handler_8h.html" title="DispatchHandler.h" alt="" coords="2452,304,2585,331">
<area shape="rect" href="$_async_comm_2_connection_handler_factory_8h.html" title="ConnectionHandlerFactory.h" alt="" coords="2421,229,2616,256">
<area shape="rect" href="$_handler_map_8h.html" title="HandlerMap.h" alt="" coords="2057,229,2164,256">
