<area shape="rect" href="$_compat_8h.html" title="Common/Compat.h" alt="" coords="332,155,471,181">
<area shape="rect" href="$_range_locator_8h.html" title="RangeLocator.h" alt="" coords="1578,80,1695,107">
<area shape="rect" href="$_root_file_handler_8h.html" title="RootFileHandler.h" alt="" coords="482,80,612,107">
<area shape="rect" href="$compat&#45;c_8h.html" title="compat&#45;c.h" alt="" coords="211,229,299,256">
<area shape="rect" href="$_sweetener_8h.html" title="Sweetener.h" alt="" coords="352,229,451,256">
<area shape="rect" href="$_string_8h.html" title="string.h" alt="" coords="567,379,634,405">
<area shape="rect" href="$_reference_count_8h.html" title="Common/ReferenceCount.h" alt="" coords="1646,453,1835,480">
<area shape="rect" href="$_timer_8h.html" title="Common/Timer.h" alt="" coords="3064,229,3192,256">
<area shape="rect" href="$_connection_manager_8h.html" title="AsyncComm/ConnectionManager.h" alt="" coords="1995,229,2232,256">
<area shape="rect" href="$_session_8h.html" title="Hyperspace/Session.h" alt="" coords="1259,155,1416,181">
<area shape="rect" href="$_location_cache_8h.html" title="LocationCache.h" alt="" coords="2790,155,2912,181">
<area shape="rect" href="$_range_location_info_8h.html" title="RangeLocationInfo.h" alt="" coords="686,229,832,256">
<area shape="rect" href="$_types_8h.html" title="Types.h" alt="" coords="776,304,846,331">
<area shape="rect" href="$_range_server_client_8h.html" title="RangeServerClient.h" alt="" coords="1563,229,1710,256">
<area shape="rect" href="$_schema_8h.html" title="Schema.h" alt="" coords="3267,229,3350,256">
<area shape="rect" href="$atomic_8h.html" title="atomic.h" alt="" coords="1703,528,1778,555">
<area shape="rect" href="$_time_8h.html" title="time.h" alt="" coords="2555,304,2614,331">
<area shape="rect" href="$_sock_addr_map_8h.html" title="Common/SockAddrMap.h" alt="" coords="2638,304,2816,331">
<area shape="rect" href="$_comm_8h.html" title="Comm.h" alt="" coords="1414,304,1486,331">
<area shape="rect" href="$_dispatch_handler_8h.html" title="DispatchHandler.h" alt="" coords="1383,379,1516,405">
<area shape="rect" href="$_comm_buf_8h.html" title="CommBuf.h" alt="" coords="1266,379,1359,405">
<area shape="rect" href="$_dynamic_buffer_8h.html" title="DynamicBuffer.h" alt="" coords="856,229,979,256">
<area shape="rect" href="$_client_keepalive_handler_8h.html" title="ClientKeepaliveHandler.h" alt="" coords="1312,229,1488,256">
<area shape="rect" href="$_handle_callback_8h.html" title="HandleCallback.h" alt="" coords="1008,304,1136,331">
<area shape="rect" href="$_lock_sequencer_8h.html" title="LockSequencer.h" alt="" coords="764,379,892,405">
<area shape="rect" href="$_hyperspace_2_protocol_8h.html" title="Protocol.h" alt="" coords="1054,229,1136,256">
<area shape="rect" href="$_dir_entry_8h.html" title="DirEntry.h" alt="" coords="658,379,740,405">
