<area shape="rect" href="$_logger_8h.html" title="Common/Logger.h" alt="" coords="271,379,404,406">
<area shape="rect" href="$_key_8h.html" title="Hypertable/Lib/Key.h" alt="" coords="339,155,486,182">
<area shape="rect" href="$_scan_context_8h.html" title="ScanContext.h" alt="" coords="884,80,996,107">
<area shape="rect" href="$_string_8h.html" title="String.h" alt="" coords="778,528,847,555">
<area shape="rect" href="$_fixed_stream_8h.html" title="FixedStream.h" alt="" coords="295,454,404,480">
<area shape="rect" href="$_byte_string_8h.html" title="Common/ByteString.h" alt="" coords="500,230,655,256">
<area shape="rect" href="$_dynamic_buffer_8h.html" title="DynamicBuffer.h" alt="" coords="780,304,903,331">
<area shape="rect" href="$_serialization_8h.html" title="Serialization.h" alt="" coords="474,304,583,331">
<area shape="rect" href="$_error_8h.html" title="Common/Error.h" alt="" coords="802,379,924,406">
<area shape="rect" href="$_reference_count_8h.html" title="Common/ReferenceCount.h" alt="" coords="1547,379,1736,406">
<area shape="rect" href="$_schema_8h.html" title="Hypertable/Lib/Schema.h" alt="" coords="1340,230,1514,256">
<area shape="rect" href="$_types_8h.html" title="Hypertable/Lib/Types.h" alt="" coords="978,155,1138,182">
<area shape="rect" href="$atomic_8h.html" title="atomic.h" alt="" coords="1724,454,1799,480">
<area shape="rect" href="$_properties_8h.html" title="Common/Properties.h" alt="" coords="1471,304,1626,331">
<area shape="rect" href="$_string_ext_8h.html" title="StringExt.h" alt="" coords="1190,379,1278,406">
<area shape="rect" href="$_hash_map_8h.html" title="HashMap.h" alt="" coords="1090,454,1180,480">
