<area shape="rect" href="$_compat_8h.html" title="Common/Compat.h" alt="" coords="282,229,420,256">
<area shape="rect" href="$_error_8h.html" title="Common/Error.h" alt="" coords="419,304,542,331">
<area shape="rect" href="$_logger_8h.html" title="Common/Logger.h" alt="" coords="794,229,927,256">
<area shape="rect" href="$_async_comm_2_protocol_8h.html" title="AsyncComm/Protocol.h" alt="" coords="898,155,1063,181">
<area shape="rect" href="$_serialization_8h.html" title="Common/Serialization.h" alt="" coords="1939,304,2107,331">
<area shape="rect" href="$_scan_block_8h.html" title="ScanBlock.h" alt="" coords="1134,80,1232,107">
<area shape="rect" href="$compat&#45;c_8h.html" title="compat&#45;c.h" alt="" coords="307,304,395,331">
<area shape="rect" href="$_sweetener_8h.html" title="Sweetener.h" alt="" coords="103,304,202,331">
<area shape="rect" href="$_string_8h.html" title="string.h" alt="" coords="843,379,910,405">
<area shape="rect" href="$_fixed_stream_8h.html" title="FixedStream.h" alt="" coords="566,304,675,331">
<area shape="rect" href="$_async_comm_2_event_8h.html" title="Event.h" alt="" coords="1150,229,1216,256">
<area shape="rect" href="$_comm_header_8h.html" title="CommHeader.h" alt="" coords="920,304,1038,331">
<area shape="rect" href="$_inet_addr_8h.html" title="Common/InetAddr.h" alt="" coords="1112,304,1256,331">
<area shape="rect" href="$_reference_count_8h.html" title="Common/ReferenceCount.h" alt="" coords="1250,379,1439,405">
<area shape="rect" href="$atomic_8h.html" title="atomic.h" alt="" coords="1450,453,1524,480">
<area shape="rect" href="$serialization&#45;c_8h.html" title="serialization&#45;c.h" alt="" coords="1964,379,2082,405">
<area shape="rect" href="$endian&#45;c_8h.html" title="endian&#45;c.h" alt="" coords="2028,453,2114,480">
<area shape="rect" href="$_byte_string_8h.html" title="Common/ByteString.h" alt="" coords="1414,229,1568,256">
<area shape="rect" href="$_serialized_key_8h.html" title="SerializedKey.h" alt="" coords="1220,155,1335,181">
<area shape="rect" href="$_dynamic_buffer_8h.html" title="DynamicBuffer.h" alt="" coords="1430,304,1552,331">
