<area shape="rect" href="$_cell_list_scanner_8h.html" title="/Users/doug/src/hypertable/src/cc/Hypertable/RangeServer/CellListScanner.h" alt="" coords="10986,80,11474,107">
<area shape="rect" href="$_range_server_8cc.html" title="/Users/doug/src/hypertable/src/cc/Hypertable/RangeServer/RangeServer.cc" alt="" coords="5859,752,6336,779">
<area shape="rect" href="$_scan_context_8cc.html" title="/Users/doug/src/hypertable/src/cc/Hypertable/RangeServer/ScanContext.cc" alt="" coords="12091,528,12568,555">
<area shape="rect" href="$_cell_cache_scanner_8h.html" title="/Users/doug/src/hypertable/src/cc/Hypertable/RangeServer/CellCacheScanner.h" alt="" coords="11262,229,11768,256">
<area shape="rect" href="$_cell_list_8h.html" title="/Users/doug/src/hypertable/src/cc/Hypertable/RangeServer/CellList.h" alt="" coords="10524,80,10962,107">
<area shape="rect" href="$_cell_cache_8h.html" title="/Users/doug/src/hypertable/src/cc/Hypertable/RangeServer/CellCache.h" alt="" coords="10623,155,11079,181">
<area shape="rect" href="$_scanner_map_8h.html" title="/Users/doug/src/hypertable/src/cc/Hypertable/RangeServer/ScannerMap.h" alt="" coords="8466,379,8935,405">
<area shape="rect" href="$_merge_scanner_8h.html" title="/Users/doug/src/hypertable/src/cc/Hypertable/RangeServer/MergeScanner.h" alt="" coords="10654,453,11136,480">
<area shape="rect" href="$_cell_store_scanner_v0_8h.html" title="/Users/doug/src/hypertable/src/cc/Hypertable/RangeServer/CellStoreScannerV0.h" alt="" coords="9572,453,10090,480">
<area shape="rect" href="$_fill_scan_block_8h.html" title="/Users/doug/src/hypertable/src/cc/Hypertable/RangeServer/FillScanBlock.h" alt="" coords="11924,155,12399,181">
<area shape="rect" href="$_access_group_8h.html" title="/Users/doug/src/hypertable/src/cc/Hypertable/RangeServer/AccessGroup.h" alt="" coords="9354,229,9828,256">
<area shape="rect" href="$_access_group_8cc.html" title="/Users/doug/src/hypertable/src/cc/Hypertable/RangeServer/AccessGroup.cc" alt="" coords="10590,528,11070,555">
<area shape="rect" href="$_cell_cache_8cc.html" title="/Users/doug/src/hypertable/src/cc/Hypertable/RangeServer/CellCache.cc" alt="" coords="11606,528,12067,555">
<area shape="rect" href="$_range_8h.html" title="/Users/doug/src/hypertable/src/cc/Hypertable/RangeServer/Range.h" alt="" coords="8079,304,8511,331">
<area shape="rect" href="$_cell_store_release_callback_8cc.html" title="/Users/doug/src/hypertable/src/cc/Hypertable/RangeServer/CellStoreReleaseCallback.cc" alt="" coords="9312,304,9870,331">
<area shape="rect" href="$_maintenance_task_split_8h.html" title="/Users/doug/src/hypertable/src/cc/Hypertable/RangeServer/MaintenanceTaskSplit.h" alt="" coords="5479,453,6007,480">
<area shape="rect" href="$_range_8cc.html" title="/Users/doug/src/hypertable/src/cc/Hypertable/RangeServer/Range.cc" alt="" coords="8662,528,9099,555">
<area shape="rect" href="$_hypertable_2_range_server_2_table_info_8h.html" title="/Users/doug/src/hypertable/src/cc/Hypertable/RangeServer/TableInfo.h" alt="" coords="7939,379,8390,405">
<area shape="rect" href="$_maintenance_task_compaction_8h.html" title="/Users/doug/src/hypertable/src/cc/Hypertable/RangeServer/MaintenanceTaskCompaction.h" alt="" coords="6,677,579,704">
<area shape="rect" href="$_maintenance_task_log_cleanup_8h.html" title="/Users/doug/src/hypertable/src/cc/Hypertable/RangeServer/MaintenanceTaskLogCleanup.h" alt="" coords="656,528,1230,555">
<area shape="rect" href="$_table_info_map_8cc.html" title="/Users/doug/src/hypertable/src/cc/Hypertable/RangeServer/TableInfoMap.cc" alt="" coords="5502,528,5984,555">
<area shape="rect" href="$_global_8h.html" title="/Users/doug/src/hypertable/src/cc/Hypertable/RangeServer/Global.h" alt="" coords="7952,453,8384,480">
<area shape="rect" href="$_scanner_map_8cc.html" title="/Users/doug/src/hypertable/src/cc/Hypertable/RangeServer/ScannerMap.cc" alt="" coords="8464,453,8939,480">
<area shape="rect" href="$_cell_cache_pool_8cc.html" title="/Users/doug/src/hypertable/src/cc/Hypertable/RangeServer/CellCachePool.cc" alt="" coords="7603,528,8091,555">
<area shape="rect" href="$_cell_store_scanner_v0_8cc.html" title="/Users/doug/src/hypertable/src/cc/Hypertable/RangeServer/CellStoreScannerV0.cc" alt="" coords="8115,528,8638,555">
<area shape="rect" href="$_cell_store_v0_8cc.html" title="/Users/doug/src/hypertable/src/cc/Hypertable/RangeServer/CellStoreV0.cc" alt="" coords="10094,528,10566,555">
<area shape="rect" href="$_range_server_8h.html" title="/Users/doug/src/hypertable/src/cc/Hypertable/RangeServer/RangeServer.h" alt="" coords="4318,528,4790,555">
<area shape="rect" href="$_hypertable_2_range_server_2main_8cc.html" title="/Users/doug/src/hypertable/src/cc/Hypertable/RangeServer/main.cc" alt="" coords="4956,677,5386,704">
<area shape="rect" href="$count__stored_8cc.html" title="/Users/doug/src/hypertable/src/cc/Hypertable/RangeServer/count_stored.cc" alt="" coords="9592,528,10070,555">
<area shape="rect" href="$csdump_8cc.html" title="/Users/doug/src/hypertable/src/cc/Hypertable/RangeServer/csdump.cc" alt="" coords="9123,528,9568,555">
<area shape="rect" href="$_global_8cc.html" title="/Users/doug/src/hypertable/src/cc/Hypertable/RangeServer/Global.cc" alt="" coords="6059,528,6496,555">
<area shape="rect" href="$_metadata_normal_8cc.html" title="/Users/doug/src/hypertable/src/cc/Hypertable/RangeServer/MetadataNormal.cc" alt="" coords="6520,528,7019,555">
<area shape="rect" href="$_metadata_root_8cc.html" title="/Users/doug/src/hypertable/src/cc/Hypertable/RangeServer/MetadataRoot.cc" alt="" coords="7094,528,7579,555">
<area shape="rect" href="$_hypertable_2_range_server_2_connection_handler_8h.html" title="/Users/doug/src/hypertable/src/cc/Hypertable/RangeServer/ConnectionHandler.h" alt="" coords="4299,603,4808,629">
<area shape="rect" href="$_hypertable_2_range_server_2_connection_handler_8cc.html" title="/Users/doug/src/hypertable/src/cc/Hypertable/RangeServer/ConnectionHandler.cc" alt="" coords="4418,677,4932,704">
<area shape="rect" href="$_handler_factory_8h.html" title="/Users/doug/src/hypertable/src/cc/Hypertable/RangeServer/HandlerFactory.h" alt="" coords="3906,677,4394,704">
<area shape="rect" href="$_timer_handler_8h.html" title="/Users/doug/src/hypertable/src/cc/Hypertable/RangeServer/TimerHandler.h" alt="" coords="4934,603,5408,629">
<area shape="rect" href="$_maintenance_task_log_cleanup_8cc.html" title="/Users/doug/src/hypertable/src/cc/Hypertable/RangeServer/MaintenanceTaskLogCleanup.cc" alt="" coords="654,603,1232,629">
<area shape="rect" href="$_request_handler_compact_8cc.html" title="/Users/doug/src/hypertable/src/cc/Hypertable/RangeServer/RequestHandlerCompact.cc" alt="" coords="5432,603,5984,629">
<area shape="rect" href="$_request_handler_create_scanner_8cc.html" title="/Users/doug/src/hypertable/src/cc/Hypertable/RangeServer/RequestHandlerCreateScanner.cc" alt="" coords="1307,603,1896,629">
<area shape="rect" href="$_request_handler_destroy_scanner_8cc.html" title="/Users/doug/src/hypertable/src/cc/Hypertable/RangeServer/RequestHandlerDestroyScanner.cc" alt="" coords="1920,603,2515,629">
<area shape="rect" href="$_request_handler_drop_range_8cc.html" title="/Users/doug/src/hypertable/src/cc/Hypertable/RangeServer/RequestHandlerDropRange.cc" alt="" coords="2539,603,3104,629">
<area shape="rect" href="$_range_server_2_request_handler_drop_table_8cc.html" title="/Users/doug/src/hypertable/src/cc/Hypertable/RangeServer/RequestHandlerDropTable.cc" alt="" coords="3128,603,3688,629">
<area shape="rect" href="$_request_handler_dump_stats_8cc.html" title="/Users/doug/src/hypertable/src/cc/Hypertable/RangeServer/RequestHandlerDumpStats.cc" alt="" coords="3712,603,4275,629">
<area shape="rect" href="$_cell_cache_scanner_8cc.html" title="/Users/doug/src/hypertable/src/cc/Hypertable/RangeServer/CellCacheScanner.cc" alt="" coords="11552,304,12064,331">
<area shape="rect" href="$_merge_scanner_8cc.html" title="/Users/doug/src/hypertable/src/cc/Hypertable/RangeServer/MergeScanner.cc" alt="" coords="11094,528,11582,555">
<area shape="rect" href="$_fill_scan_block_8cc.html" title="/Users/doug/src/hypertable/src/cc/Hypertable/RangeServer/FillScanBlock.cc" alt="" coords="11922,229,12402,256">
<area shape="rect" href="$_cell_store_8h.html" title="/Users/doug/src/hypertable/src/cc/Hypertable/RangeServer/CellStore.h" alt="" coords="9234,155,9682,181">
<area shape="rect" href="$_cell_store_v0_8h.html" title="/Users/doug/src/hypertable/src/cc/Hypertable/RangeServer/CellStoreV0.h" alt="" coords="9944,379,10411,405">
