<area shape="rect" href="$_compat_8h.html" title="Common/Compat.h" alt="" coords="277,379,416,406">
<area shape="rect" href="$_logger_8h.html" title="Common/Logger.h" alt="" coords="3208,379,3341,406">
<area shape="rect" href="$_key_8h.html" title="Hypertable/Lib/Key.h" alt="" coords="2605,230,2752,256">
<area shape="rect" href="$_global_8h.html" title="Global.h" alt="" coords="1317,80,1389,107">
<area shape="rect" href="$_scan_context_8h.html" title="ScanContext.h" alt="" coords="2303,155,2415,182">
<area shape="rect" href="$compat&#45;c_8h.html" title="compat&#45;c.h" alt="" coords="184,454,272,480">
<area shape="rect" href="$_sweetener_8h.html" title="Sweetener.h" alt="" coords="300,454,399,480">
<area shape="rect" href="$_string_8h.html" title="string.h" alt="" coords="1912,528,1979,555">
<area shape="rect" href="$_error_8h.html" title="Error.h" alt="" coords="2877,454,2941,480">
<area shape="rect" href="$_fixed_stream_8h.html" title="FixedStream.h" alt="" coords="3285,454,3395,480">
<area shape="rect" href="$_byte_string_8h.html" title="Common/ByteString.h" alt="" coords="2600,379,2755,406">
<area shape="rect" href="$_dynamic_buffer_8h.html" title="DynamicBuffer.h" alt="" coords="1304,454,1427,480">
<area shape="rect" href="$_key_spec_8h.html" title="KeySpec.h" alt="" coords="2491,379,2576,406">
<area shape="rect" href="$_serialized_key_8h.html" title="SerializedKey.h" alt="" coords="2731,304,2845,331">
<area shape="rect" href="$_reference_count_8h.html" title="ReferenceCount.h" alt="" coords="1251,528,1381,555">
<area shape="rect" href="$_failure_inducer_8h.html" title="Common/FailureInducer.h" alt="" coords="2237,379,2416,406">
<area shape="rect" href="$_properties_8h.html" title="Common/Properties.h" alt="" coords="1640,304,1795,331">
<area shape="rect" href="$_comm_8h.html" title="AsyncComm/Comm.h" alt="" coords="923,304,1077,331">
<area shape="rect" href="$_session_8h.html" title="Hyperspace/Session.h" alt="" coords="1021,230,1179,256">
<area shape="rect" href="$_commit_log_8h.html" title="Hypertable/Lib/CommitLog.h" alt="" coords="1552,230,1744,256">
<area shape="rect" href="$_hypertable_2_lib_2_filesystem_8h.html" title="Hypertable/Lib/Filesystem.h" alt="" coords="1491,379,1680,406">
<area shape="rect" href="$_types_8h.html" title="Hypertable/Lib/Types.h" alt="" coords="1957,304,2117,331">
<area shape="rect" href="$_range_server_client_8h.html" title="Hypertable/Lib/RangeServerClient.h" alt="" coords="1312,155,1549,182">
<area shape="rect" href="$_range_server_protocol_8h.html" title="RangeServerProtocol.h" alt="" coords="1971,230,2133,256">
<area shape="rect" href="$_range_server_meta_log_8h.html" title="Hypertable/Lib/RangeServerMetaLog.h" alt="" coords="1675,155,1931,182">
<area shape="rect" href="$_schema_8h.html" title="Hypertable/Lib/Schema.h" alt="" coords="1355,230,1528,256">
<area shape="rect" href="$_hypertable_2_lib_2_client_8h.html" title="Hypertable/Lib/Client.h" alt="" coords="1027,155,1187,182">
<area shape="rect" href="$_file_block_cache_8h.html" title="FileBlockCache.h" alt="" coords="2005,155,2133,182">
<area shape="rect" href="$_maintenance_queue_8h.html" title="MaintenanceQueue.h" alt="" coords="2489,155,2641,182">
<area shape="rect" href="$_memory_tracker_8h.html" title="MemoryTracker.h" alt="" coords="653,230,781,256">
<area shape="rect" href="$_scanner_map_8h.html" title="ScannerMap.h" alt="" coords="469,230,579,256">
<area shape="rect" href="$_hypertable_2_range_server_2_table_info_8h.html" title="TableInfo.h" alt="" coords="805,230,896,256">
<area shape="rect" href="$_scan_spec_8h.html" title="ScanSpec.h" alt="" coords="2309,304,2403,331">
