<area shape="rect" href="$_interval_scanner_8h.html" title="/Users/doug/src/hypertable/src/cc/Hypertable/Lib/IntervalScanner.h" alt="" coords="7785,80,8212,107">
<area shape="rect" href="$_table_scanner_8h.html" title="/Users/doug/src/hypertable/src/cc/Hypertable/Lib/TableScanner.h" alt="" coords="7540,155,7956,181">
<area shape="rect" href="$_range_locator_8cc.html" title="/Users/doug/src/hypertable/src/cc/Hypertable/Lib/RangeLocator.cc" alt="" coords="8236,80,8657,107">
<area shape="rect" href="$_range_server_client_8cc.html" title="/Users/doug/src/hypertable/src/cc/Hypertable/Lib/RangeServerClient.cc" alt="" coords="8681,80,9132,107">
<area shape="rect" href="$_scan_block_8cc.html" title="/Users/doug/src/hypertable/src/cc/Hypertable/Lib/ScanBlock.cc" alt="" coords="9156,80,9559,107">
<area shape="rect" href="$_range_server_command_interpreter_8cc.html" title="/Users/doug/src/hypertable/src/cc/Tools/rsclient/RangeServerCommandInterpreter.cc" alt="" coords="9583,80,10119,107">
<area shape="rect" href="$_interval_scanner_8cc.html" title="/Users/doug/src/hypertable/src/cc/Hypertable/Lib/IntervalScanner.cc" alt="" coords="7980,155,8412,181">
<area shape="rect" href="$_hypertable_2_lib_2_client_8h.html" title="/Users/doug/src/hypertable/src/cc/Hypertable/Lib/Client.h" alt="" coords="2973,229,3339,256">
<area shape="rect" href="$_metadata_normal_8cc.html" title="/Users/doug/src/hypertable/src/cc/Hypertable/RangeServer/MetadataNormal.cc" alt="" coords="7448,379,7947,405">
<area shape="rect" href="$_hql_interpreter_8h.html" title="/Users/doug/src/hypertable/src/cc/Hypertable/Lib/HqlInterpreter.h" alt="" coords="697,229,1111,256">
<area shape="rect" href="$_table_8cc.html" title="/Users/doug/src/hypertable/src/cc/Hypertable/Lib/Table.cc" alt="" coords="7836,229,8207,256">
<area shape="rect" href="$_table_scanner_8cc.html" title="/Users/doug/src/hypertable/src/cc/Hypertable/Lib/TableScanner.cc" alt="" coords="8231,229,8652,256">
<area shape="rect" href="$_metadata_normal_8h.html" title="/Users/doug/src/hypertable/src/cc/Hypertable/RangeServer/MetadataNormal.h" alt="" coords="8332,304,8825,331">
<area shape="rect" href="$_metadata_root_8h.html" title="/Users/doug/src/hypertable/src/cc/Hypertable/RangeServer/MetadataRoot.h" alt="" coords="7828,304,8308,331">
<area shape="rect" href="$random__read__test_8cc.html" title="/Users/doug/src/hypertable/src/cc/Benchmark/random/random_read_test.cc" alt="" coords="4749,304,5229,331">
<area shape="rect" href="$random__write__test_8cc.html" title="/Users/doug/src/hypertable/src/cc/Benchmark/random/random_write_test.cc" alt="" coords="5253,304,5736,331">
<area shape="rect" href="$ht__write__test_8cc.html" title="/Users/doug/src/hypertable/src/cc/Benchmark/write/ht_write_test.cc" alt="" coords="5760,304,6189,331">
<area shape="rect" href="$_hypertable_2_lib_2_client_8cc.html" title="/Users/doug/src/hypertable/src/cc/Hypertable/Lib/Client.cc" alt="" coords="523,379,893,405">
<area shape="rect" href="$generate__test__data_8cc.html" title="/Users/doug/src/hypertable/src/cc/Hypertable/Lib/generate_test_data.cc" alt="" coords="2485,304,2939,331">
<area shape="rect" href="$_hql_command_interpreter_8cc.html" title="/Users/doug/src/hypertable/src/cc/Hypertable/Lib/HqlCommandInterpreter.cc" alt="" coords="917,379,1400,405">
<area shape="rect" href="$_hql_interpreter_8cc.html" title="/Users/doug/src/hypertable/src/cc/Hypertable/Lib/HqlInterpreter.cc" alt="" coords="5,304,427,331">
<area shape="rect" href="$htgc_8cc.html" title="/Users/doug/src/hypertable/src/cc/Hypertable/Master/htgc.cc" alt="" coords="2963,304,3349,331">
<area shape="rect" href="$_hypertable_2_master_2_master_8cc.html" title="/Users/doug/src/hypertable/src/cc/Hypertable/Master/Master.cc" alt="" coords="3373,304,3776,331">
<area shape="rect" href="$_master_gc_8cc.html" title="/Users/doug/src/hypertable/src/cc/Hypertable/Master/MasterGc.cc" alt="" coords="3800,304,4219,331">
<area shape="rect" href="$_global_8h.html" title="/Users/doug/src/hypertable/src/cc/Hypertable/RangeServer/Global.h" alt="" coords="4243,304,4675,331">
<area shape="rect" href="$count__stored_8cc.html" title="/Users/doug/src/hypertable/src/cc/Hypertable/RangeServer/count_stored.cc" alt="" coords="6437,379,6915,405">
<area shape="rect" href="$_thrift_broker_8cc.html" title="/Users/doug/src/hypertable/src/cc/ThriftBroker/ThriftBroker.cc" alt="" coords="451,304,845,331">
<area shape="rect" href="$hypertable_8cc.html" title="/Users/doug/src/hypertable/src/cc/Tools/hypertable/hypertable.cc" alt="" coords="1424,379,1837,405">
<area shape="rect" href="$rsclient_8cc.html" title="/Users/doug/src/hypertable/src/cc/Tools/rsclient/rsclient.cc" alt="" coords="125,379,499,405">
<area shape="rect" href="$apache__log__load_8cc.html" title="/Users/doug/src/hypertable/examples/apache_log/apache_log_load.cc" alt="" coords="6213,304,6659,331">
<area shape="rect" href="$apache__log__query_8cc.html" title="/Users/doug/src/hypertable/examples/apache_log/apache_log_query.cc" alt="" coords="1472,304,1925,331">
<area shape="rect" href="$freebase__load_8cc.html" title="/Users/doug/src/hypertable/examples/freebase/freebase_load.cc" alt="" coords="1949,304,2360,331">
<area shape="rect" href="$_access_group_8cc.html" title="/Users/doug/src/hypertable/src/cc/Hypertable/RangeServer/AccessGroup.cc" alt="" coords="8432,379,8912,405">
<area shape="rect" href="$_cell_cache_8cc.html" title="/Users/doug/src/hypertable/src/cc/Hypertable/RangeServer/CellCache.cc" alt="" coords="5952,379,6413,405">
<area shape="rect" href="$_cell_cache_pool_8cc.html" title="/Users/doug/src/hypertable/src/cc/Hypertable/RangeServer/CellCachePool.cc" alt="" coords="1861,379,2349,405">
<area shape="rect" href="$_cell_store_scanner_v0_8cc.html" title="/Users/doug/src/hypertable/src/cc/Hypertable/RangeServer/CellStoreScannerV0.cc" alt="" coords="2373,379,2896,405">
<area shape="rect" href="$_cell_store_v0_8cc.html" title="/Users/doug/src/hypertable/src/cc/Hypertable/RangeServer/CellStoreV0.cc" alt="" coords="2920,379,3392,405">
<area shape="rect" href="$_range_server_8h.html" title="/Users/doug/src/hypertable/src/cc/Hypertable/RangeServer/RangeServer.h" alt="" coords="3416,379,3888,405">
<area shape="rect" href="$_hypertable_2_range_server_2main_8cc.html" title="/Users/doug/src/hypertable/src/cc/Hypertable/RangeServer/main.cc" alt="" coords="3209,528,3639,555">
<area shape="rect" href="$_range_server_8cc.html" title="/Users/doug/src/hypertable/src/cc/Hypertable/RangeServer/RangeServer.cc" alt="" coords="3461,453,3939,480">
<area shape="rect" href="$csdump_8cc.html" title="/Users/doug/src/hypertable/src/cc/Hypertable/RangeServer/csdump.cc" alt="" coords="4013,379,4459,405">
<area shape="rect" href="$_global_8cc.html" title="/Users/doug/src/hypertable/src/cc/Hypertable/RangeServer/Global.cc" alt="" coords="4483,379,4920,405">
<area shape="rect" href="$_metadata_root_8cc.html" title="/Users/doug/src/hypertable/src/cc/Hypertable/RangeServer/MetadataRoot.cc" alt="" coords="6939,379,7424,405">
<area shape="rect" href="$_range_8cc.html" title="/Users/doug/src/hypertable/src/cc/Hypertable/RangeServer/Range.cc" alt="" coords="7971,379,8408,405">
<area shape="rect" href="$_scan_context_8cc.html" title="/Users/doug/src/hypertable/src/cc/Hypertable/RangeServer/ScanContext.cc" alt="" coords="4944,379,5421,405">
<area shape="rect" href="$_table_info_map_8cc.html" title="/Users/doug/src/hypertable/src/cc/Hypertable/RangeServer/TableInfoMap.cc" alt="" coords="5445,379,5928,405">
<area shape="rect" href="$_hypertable_2_range_server_2_connection_handler_8h.html" title="/Users/doug/src/hypertable/src/cc/Hypertable/RangeServer/ConnectionHandler.h" alt="" coords="2877,453,3387,480">
<area shape="rect" href="$_hql_command_interpreter_8h.html" title="/Users/doug/src/hypertable/src/cc/Hypertable/Lib/HqlCommandInterpreter.h" alt="" coords="920,304,1397,331">
<area shape="rect" href="$_live_file_tracker_8cc.html" title="/Users/doug/src/hypertable/src/cc/Hypertable/RangeServer/LiveFileTracker.cc" alt="" coords="8936,379,9427,405">
