<area shape="rect" href="$_compat_8h.html" title="Common/Compat.h" alt="" coords="307,80,445,107">
<area shape="rect" href="$_file_utils_8h.html" title="Common/FileUtils.h" alt="" coords="947,80,1088,107">
<area shape="rect" href="$_logger_8h.html" title="Common/Logger.h" alt="" coords="685,155,819,182">
<area shape="rect" href="$_string_ext_8h.html" title="Common/StringExt.h" alt="" coords="1379,230,1525,256">
<area shape="rect" href="$_system_8h.html" title="Common/System.h" alt="" coords="1383,80,1519,107">
<area shape="rect" href="$_schema_8h.html" title="Schema.h" alt="" coords="1645,80,1728,107">
<area shape="rect" href="$compat&#45;c_8h.html" title="compat&#45;c.h" alt="" coords="332,155,420,182">
<area shape="rect" href="$_sweetener_8h.html" title="Sweetener.h" alt="" coords="116,155,215,182">
<area shape="rect" href="$_string_8h.html" title="string.h" alt="" coords="969,304,1036,331">
<area shape="rect" href="$_error_8h.html" title="Error.h" alt="" coords="936,230,1000,256">
<area shape="rect" href="$_fixed_stream_8h.html" title="FixedStream.h" alt="" coords="581,230,691,256">
<area shape="rect" href="$_hash_map_8h.html" title="HashMap.h" alt="" coords="1456,304,1547,331">
<area shape="rect" href="$_properties_8h.html" title="Common/Properties.h" alt="" coords="1987,155,2141,182">
<area shape="rect" href="$_reference_count_8h.html" title="ReferenceCount.h" alt="" coords="2055,230,2185,256">
<area shape="rect" href="$atomic_8h.html" title="atomic.h" alt="" coords="2083,304,2157,331">
