<area shape="rect" href="$_application_queue_8h.html" title="AsyncComm/ApplicationQueue.h" alt="" coords="608,379,829,405">
<area shape="rect" href="$_dispatch_handler_8h.html" title="AsyncComm/DispatchHandler.h" alt="" coords="2448,453,2664,480">
<area shape="rect" href="$_hyperspace_2_master_8h.html" title="Master.h" alt="" coords="1972,80,2047,107">
<area shape="rect" href="$_hash_map_8h.html" title="Common/HashMap.h" alt="" coords="157,528,307,555">
<area shape="rect" href="$_reference_count_8h.html" title="Common/ReferenceCount.h" alt="" coords="1016,603,1205,629">
<area shape="rect" href="$_string_ext_8h.html" title="Common/StringExt.h" alt="" coords="285,453,432,480">
<area shape="rect" href="$_application_handler_8h.html" title="ApplicationHandler.h" alt="" coords="2275,453,2424,480">
<area shape="rect" href="$atomic_8h.html" title="atomic.h" alt="" coords="1969,677,2044,704">
<area shape="rect" href="$_async_comm_2_event_8h.html" title="Event.h" alt="" coords="2699,528,2765,555">
<area shape="rect" href="$_header_8h.html" title="Header.h" alt="" coords="2589,603,2667,629">
<area shape="rect" href="$_properties_8h.html" title="Common/Properties.h" alt="" coords="69,379,224,405">
<area shape="rect" href="$_sock_addr_map_8h.html" title="Common/SockAddrMap.h" alt="" coords="1552,453,1731,480">
<area shape="rect" href="$_comm_8h.html" title="AsyncComm/Comm.h" alt="" coords="2097,304,2252,331">
<area shape="rect" href="$_connection_manager_8h.html" title="AsyncComm/ConnectionManager.h" alt="" coords="1783,379,2020,405">
<area shape="rect" href="$_response_callback_8h.html" title="AsyncComm/ResponseCallback.h" alt="" coords="2691,229,2917,256">
<area shape="rect" href="$_node_data_8h.html" title="NodeData.h" alt="" coords="879,229,972,256">
<area shape="rect" href="$_handle_data_8h.html" title="HandleData.h" alt="" coords="963,304,1067,331">
<area shape="rect" href="$_session_data_8h.html" title="SessionData.h" alt="" coords="963,379,1072,405">
<area shape="rect" href="$_hyperspace_2_protocol_8h.html" title="Protocol.h" alt="" coords="2671,304,2753,331">
<area shape="rect" href="$_hyperspace_2_response_callback_open_8h.html" title="ResponseCallbackOpen.h" alt="" coords="3116,155,3295,181">
<area shape="rect" href="$_hyperspace_2_response_callback_exists_8h.html" title="ResponseCallbackExists.h" alt="" coords="2449,155,2631,181">
<area shape="rect" href="$_response_callback_attr_get_8h.html" title="ResponseCallbackAttrGet.h" alt="" coords="2705,155,2895,181">
<area shape="rect" href="$_response_callback_lock_8h.html" title="ResponseCallbackLock.h" alt="" coords="2919,155,3092,181">
<area shape="rect" href="$_hyperspace_2_response_callback_readdir_8h.html" title="ResponseCallbackReaddir.h" alt="" coords="2231,155,2425,181">
<area shape="rect" href="$_server_keepalive_handler_8h.html" title="ServerKeepaliveHandler.h" alt="" coords="2016,229,2195,256">
<area shape="rect" href="$_comm_buf_8h.html" title="CommBuf.h" alt="" coords="2869,379,2963,405">
<area shape="rect" href="$_async_comm_2_connection_handler_factory_8h.html" title="ConnectionHandlerFactory.h" alt="" coords="2145,379,2340,405">
<area shape="rect" href="$_handler_map_8h.html" title="HandlerMap.h" alt="" coords="1396,379,1503,405">
<area shape="rect" href="$_time_8h.html" title="time.h" alt="" coords="1939,453,1997,480">
