<area shape="rect" href="$_compat_8h.html" title="Common/Compat.h" alt="" coords="311,80,449,107">
<area shape="rect" href="$_application_queue_8h.html" title="AsyncComm/ApplicationQueue.h" alt="" coords="1284,304,1505,331">
<area shape="rect" href="$_async_comm_2_event_8h.html" title="Event.h" alt="" coords="1073,453,1140,480">
<area shape="rect" href="$_hypertable_2_master_2_master_8h.html" title="Master.h" alt="" coords="2105,155,2180,181">
<area shape="rect" href="$_server_lock_file_handler_8h.html" title="ServerLockFileHandler.h" alt="" coords="2928,229,3099,256">
<area shape="rect" href="$_event_handler_server_left_8h.html" title="EventHandlerServerLeft.h" alt="" coords="704,80,883,107">
<area shape="rect" href="$compat&#45;c_8h.html" title="compat&#45;c.h" alt="" coords="336,155,424,181">
<area shape="rect" href="$_sweetener_8h.html" title="Sweetener.h" alt="" coords="117,155,216,181">
<area shape="rect" href="$_string_8h.html" title="string.h" alt="" coords="1449,677,1516,704">
<area shape="rect" href="$_thread_8h.html" title="Common/Thread.h" alt="" coords="683,379,819,405">
<area shape="rect" href="$_logger_8h.html" title="Common/Logger.h" alt="" coords="840,603,973,629">
<area shape="rect" href="$_mutex_8h.html" title="Common/Mutex.h" alt="" coords="1844,528,1972,555">
<area shape="rect" href="$_hash_map_8h.html" title="Common/HashMap.h" alt="" coords="1669,453,1819,480">
<area shape="rect" href="$_reference_count_8h.html" title="Common/ReferenceCount.h" alt="" coords="2672,528,2861,555">
<area shape="rect" href="$_string_ext_8h.html" title="Common/StringExt.h" alt="" coords="1560,379,1707,405">
<area shape="rect" href="$_application_handler_8h.html" title="ApplicationHandler.h" alt="" coords="944,379,1093,405">
<area shape="rect" href="$_time_8h.html" title="time.h" alt="" coords="1349,528,1408,555">
<area shape="rect" href="$_inet_addr_8h.html" title="Common/InetAddr.h" alt="" coords="1131,603,1275,629">
<area shape="rect" href="$_comm_header_8h.html" title="CommHeader.h" alt="" coords="1048,528,1165,555">
<area shape="rect" href="$_properties_8h.html" title="Common/Properties.h" alt="" coords="2763,379,2917,405">
<area shape="rect" href="$_comm_8h.html" title="AsyncComm/Comm.h" alt="" coords="1971,453,2125,480">
<area shape="rect" href="$_connection_manager_8h.html" title="AsyncComm/ConnectionManager.h" alt="" coords="2248,379,2485,405">
<area shape="rect" href="$_response_callback_8h.html" title="AsyncComm/ResponseCallback.h" alt="" coords="1117,379,1344,405">
<area shape="rect" href="$_session_8h.html" title="Hyperspace/Session.h" alt="" coords="2645,304,2803,331">
<area shape="rect" href="$_hypertable_2_lib_2_filesystem_8h.html" title="Hypertable/Lib/Filesystem.h" alt="" coords="3296,453,3485,480">
<area shape="rect" href="$_table_8h.html" title="Hypertable/Lib/Table.h" alt="" coords="1768,229,1925,256">
<area shape="rect" href="$_schema_8h.html" title="Schema.h" alt="" coords="1939,304,2021,331">
<area shape="rect" href="$_types_8h.html" title="Types.h" alt="" coords="1529,304,1599,331">
<area shape="rect" href="$_master_2_hyperspace_session_handler_8h.html" title="HyperspaceSessionHandler.h" alt="" coords="1544,229,1744,256">
<area shape="rect" href="$_range_server_state_8h.html" title="RangeServerState.h" alt="" coords="2933,304,3077,331">
<area shape="rect" href="$_response_callback_get_schema_8h.html" title="ResponseCallbackGetSchema.h" alt="" coords="993,304,1209,331">
<area shape="rect" href="$_master_gc_8h.html" title="MasterGc.h" alt="" coords="2560,229,2651,256">
<area shape="rect" href="$_handle_callback_8h.html" title="HandleCallback.h" alt="" coords="3043,379,3171,405">
<area shape="rect" href="$_runnable_8h.html" title="Common/Runnable.h" alt="" coords="733,155,883,181">
