<area shape="rect" href="$_dispatch_handler_synchronizer_8h.html" title="AsyncComm/DispatchHandlerSynchronizer.h" alt="" coords="1804,312,2100,339">
<area shape="rect" href="$_comm_8h.html" title="AsyncComm/Comm.h" alt="" coords="2700,237,2855,264">
<area shape="rect" href="$_logger_8h.html" title="Common/Logger.h" alt="" coords="3604,461,3737,488">
<area shape="rect" href="$_serialization_8h.html" title="Serialization.h" alt="" coords="4124,387,4233,413">
<area shape="rect" href="$_error_8h.html" title="Common/Error.h" alt="" coords="3975,461,4097,488">
<area shape="rect" href="$_inet_addr_8h.html" title="Common/InetAddr.h" alt="" coords="3385,461,3529,488">
<area shape="rect" href="$_connection_manager_8h.html" title="AsyncComm/ConnectionManager.h" alt="" coords="1441,312,1679,339">
<area shape="rect" href="$_properties_8h.html" title="Common/Properties.h" alt="" coords="3177,387,3332,413">
<area shape="rect" href="$_client_handle_state_8h.html" title="ClientHandleState.h" alt="" coords="815,312,959,339">
<area shape="rect" href="$_hyperspace_2_master_8h.html" title="Master.h" alt="" coords="2980,88,3055,115">
<area shape="rect" href="$_hyperspace_2_protocol_8h.html" title="Protocol.h" alt="" coords="3433,237,3516,264">
<area shape="rect" href="$_session_8h.html" title="Session.h" alt="" coords="2273,163,2356,189">
<area shape="rect" href="$_dispatch_handler_8h.html" title="DispatchHandler.h" alt="" coords="2401,387,2535,413">
<area shape="rect" href="$_async_comm_2_event_8h.html" title="Event.h" alt="" coords="3147,461,3213,488">
<area shape="rect" href="$_reference_count_8h.html" title="Common/ReferenceCount.h" alt="" coords="2477,536,2667,563">
<area shape="rect" href="$atomic_8h.html" title="atomic.h" alt="" coords="1911,611,1985,637">
<area shape="rect" href="$_comm_buf_8h.html" title="CommBuf.h" alt="" coords="3559,312,3652,339">
<area shape="rect" href="$_async_comm_2_connection_handler_factory_8h.html" title="ConnectionHandlerFactory.h" alt="" coords="2479,312,2673,339">
<area shape="rect" href="$_handler_map_8h.html" title="HandlerMap.h" alt="" coords="2748,312,2855,339">
<area shape="rect" href="$_string_8h.html" title="string.h" alt="" coords="3741,611,3808,637">
<area shape="rect" href="$_fixed_stream_8h.html" title="FixedStream.h" alt="" coords="3720,536,3829,563">
<area shape="rect" href="$_sock_addr_map_8h.html" title="Common/SockAddrMap.h" alt="" coords="1033,387,1212,413">
<area shape="rect" href="$_time_8h.html" title="time.h" alt="" coords="1287,387,1345,413">
<area shape="rect" href="$_string_ext_8h.html" title="StringExt.h" alt="" coords="4121,461,4209,488">
<area shape="rect" href="$_handle_callback_8h.html" title="HandleCallback.h" alt="" coords="831,387,959,413">
<area shape="rect" href="$_lock_sequencer_8h.html" title="LockSequencer.h" alt="" coords="577,387,705,413">
<area shape="rect" href="$_response_callback_8h.html" title="AsyncComm/ResponseCallback.h" alt="" coords="3081,163,3308,189">
