<area shape="rect" href="$_comm_8h.html" title="AsyncComm/Comm.h" alt="" coords="1880,270,2035,296">
<area shape="rect" href="$_reference_count_8h.html" title="Common/ReferenceCount.h" alt="" coords="1309,568,1499,595">
<area shape="rect" href="$_dispatch_handler_8h.html" title="DispatchHandler.h" alt="" coords="1476,419,1609,446">
<area shape="rect" href="$_comm_buf_8h.html" title="CommBuf.h" alt="" coords="264,344,357,371">
<area shape="rect" href="$_dynamic_buffer_8h.html" title="DynamicBuffer.h" alt="" coords="728,494,851,520">
<area shape="rect" href="$_connection_manager_8h.html" title="AsyncComm/ConnectionManager.h" alt="" coords="2411,195,2648,222">
<area shape="rect" href="$_timer_8h.html" title="Common/Timer.h" alt="" coords="2947,419,3075,446">
<area shape="rect" href="$_properties_8h.html" title="Common/Properties.h" alt="" coords="771,270,925,296">
<area shape="rect" href="$_client_keepalive_handler_8h.html" title="ClientKeepaliveHandler.h" alt="" coords="1548,120,1724,147">
<area shape="rect" href="$_handle_callback_8h.html" title="HandleCallback.h" alt="" coords="1229,344,1357,371">
<area shape="rect" href="$_lock_sequencer_8h.html" title="LockSequencer.h" alt="" coords="1027,344,1155,371">
<area shape="rect" href="$_hyperspace_2_protocol_8h.html" title="Protocol.h" alt="" coords="352,270,435,296">
<area shape="rect" href="$_dir_entry_8h.html" title="DirEntry.h" alt="" coords="627,120,709,147">
<area shape="rect" href="$_hs_command_interpreter_8h.html" title="HsCommandInterpreter.h" alt="" coords="3200,120,3376,147">
<area shape="rect" href="$_mutex_8h.html" title="Common/Mutex.h" alt="" coords="1837,419,1965,446">
<area shape="rect" href="$_async_comm_2_connection_handler_factory_8h.html" title="ConnectionHandlerFactory.h" alt="" coords="1685,344,1880,371">
<area shape="rect" href="$_handler_map_8h.html" title="HandlerMap.h" alt="" coords="2309,344,2416,371">
<area shape="rect" href="$_logger_8h.html" title="Common/Logger.h" alt="" coords="1837,494,1971,520">
<area shape="rect" href="$_error_8h.html" title="Error.h" alt="" coords="1820,568,1884,595">
<area shape="rect" href="$atomic_8h.html" title="atomic.h" alt="" coords="1509,643,1584,670">
<area shape="rect" href="$_async_comm_2_event_8h.html" title="Event.h" alt="" coords="1335,494,1401,520">
<area shape="rect" href="$_time_8h.html" title="time.h" alt="" coords="2880,568,2939,595">
<area shape="rect" href="$_comm_header_8h.html" title="CommHeader.h" alt="" coords="619,568,736,595">
<area shape="rect" href="$_byte_string_8h.html" title="Common/ByteString.h" alt="" coords="269,419,424,446">
<area shape="rect" href="$_serialization_8h.html" title="Serialization.h" alt="" coords="141,494,251,520">
<area shape="rect" href="$_static_buffer_8h.html" title="Common/StaticBuffer.h" alt="" coords="499,419,661,446">
<area shape="rect" href="$_sock_addr_map_8h.html" title="Common/SockAddrMap.h" alt="" coords="2283,419,2461,446">
<area shape="rect" href="$_string_ext_8h.html" title="Common/StringExt.h" alt="" coords="1452,195,1599,222">
<area shape="rect" href="$_client_connection_handler_8h.html" title="ClientConnectionHandler.h" alt="" coords="1700,195,1884,222">
<area shape="rect" href="$_client_handle_state_8h.html" title="ClientHandleState.h" alt="" coords="1315,270,1459,296">
<area shape="rect" href="$_async_comm_2_protocol_8h.html" title="AsyncComm/Protocol.h" alt="" coords="685,419,851,446">
<area shape="rect" href="$_notification_8h.html" title="Notification.h" alt="" coords="139,344,240,371">
