<area shape="rect" href="$_reference_count_8h.html" title="Common/ReferenceCount.h" alt="" coords="1436,304,1625,331">
<area shape="rect" href="$_notification_8h.html" title="Notification.h" alt="" coords="831,80,932,107">
<area shape="rect" href="$atomic_8h.html" title="atomic.h" alt="" coords="1436,379,1511,405">
<area shape="rect" href="$_hyperspace_2_event_8h.html" title="Event.h" alt="" coords="848,155,915,181">
<area shape="rect" href="$_comm_buf_8h.html" title="AsyncComm/CommBuf.h" alt="" coords="603,229,779,256">
<area shape="rect" href="$_serialization_8h.html" title="Serialization.h" alt="" coords="49,379,159,405">
<area shape="rect" href="$_handle_callback_8h.html" title="HandleCallback.h" alt="" coords="1335,229,1463,256">
<area shape="rect" href="$_byte_string_8h.html" title="Common/ByteString.h" alt="" coords="347,304,501,331">
<area shape="rect" href="$_logger_8h.html" title="Common/Logger.h" alt="" coords="879,304,1012,331">
<area shape="rect" href="$_static_buffer_8h.html" title="Common/StaticBuffer.h" alt="" coords="525,304,688,331">
<area shape="rect" href="$_header_builder_8h.html" title="HeaderBuilder.h" alt="" coords="1156,304,1276,331">
<area shape="rect" href="$_dynamic_buffer_8h.html" title="DynamicBuffer.h" alt="" coords="545,379,668,405">
<area shape="rect" href="$serialization&#45;c_8h.html" title="serialization&#45;c.h" alt="" coords="45,453,163,480">
<area shape="rect" href="$endian&#45;c_8h.html" title="endian&#45;c.h" alt="" coords="13,528,99,555">
<area shape="rect" href="$_error_8h.html" title="Error.h" alt="" coords="975,379,1039,405">
<area shape="rect" href="$_string_8h.html" title="Common/String.h" alt="" coords="1172,453,1300,480">
<area shape="rect" href="$_fixed_stream_8h.html" title="FixedStream.h" alt="" coords="841,379,951,405">
<area shape="rect" href="$_header_8h.html" title="Header.h" alt="" coords="1284,379,1361,405">
