<area shape="rect" href="$_comm_buf_8h.html" title="/Users/doug/src/hypertable/src/cc/AsyncComm/CommBuf.h" alt="" coords="6352,80,6733,107">
<area shape="rect" href="$dfs_test_8cc.html" title="/Users/doug/src/hypertable/src/cc/Tools/dfsclient/dfsTest.cc" alt="" coords="13407,304,13788,331">
<area shape="rect" href="$_range_server_client_8h.html" title="/Users/doug/src/hypertable/src/cc/Hypertable/Lib/RangeServerClient.h" alt="" coords="12441,229,12887,256">
<area shape="rect" href="$_response_callback_read_8h.html" title="/Users/doug/src/hypertable/src/cc/DfsBroker/Lib/ResponseCallbackRead.h" alt="" coords="1868,155,2340,181">
<area shape="rect" href="$_dfs_broker_2_lib_2_protocol_8h.html" title="/Users/doug/src/hypertable/src/cc/DfsBroker/Lib/Protocol.h" alt="" coords="13409,155,13785,181">
<area shape="rect" href="$_response_callback_attr_get_8h.html" title="/Users/doug/src/hypertable/src/cc/Hyperspace/ResponseCallbackAttrGet.h" alt="" coords="12913,155,13385,181">
<area shape="rect" href="$_hypertable_2_lib_2_filesystem_8h.html" title="/Users/doug/src/hypertable/src/cc/Hypertable/Lib/Filesystem.h" alt="" coords="13391,80,13785,107">
<area shape="rect" href="$_meta_log_8h.html" title="/Users/doug/src/hypertable/src/cc/Hypertable/Lib/MetaLog.h" alt="" coords="13911,80,14295,107">
<area shape="rect" href="$_i_o_handler_data_8h.html" title="/Users/doug/src/hypertable/src/cc/AsyncComm/IOHandlerData.h" alt="" coords="3823,155,4233,181">
<area shape="rect" href="$_i_o_handler_datagram_8h.html" title="/Users/doug/src/hypertable/src/cc/AsyncComm/IOHandlerDatagram.h" alt="" coords="5393,155,5836,181">
<area shape="rect" href="$_comm_8h.html" title="/Users/doug/src/hypertable/src/cc/AsyncComm/Comm.h" alt="" coords="11513,155,11873,181">
<area shape="rect" href="$_notifier_8h.html" title="/Users/doug/src/hypertable/src/cc/Common/Notifier.h" alt="" coords="10972,229,11316,256">
<area shape="rect" href="$_command_shell_8cc.html" title="/Users/doug/src/hypertable/src/cc/Common/CommandShell.cc" alt="" coords="11340,229,11737,256">
<area shape="rect" href="$_session_8h.html" title="/Users/doug/src/hypertable/src/cc/Hyperspace/Session.h" alt="" coords="11761,229,12127,256">
<area shape="rect" href="$_master_client_8h.html" title="/Users/doug/src/hypertable/src/cc/Hypertable/Lib/MasterClient.h" alt="" coords="11236,304,11644,331">
<area shape="rect" href="$_async_comm_2_protocol_8cc.html" title="/Users/doug/src/hypertable/src/cc/AsyncComm/Protocol.cc" alt="" coords="11897,155,12273,181">
<area shape="rect" href="$_response_callback_8cc.html" title="/Users/doug/src/hypertable/src/cc/AsyncComm/ResponseCallback.cc" alt="" coords="12297,155,12737,181">
<area shape="rect" href="$_dfs_broker_2_lib_2_response_callback_open_8h.html" title="/Users/doug/src/hypertable/src/cc/DfsBroker/Lib/ResponseCallbackOpen.h" alt="" coords="4308,155,4780,181">
<area shape="rect" href="$_dfs_broker_2_lib_2_response_callback_open_8cc.html" title="/Users/doug/src/hypertable/src/cc/DfsBroker/Lib/ResponseCallbackOpen.cc" alt="" coords="4455,229,4932,256">
<area shape="rect" href="$_response_callback_read_8cc.html" title="/Users/doug/src/hypertable/src/cc/DfsBroker/Lib/ResponseCallbackRead.cc" alt="" coords="2849,229,3327,256">
<area shape="rect" href="$_response_callback_append_8h.html" title="/Users/doug/src/hypertable/src/cc/DfsBroker/Lib/ResponseCallbackAppend.h" alt="" coords="292,155,777,181">
<area shape="rect" href="$_response_callback_append_8cc.html" title="/Users/doug/src/hypertable/src/cc/DfsBroker/Lib/ResponseCallbackAppend.cc" alt="" coords="5,229,496,256">
<area shape="rect" href="$_response_callback_length_8h.html" title="/Users/doug/src/hypertable/src/cc/DfsBroker/Lib/ResponseCallbackLength.h" alt="" coords="852,155,1332,181">
<area shape="rect" href="$_response_callback_length_8cc.html" title="/Users/doug/src/hypertable/src/cc/DfsBroker/Lib/ResponseCallbackLength.cc" alt="" coords="567,229,1052,256">
<area shape="rect" href="$_dfs_broker_2_lib_2_response_callback_readdir_8h.html" title="/Users/doug/src/hypertable/src/cc/DfsBroker/Lib/ResponseCallbackReaddir.h" alt="" coords="1356,155,1844,181">
<area shape="rect" href="$_dfs_broker_2_lib_2_response_callback_readdir_8cc.html" title="/Users/doug/src/hypertable/src/cc/DfsBroker/Lib/ResponseCallbackReaddir.cc" alt="" coords="1261,229,1755,256">
<area shape="rect" href="$_dfs_broker_2_lib_2_response_callback_exists_8h.html" title="/Users/doug/src/hypertable/src/cc/DfsBroker/Lib/ResponseCallbackExists.h" alt="" coords="2364,155,2839,181">
<area shape="rect" href="$_dfs_broker_2_lib_2_response_callback_exists_8cc.html" title="/Users/doug/src/hypertable/src/cc/DfsBroker/Lib/ResponseCallbackExists.cc" alt="" coords="2345,229,2825,256">
<area shape="rect" href="$_hyperspace_2_event_8h.html" title="/Users/doug/src/hypertable/src/cc/Hyperspace/Event.h" alt="" coords="2964,155,3313,181">
<area shape="rect" href="$_hyperspace_2_protocol_8h.html" title="/Users/doug/src/hypertable/src/cc/Hyperspace/Protocol.h" alt="" coords="11124,155,11489,181">
<area shape="rect" href="$_hyperspace_2_response_callback_open_8h.html" title="/Users/doug/src/hypertable/src/cc/Hyperspace/ResponseCallbackOpen.h" alt="" coords="3337,155,3799,181">
<area shape="rect" href="$_hyperspace_2_response_callback_open_8cc.html" title="/Users/doug/src/hypertable/src/cc/Hyperspace/ResponseCallbackOpen.cc" alt="" coords="3351,229,3817,256">
<area shape="rect" href="$_hyperspace_2_response_callback_exists_8h.html" title="/Users/doug/src/hypertable/src/cc/Hyperspace/ResponseCallbackExists.h" alt="" coords="4855,155,5319,181">
<area shape="rect" href="$_hyperspace_2_response_callback_exists_8cc.html" title="/Users/doug/src/hypertable/src/cc/Hyperspace/ResponseCallbackExists.cc" alt="" coords="4976,229,5445,256">
<area shape="rect" href="$_response_callback_attr_get_8cc.html" title="/Users/doug/src/hypertable/src/cc/Hyperspace/ResponseCallbackAttrGet.cc" alt="" coords="12911,229,13388,256">
<area shape="rect" href="$_response_callback_lock_8h.html" title="/Users/doug/src/hypertable/src/cc/Hyperspace/ResponseCallbackLock.h" alt="" coords="5911,155,6367,181">
<area shape="rect" href="$_response_callback_lock_8cc.html" title="/Users/doug/src/hypertable/src/cc/Hyperspace/ResponseCallbackLock.cc" alt="" coords="5780,229,6244,256">
<area shape="rect" href="$_hyperspace_2_response_callback_readdir_8h.html" title="/Users/doug/src/hypertable/src/cc/Hyperspace/ResponseCallbackReaddir.h" alt="" coords="6441,155,6919,181">
<area shape="rect" href="$_hyperspace_2_response_callback_readdir_8cc.html" title="/Users/doug/src/hypertable/src/cc/Hyperspace/ResponseCallbackReaddir.cc" alt="" coords="6289,229,6772,256">
<area shape="rect" href="$_master_protocol_8h.html" title="/Users/doug/src/hypertable/src/cc/Hypertable/Lib/MasterProtocol.h" alt="" coords="6943,155,7367,181">
<area shape="rect" href="$_range_server_protocol_8cc.html" title="/Users/doug/src/hypertable/src/cc/Hypertable/Lib/RangeServerProtocol.cc" alt="" coords="7391,155,7857,181">
<area shape="rect" href="$_response_callback_get_schema_8h.html" title="/Users/doug/src/hypertable/src/cc/Hypertable/Master/ResponseCallbackGetSchema.h" alt="" coords="10359,155,10897,181">
<area shape="rect" href="$_response_callback_get_schema_8cc.html" title="/Users/doug/src/hypertable/src/cc/Hypertable/Master/ResponseCallbackGetSchema.cc" alt="" coords="8988,229,9532,256">
<area shape="rect" href="$_response_callback_create_scanner_8h.html" title="/Users/doug/src/hypertable/src/cc/Hypertable/RangeServer/ResponseCallbackCreateScanner.h" alt="" coords="7932,155,8529,181">
<area shape="rect" href="$_response_callback_fetch_scanblock_8h.html" title="/Users/doug/src/hypertable/src/cc/Hypertable/RangeServer/ResponseCallbackFetchScanblock.h" alt="" coords="8553,155,9156,181">
<area shape="rect" href="$_response_callback_get_statistics_8h.html" title="/Users/doug/src/hypertable/src/cc/Hypertable/RangeServer/ResponseCallbackGetStatistics.h" alt="" coords="9180,155,9761,181">
<area shape="rect" href="$_response_callback_update_8h.html" title="/Users/doug/src/hypertable/src/cc/Hypertable/RangeServer/ResponseCallbackUpdate.h" alt="" coords="9785,155,10335,181">
<area shape="rect" href="$_dfs_broker_2_lib_2_client_8h.html" title="/Users/doug/src/hypertable/src/cc/DfsBroker/Lib/Client.h" alt="" coords="13416,229,13779,256">
<area shape="rect" href="$_broker_8h.html" title="/Users/doug/src/hypertable/src/cc/DfsBroker/Lib/Broker.h" alt="" coords="1803,229,2171,256">
