<area shape="rect" href="$random__read__test_8cc.html" title="/Users/doug/src/hypertable/src/cc/Benchmark/random/random_read_test.cc" alt="" coords="5,80,485,107">
<area shape="rect" href="$random__write__test_8cc.html" title="/Users/doug/src/hypertable/src/cc/Benchmark/random/random_write_test.cc" alt="" coords="509,80,992,107">
<area shape="rect" href="$ht__write__test_8cc.html" title="/Users/doug/src/hypertable/src/cc/Benchmark/write/ht_write_test.cc" alt="" coords="1016,80,1445,107">
<area shape="rect" href="$_system_info_8cc.html" title="/Users/doug/src/hypertable/src/cc/Common/SystemInfo.cc" alt="" coords="1469,80,1843,107">
<area shape="rect" href="$_hs_command_interpreter_8cc.html" title="/Users/doug/src/hypertable/src/cc/Hyperspace/HsCommandInterpreter.cc" alt="" coords="1867,80,2331,107">
<area shape="rect" href="$_hql_command_interpreter_8cc.html" title="/Users/doug/src/hypertable/src/cc/Hypertable/Lib/HqlCommandInterpreter.cc" alt="" coords="2355,80,2837,107">
<area shape="rect" href="$_hql_interpreter_8cc.html" title="/Users/doug/src/hypertable/src/cc/Hypertable/Lib/HqlInterpreter.cc" alt="" coords="2861,80,3283,107">
