<area shape="rect" href="$_comm_8cc.html" title="/Users/doug/src/hypertable/src/cc/AsyncComm/Comm.cc" alt="" coords="6,80,371,107">
<area shape="rect" href="$_connection_manager_8cc.html" title="/Users/doug/src/hypertable/src/cc/AsyncComm/ConnectionManager.cc" alt="" coords="395,80,846,107">
<area shape="rect" href="$sample_client_8cc.html" title="/Users/doug/src/hypertable/src/cc/AsyncComm/sampleClient.cc" alt="" coords="870,80,1275,107">
<area shape="rect" href="$test_server_8cc.html" title="/Users/doug/src/hypertable/src/cc/AsyncComm/testServer.cc" alt="" coords="1299,80,1688,107">
<area shape="rect" href="$random__read__test_8cc.html" title="/Users/doug/src/hypertable/src/cc/Benchmark/random/random_read_test.cc" alt="" coords="1712,80,2192,107">
<area shape="rect" href="$random__write__test_8cc.html" title="/Users/doug/src/hypertable/src/cc/Benchmark/random/random_write_test.cc" alt="" coords="2216,80,2699,107">
<area shape="rect" href="$code__search__and__replace_8cc.html" title="/Users/doug/src/hypertable/src/cc/Common/code_search_and_replace.cc" alt="" coords="2723,80,3187,107">
<area shape="rect" href="$_common_2_config_8h.html" title="/Users/doug/src/hypertable/src/cc/Common/Config.h" alt="" coords="3262,80,3600,107">
<area shape="rect" href="$_command_shell_8cc.html" title="/Users/doug/src/hypertable/src/cc/Hypertable/Lib/CommandShell.cc" alt="" coords="2599,229,3028,256">
<area shape="rect" href="$htgc_8cc.html" title="/Users/doug/src/hypertable/src/cc/Hypertable/Master/htgc.cc" alt="" coords="4287,229,4674,256">
<area shape="rect" href="$_system_8cc.html" title="/Users/doug/src/hypertable/src/cc/Common/System.cc" alt="" coords="3675,80,4024,107">
<area shape="rect" href="$_kosmos_broker_8cc.html" title="/Users/doug/src/hypertable/src/cc/DfsBroker/kosmos/KosmosBroker.cc" alt="" coords="4048,80,4499,107">
<area shape="rect" href="$_dfs_broker_2kosmos_2main_8cc.html" title="/Users/doug/src/hypertable/src/cc/DfsBroker/kosmos/main.cc" alt="" coords="4523,80,4915,107">
<area shape="rect" href="$_local_broker_8cc.html" title="/Users/doug/src/hypertable/src/cc/DfsBroker/local/LocalBroker.cc" alt="" coords="4939,80,5355,107">
<area shape="rect" href="$_dfs_broker_2local_2main_8cc.html" title="/Users/doug/src/hypertable/src/cc/DfsBroker/local/main.cc" alt="" coords="5379,80,5752,107">
<area shape="rect" href="$_hyperspace_2main_8cc.html" title="/Users/doug/src/hypertable/src/cc/Hyperspace/main.cc" alt="" coords="5776,80,6128,107">
<area shape="rect" href="$_hyperspace_2_master_8cc.html" title="/Users/doug/src/hypertable/src/cc/Hyperspace/Master.cc" alt="" coords="6152,80,6515,107">
<area shape="rect" href="$_server_keepalive_handler_8cc.html" title="/Users/doug/src/hypertable/src/cc/Hyperspace/ServerKeepaliveHandler.cc" alt="" coords="6539,80,7008,107">
<area shape="rect" href="$_hypertable_2_lib_2_client_8cc.html" title="/Users/doug/src/hypertable/src/cc/Hypertable/Lib/Client.cc" alt="" coords="7032,80,7403,107">
<area shape="rect" href="$_event_handler_master_change_8cc.html" title="/Users/doug/src/hypertable/src/cc/Hypertable/Lib/EventHandlerMasterChange.cc" alt="" coords="7427,80,7936,107">
<area shape="rect" href="$_fixed_random_string_generator_8cc.html" title="/Users/doug/src/hypertable/src/cc/Hypertable/Lib/FixedRandomStringGenerator.cc" alt="" coords="7960,80,8480,107">
<area shape="rect" href="$generate__test__data_8cc.html" title="/Users/doug/src/hypertable/src/cc/Hypertable/Lib/generate_test_data.cc" alt="" coords="8504,80,8958,107">
<area shape="rect" href="$_schema_8cc.html" title="/Users/doug/src/hypertable/src/cc/Hypertable/Lib/Schema.cc" alt="" coords="8982,80,9368,107">
<area shape="rect" href="$_hypertable_2_master_2main_8cc.html" title="/Users/doug/src/hypertable/src/cc/Hypertable/Master/main.cc" alt="" coords="9392,80,9782,107">
<area shape="rect" href="$_hypertable_2_master_2_master_8cc.html" title="/Users/doug/src/hypertable/src/cc/Hypertable/Master/Master.cc" alt="" coords="9806,80,10208,107">
<area shape="rect" href="$_cell_store_scanner_v0_8cc.html" title="/Users/doug/src/hypertable/src/cc/Hypertable/RangeServer/CellStoreScannerV0.cc" alt="" coords="10232,80,10755,107">
<area shape="rect" href="$_cell_store_v0_8cc.html" title="/Users/doug/src/hypertable/src/cc/Hypertable/RangeServer/CellStoreV0.cc" alt="" coords="10779,80,11251,107">
<area shape="rect" href="$count__stored_8cc.html" title="/Users/doug/src/hypertable/src/cc/Hypertable/RangeServer/count_stored.cc" alt="" coords="11275,80,11752,107">
<area shape="rect" href="$csdump_8cc.html" title="/Users/doug/src/hypertable/src/cc/Hypertable/RangeServer/csdump.cc" alt="" coords="11776,80,12222,107">
<area shape="rect" href="$_hypertable_2_range_server_2main_8cc.html" title="/Users/doug/src/hypertable/src/cc/Hypertable/RangeServer/main.cc" alt="" coords="12246,80,12675,107">
<area shape="rect" href="$_range_server_8cc.html" title="/Users/doug/src/hypertable/src/cc/Hypertable/RangeServer/RangeServer.cc" alt="" coords="12699,80,13176,107">
<area shape="rect" href="$_timer_handler_8cc.html" title="/Users/doug/src/hypertable/src/cc/Hypertable/RangeServer/TimerHandler.cc" alt="" coords="13200,80,13683,107">
<area shape="rect" href="$dfsclient_8cc.html" title="/Users/doug/src/hypertable/src/cc/Tools/dfsclient/dfsclient.cc" alt="" coords="13707,80,14094,107">
<area shape="rect" href="$dfs_test_8cc.html" title="/Users/doug/src/hypertable/src/cc/Tools/dfsclient/dfsTest.cc" alt="" coords="14118,80,14499,107">
<area shape="rect" href="$dumplog_8cc.html" title="/Users/doug/src/hypertable/src/cc/Tools/dumplog/dumplog.cc" alt="" coords="14523,80,14915,107">
<area shape="rect" href="$hyperspace_8cc.html" title="/Users/doug/src/hypertable/src/cc/Tools/hyperspace/hyperspace.cc" alt="" coords="14939,80,15366,107">
<area shape="rect" href="$merge__diff_8cc.html" title="/Users/doug/src/hypertable/src/cc/Tools/merge_diff/merge_diff.cc" alt="" coords="15390,80,15806,107">
<area shape="rect" href="$rsdump_8cc.html" title="/Users/doug/src/hypertable/src/cc/Tools/rsdump/rsdump.cc" alt="" coords="15830,80,16208,107">
<area shape="rect" href="$serverup_8cc.html" title="/Users/doug/src/hypertable/src/cc/Tools/serverup/serverup.cc" alt="" coords="16232,80,16624,107">
<area shape="rect" href="$apache__log__load_8cc.html" title="/Users/doug/src/hypertable/examples/apache_log/apache_log_load.cc" alt="" coords="16648,80,17094,107">
<area shape="rect" href="$apache__log__query_8cc.html" title="/Users/doug/src/hypertable/examples/apache_log/apache_log_query.cc" alt="" coords="17118,80,17571,107">
<area shape="rect" href="$freebase__load_8cc.html" title="/Users/doug/src/hypertable/examples/freebase/freebase_load.cc" alt="" coords="17595,80,18006,107">
<area shape="rect" href="$_common_2_config_8cc.html" title="/Users/doug/src/hypertable/src/cc/Common/Config.cc" alt="" coords="2851,155,3195,181">
<area shape="rect" href="$_command_shell_8h.html" title="/Users/doug/src/hypertable/src/cc/Hypertable/Lib/CommandShell.h" alt="" coords="3219,155,3643,181">
<area shape="rect" href="$_hypertable_2_lib_2_config_8h.html" title="/Users/doug/src/hypertable/src/cc/Hypertable/Lib/Config.h" alt="" coords="3667,155,4038,181">
<area shape="rect" href="$hypertable_8cc.html" title="/Users/doug/src/hypertable/src/cc/Tools/hypertable/hypertable.cc" alt="" coords="3450,229,3863,256">
<area shape="rect" href="$rsclient_8cc.html" title="/Users/doug/src/hypertable/src/cc/Tools/rsclient/rsclient.cc" alt="" coords="3052,229,3426,256">
<area shape="rect" href="$_hypertable_2_lib_2_config_8cc.html" title="/Users/doug/src/hypertable/src/cc/Hypertable/Lib/Config.cc" alt="" coords="3887,229,4263,256">
