<area shape="rect" href="$_hypertable_2_lib_2_client_8h.html" title="/Users/doug/src/hypertable/src/cc/Hypertable/Lib/Client.h" alt="" coords="4204,155,4569,181">
<area shape="rect" href="$_table_mutator_8h.html" title="/Users/doug/src/hypertable/src/cc/Hypertable/Lib/TableMutator.h" alt="" coords="7765,80,8176,107">
<area shape="rect" href="$_table_8cc.html" title="/Users/doug/src/hypertable/src/cc/Hypertable/Lib/Table.cc" alt="" coords="8272,229,8643,256">
<area shape="rect" href="$_interval_scanner_8cc.html" title="/Users/doug/src/hypertable/src/cc/Hypertable/Lib/IntervalScanner.cc" alt="" coords="12664,80,13096,107">
<area shape="rect" href="$_table_scanner_8cc.html" title="/Users/doug/src/hypertable/src/cc/Hypertable/Lib/TableScanner.cc" alt="" coords="13120,80,13541,107">
<area shape="rect" href="$_hypertable_2_master_2_master_8h.html" title="/Users/doug/src/hypertable/src/cc/Hypertable/Master/Master.h" alt="" coords="12243,80,12640,107">
<area shape="rect" href="$random__read__test_8cc.html" title="/Users/doug/src/hypertable/src/cc/Benchmark/random/random_read_test.cc" alt="" coords="6456,229,6936,256">
<area shape="rect" href="$random__write__test_8cc.html" title="/Users/doug/src/hypertable/src/cc/Benchmark/random/random_write_test.cc" alt="" coords="5,229,488,256">
<area shape="rect" href="$ht__write__test_8cc.html" title="/Users/doug/src/hypertable/src/cc/Benchmark/write/ht_write_test.cc" alt="" coords="512,229,941,256">
<area shape="rect" href="$_hypertable_2_lib_2_client_8cc.html" title="/Users/doug/src/hypertable/src/cc/Hypertable/Lib/Client.cc" alt="" coords="965,229,1336,256">
<area shape="rect" href="$generate__test__data_8cc.html" title="/Users/doug/src/hypertable/src/cc/Hypertable/Lib/generate_test_data.cc" alt="" coords="1360,229,1813,256">
<area shape="rect" href="$_hql_command_interpreter_8cc.html" title="/Users/doug/src/hypertable/src/cc/Hypertable/Lib/HqlCommandInterpreter.cc" alt="" coords="1837,229,2320,256">
<area shape="rect" href="$_hql_interpreter_8cc.html" title="/Users/doug/src/hypertable/src/cc/Hypertable/Lib/HqlInterpreter.cc" alt="" coords="6960,229,7381,256">
<area shape="rect" href="$htgc_8cc.html" title="/Users/doug/src/hypertable/src/cc/Hypertable/Master/htgc.cc" alt="" coords="2851,229,3237,256">
<area shape="rect" href="$_hypertable_2_master_2_master_8cc.html" title="/Users/doug/src/hypertable/src/cc/Hypertable/Master/Master.cc" alt="" coords="11945,229,12348,256">
<area shape="rect" href="$_master_gc_8cc.html" title="/Users/doug/src/hypertable/src/cc/Hypertable/Master/MasterGc.cc" alt="" coords="3261,229,3680,256">
<area shape="rect" href="$_global_8h.html" title="/Users/doug/src/hypertable/src/cc/Hypertable/RangeServer/Global.h" alt="" coords="2344,229,2776,256">
<area shape="rect" href="$count__stored_8cc.html" title="/Users/doug/src/hypertable/src/cc/Hypertable/RangeServer/count_stored.cc" alt="" coords="2815,304,3292,331">
<area shape="rect" href="$_thrift_broker_8cc.html" title="/Users/doug/src/hypertable/src/cc/ThriftBroker/ThriftBroker.cc" alt="" coords="7405,229,7800,256">
<area shape="rect" href="$hypertable_8cc.html" title="/Users/doug/src/hypertable/src/cc/Tools/hypertable/hypertable.cc" alt="" coords="3704,229,4117,256">
<area shape="rect" href="$ht__load__generator_8cc.html" title="/Users/doug/src/hypertable/src/cc/Tools/load_generator/ht_load_generator.cc" alt="" coords="4141,229,4632,256">
<area shape="rect" href="$ht__rsclient_8cc.html" title="/Users/doug/src/hypertable/src/cc/Tools/rsclient/ht_rsclient.cc" alt="" coords="4656,229,5051,256">
<area shape="rect" href="$apache__log__load_8cc.html" title="/Users/doug/src/hypertable/examples/apache_log/apache_log_load.cc" alt="" coords="5075,229,5520,256">
<area shape="rect" href="$apache__log__query_8cc.html" title="/Users/doug/src/hypertable/examples/apache_log/apache_log_query.cc" alt="" coords="5544,229,5997,256">
<area shape="rect" href="$freebase__load_8cc.html" title="/Users/doug/src/hypertable/examples/freebase/freebase_load.cc" alt="" coords="6021,229,6432,256">
<area shape="rect" href="$_access_group_8cc.html" title="/Users/doug/src/hypertable/src/cc/Hypertable/RangeServer/AccessGroup.cc" alt="" coords="1825,304,2305,331">
<area shape="rect" href="$_cell_cache_8cc.html" title="/Users/doug/src/hypertable/src/cc/Hypertable/RangeServer/CellCache.cc" alt="" coords="2329,304,2791,331">
<area shape="rect" href="$_cell_cache_pool_8cc.html" title="/Users/doug/src/hypertable/src/cc/Hypertable/RangeServer/CellCachePool.cc" alt="" coords="1313,304,1801,331">
<area shape="rect" href="$_metadata_normal_8cc.html" title="/Users/doug/src/hypertable/src/cc/Hypertable/RangeServer/MetadataNormal.cc" alt="" coords="5452,304,5951,331">
<area shape="rect" href="$_hql_interpreter_8h.html" title="/Users/doug/src/hypertable/src/cc/Hypertable/Lib/HqlInterpreter.h" alt="" coords="7387,155,7800,181">
<area shape="rect" href="$_table_mutator_shared_8h.html" title="/Users/doug/src/hypertable/src/cc/Hypertable/Lib/TableMutatorShared.h" alt="" coords="7875,155,8331,181">
<area shape="rect" href="$_table_mutator_8cc.html" title="/Users/doug/src/hypertable/src/cc/Hypertable/Lib/TableMutator.cc" alt="" coords="8355,155,8773,181">
<area shape="rect" href="$_hypertable_2_master_2_connection_handler_8h.html" title="/Users/doug/src/hypertable/src/cc/Hypertable/Master/ConnectionHandler.h" alt="" coords="13411,155,13883,181">
<area shape="rect" href="$_hypertable_2_master_2main_8cc.html" title="/Users/doug/src/hypertable/src/cc/Hypertable/Master/main.cc" alt="" coords="13452,229,13841,256">
<area shape="rect" href="$_event_handler_server_joined_8cc.html" title="/Users/doug/src/hypertable/src/cc/Hypertable/Master/EventHandlerServerJoined.cc" alt="" coords="12905,229,13428,256">
<area shape="rect" href="$_event_handler_server_joined_8h.html" title="/Users/doug/src/hypertable/src/cc/Hypertable/Master/EventHandlerServerJoined.h" alt="" coords="12768,155,13285,181">
<area shape="rect" href="$_servers_directory_handler_8cc.html" title="/Users/doug/src/hypertable/src/cc/Hypertable/Master/ServersDirectoryHandler.cc" alt="" coords="12372,229,12881,256">
<area shape="rect" href="$_event_handler_server_left_8cc.html" title="/Users/doug/src/hypertable/src/cc/Hypertable/Master/EventHandlerServerLeft.cc" alt="" coords="13865,229,14372,256">
<area shape="rect" href="$_event_handler_server_left_8h.html" title="/Users/doug/src/hypertable/src/cc/Hypertable/Master/EventHandlerServerLeft.h" alt="" coords="13957,155,14456,181">
<area shape="rect" href="$_server_lock_file_handler_8cc.html" title="/Users/doug/src/hypertable/src/cc/Hypertable/Master/ServerLockFileHandler.cc" alt="" coords="14396,229,14895,256">
<area shape="rect" href="$_servers_directory_handler_8h.html" title="/Users/doug/src/hypertable/src/cc/Hypertable/Master/ServersDirectoryHandler.h" alt="" coords="12189,155,12693,181">
<area shape="rect" href="$_request_handler_alter_table_8cc.html" title="/Users/doug/src/hypertable/src/cc/Hypertable/Master/RequestHandlerAlterTable.cc" alt="" coords="14531,155,15051,181">
<area shape="rect" href="$_request_handler_create_table_8cc.html" title="/Users/doug/src/hypertable/src/cc/Hypertable/Master/RequestHandlerCreateTable.cc" alt="" coords="15075,155,15608,181">
<area shape="rect" href="$_master_2_request_handler_drop_table_8cc.html" title="/Users/doug/src/hypertable/src/cc/Hypertable/Master/RequestHandlerDropTable.cc" alt="" coords="8848,155,9371,181">
<area shape="rect" href="$_request_handler_get_schema_8cc.html" title="/Users/doug/src/hypertable/src/cc/Hypertable/Master/RequestHandlerGetSchema.cc" alt="" coords="9395,155,9925,181">
<area shape="rect" href="$_request_handler_register_server_8cc.html" title="/Users/doug/src/hypertable/src/cc/Hypertable/Master/RequestHandlerRegisterServer.cc" alt="" coords="9949,155,10499,181">
<area shape="rect" href="$_request_handler_report_split_8cc.html" title="/Users/doug/src/hypertable/src/cc/Hypertable/Master/RequestHandlerReportSplit.cc" alt="" coords="10523,155,11048,181">
<area shape="rect" href="$_master_2_request_handler_shutdown_8cc.html" title="/Users/doug/src/hypertable/src/cc/Hypertable/Master/RequestHandlerShutdown.cc" alt="" coords="11072,155,11592,181">
<area shape="rect" href="$_hypertable_2_master_2_request_handler_status_8cc.html" title="/Users/doug/src/hypertable/src/cc/Hypertable/Master/RequestHandlerStatus.cc" alt="" coords="11616,155,12115,181">
