<area shape="rect" href="$_string_ext_8h.html" title="Common/StringExt.h" alt="" coords="3056,453,3203,480">
<area shape="rect" href="$_defaults_8h.html" title="Defaults.h" alt="" coords="5,155,88,181">
<area shape="rect" href="$_key_8h.html" title="Key.h" alt="" coords="299,379,355,405">
<area shape="rect" href="$_table_mutator_8h.html" title="TableMutator.h" alt="" coords="1415,80,1529,107">
<area shape="rect" href="$_hash_map_8h.html" title="HashMap.h" alt="" coords="2985,528,3076,555">
<area shape="rect" href="$_byte_string_8h.html" title="Common/ByteString.h" alt="" coords="465,453,620,480">
<area shape="rect" href="$_dynamic_buffer_8h.html" title="DynamicBuffer.h" alt="" coords="160,528,283,555">
<area shape="rect" href="$_serialization_8h.html" title="Serialization.h" alt="" coords="747,528,856,555">
<area shape="rect" href="$_string_8h.html" title="string.h" alt="" coords="269,603,336,629">
<area shape="rect" href="$_connection_manager_8h.html" title="AsyncComm/ConnectionManager.h" alt="" coords="1492,304,1729,331">
<area shape="rect" href="$_reference_count_8h.html" title="Common/ReferenceCount.h" alt="" coords="2248,528,2437,555">
<area shape="rect" href="$_properties_8h.html" title="Common/Properties.h" alt="" coords="2371,379,2525,405">
<area shape="rect" href="$_common_2_timer_8h.html" title="Common/Timer.h" alt="" coords="803,304,931,331">
<area shape="rect" href="$_cell_8h.html" title="Cell.h" alt="" coords="803,229,859,256">
<area shape="rect" href="$_key_spec_8h.html" title="KeySpec.h" alt="" coords="325,155,411,181">
<area shape="rect" href="$_table_mutator_scatter_buffer_8h.html" title="TableMutatorScatterBuffer.h" alt="" coords="1705,155,1900,181">
<area shape="rect" href="$_range_locator_8h.html" title="RangeLocator.h" alt="" coords="1300,229,1417,256">
<area shape="rect" href="$_range_server_client_8h.html" title="RangeServerClient.h" alt="" coords="1005,304,1152,331">
<area shape="rect" href="$_types_8h.html" title="Types.h" alt="" coords="651,379,720,405">
<area shape="rect" href="$_schema_8h.html" title="Schema.h" alt="" coords="2428,304,2511,331">
<area shape="rect" href="$_time_8h.html" title="time.h" alt="" coords="1688,379,1747,405">
<area shape="rect" href="$_sock_addr_map_8h.html" title="Common/SockAddrMap.h" alt="" coords="2803,453,2981,480">
<area shape="rect" href="$_dispatch_handler_8h.html" title="DispatchHandler.h" alt="" coords="997,379,1131,405">
<area shape="rect" href="$atomic_8h.html" title="atomic.h" alt="" coords="2556,603,2631,629">
<area shape="rect" href="$_async_comm_2_event_8h.html" title="Event.h" alt="" coords="831,453,897,480">
<area shape="rect" href="$_flyweight_string_8h.html" title="Common/FlyweightString.h" alt="" coords="2855,229,3039,256">
<area shape="rect" href="$_table_mutator_send_buffer_8h.html" title="TableMutatorSendBuffer.h" alt="" coords="2447,229,2628,256">
