<area shape="rect" href="$_connection_manager_8h.html" title="AsyncComm/ConnectionManager.h" alt="" coords="1422,360,1659,387">
<area shape="rect" href="$_reference_count_8h.html" title="Common/ReferenceCount.h" alt="" coords="1459,659,1648,685">
<area shape="rect" href="$_properties_8h.html" title="Common/Properties.h" alt="" coords="768,360,923,387">
<area shape="rect" href="$_string_ext_8h.html" title="StringExt.h" alt="" coords="2918,435,3006,461">
<area shape="rect" href="$_timer_8h.html" title="Common/Timer.h" alt="" coords="2316,285,2444,312">
<area shape="rect" href="$_cell_8h.html" title="Cell.h" alt="" coords="3280,211,3336,237">
<area shape="rect" href="$_key_spec_8h.html" title="KeySpec.h" alt="" coords="6,136,91,163">
<area shape="rect" href="$_table_mutator_scatter_buffer_8h.html" title="TableMutatorScatterBuffer.h" alt="" coords="2579,136,2774,163">
<area shape="rect" href="$_range_locator_8h.html" title="RangeLocator.h" alt="" coords="1372,211,1490,237">
<area shape="rect" href="$_types_8h.html" title="Types.h" alt="" coords="320,435,390,461">
<area shape="rect" href="$_range_server_client_8h.html" title="RangeServerClient.h" alt="" coords="556,285,703,312">
<area shape="rect" href="$_schema_8h.html" title="Schema.h" alt="" coords="1122,285,1204,312">
<area shape="rect" href="$_time_8h.html" title="time.h" alt="" coords="971,435,1030,461">
<area shape="rect" href="$_sock_addr_map_8h.html" title="Common/SockAddrMap.h" alt="" coords="1683,435,1862,461">
<area shape="rect" href="$_comm_8h.html" title="Comm.h" alt="" coords="1403,435,1475,461">
<area shape="rect" href="$_dispatch_handler_8h.html" title="DispatchHandler.h" alt="" coords="1460,509,1594,536">
<area shape="rect" href="$atomic_8h.html" title="atomic.h" alt="" coords="2432,733,2507,760">
<area shape="rect" href="$_hash_map_8h.html" title="Common/HashMap.h" alt="" coords="2667,509,2816,536">
<area shape="rect" href="$_comm_buf_8h.html" title="CommBuf.h" alt="" coords="956,509,1050,536">
<area shape="rect" href="$_async_comm_2_event_8h.html" title="Event.h" alt="" coords="1460,584,1527,611">
<area shape="rect" href="$_string_8h.html" title="Common/String.h" alt="" coords="388,659,516,685">
<area shape="rect" href="$_byte_string_8h.html" title="Common/ByteString.h" alt="" coords="1031,584,1186,611">
<area shape="rect" href="$_static_buffer_8h.html" title="Common/StaticBuffer.h" alt="" coords="743,584,906,611">
<area shape="rect" href="$_flyweight_string_8h.html" title="Common/FlyweightString.h" alt="" coords="2870,211,3054,237">
<area shape="rect" href="$_key_8h.html" title="Key.h" alt="" coords="2790,211,2846,237">
<area shape="rect" href="$_table_mutator_send_buffer_8h.html" title="TableMutatorSendBuffer.h" alt="" coords="3024,584,3206,611">
<area shape="rect" href="$_session_8h.html" title="Hyperspace/Session.h" alt="" coords="1828,285,1986,312">
<area shape="rect" href="$_location_cache_8h.html" title="LocationCache.h" alt="" coords="2135,285,2258,312">
<area shape="rect" href="$_range_location_info_8h.html" title="RangeLocationInfo.h" alt="" coords="1200,360,1347,387">
<area shape="rect" href="$_range_server_protocol_8h.html" title="RangeServerProtocol.h" alt="" coords="278,360,440,387">
<area shape="rect" href="$_range_state_8h.html" title="RangeState.h" alt="" coords="188,435,292,461">
