<area shape="rect" href="$_compat_8h.html" title="Common/Compat.h" alt="" coords="281,453,420,480">
<area shape="rect" href="$_timer_8h.html" title="Common/Timer.h" alt="" coords="1217,304,1345,331">
<area shape="rect" href="$_defaults_8h.html" title="Defaults.h" alt="" coords="2059,80,2141,107">
<area shape="rect" href="$_key_8h.html" title="Key.h" alt="" coords="841,304,897,331">
<area shape="rect" href="$_key_spec_8h.html" title="KeySpec.h" alt="" coords="529,379,615,405">
<area shape="rect" href="$_table_mutator_dispatch_handler_8h.html" title="TableMutatorDispatchHandler.h" alt="" coords="1821,80,2035,107">
<area shape="rect" href="$_table_mutator_scatter_buffer_8h.html" title="TableMutatorScatterBuffer.h" alt="" coords="1759,155,1953,181">
<area shape="rect" href="$compat&#45;c_8h.html" title="compat&#45;c.h" alt="" coords="187,528,275,555">
<area shape="rect" href="$_sweetener_8h.html" title="Sweetener.h" alt="" coords="301,528,400,555">
<area shape="rect" href="$_string_8h.html" title="string.h" alt="" coords="1407,603,1473,629">
<area shape="rect" href="$_byte_string_8h.html" title="Common/ByteString.h" alt="" coords="881,453,1036,480">
<area shape="rect" href="$_dynamic_buffer_8h.html" title="DynamicBuffer.h" alt="" coords="588,528,711,555">
<area shape="rect" href="$_serialized_key_8h.html" title="SerializedKey.h" alt="" coords="791,379,905,405">
<area shape="rect" href="$_serialization_8h.html" title="Serialization.h" alt="" coords="924,528,1033,555">
<area shape="rect" href="$_reference_count_8h.html" title="ReferenceCount.h" alt="" coords="2055,603,2185,629">
<area shape="rect" href="$atomic_8h.html" title="atomic.h" alt="" coords="2383,677,2457,704">
<area shape="rect" href="$_error_8h.html" title="Common/Error.h" alt="" coords="1231,528,1353,555">
<area shape="rect" href="$_logger_8h.html" title="Common/Logger.h" alt="" coords="1319,453,1452,480">
<area shape="rect" href="$_dispatch_handler_8h.html" title="AsyncComm/DispatchHandler.h" alt="" coords="2135,379,2351,405">
<area shape="rect" href="$_async_comm_2_event_8h.html" title="Event.h" alt="" coords="2085,453,2152,480">
<area shape="rect" href="$_table_mutator_send_buffer_8h.html" title="TableMutatorSendBuffer.h" alt="" coords="2503,229,2684,256">
<area shape="rect" href="$_inet_addr_8h.html" title="Common/InetAddr.h" alt="" coords="1837,528,1981,555">
<area shape="rect" href="$_comm_header_8h.html" title="CommHeader.h" alt="" coords="2157,528,2275,555">
<area shape="rect" href="$_common_2_config_8h.html" title="Common/Config.h" alt="" coords="1449,304,1580,331">
<area shape="rect" href="$_flyweight_string_8h.html" title="Common/FlyweightString.h" alt="" coords="1700,229,1884,256">
<area shape="rect" href="$_string_ext_8h.html" title="StringExt.h" alt="" coords="1705,379,1793,405">
<area shape="rect" href="$_cell_8h.html" title="Cell.h" alt="" coords="967,229,1023,256">
<area shape="rect" href="$_range_locator_8h.html" title="RangeLocator.h" alt="" coords="1559,229,1676,256">
<area shape="rect" href="$_range_server_client_8h.html" title="RangeServerClient.h" alt="" coords="1807,304,1953,331">
<area shape="rect" href="$_schema_8h.html" title="Schema.h" alt="" coords="1977,304,2060,331">
<area shape="rect" href="$_table_mutator_completion_counter_8h.html" title="TableMutatorCompletionCounter.h" alt="" coords="2401,453,2633,480">
