<area shape="rect" href="$_connection_manager_8h.html" title="AsyncComm/ConnectionManager.h" alt="" coords="968,304,1205,331">
<area shape="rect" href="$_timer_8h.html" title="Common/Timer.h" alt="" coords="1515,379,1643,405">
<area shape="rect" href="$_properties_8h.html" title="Common/Properties.h" alt="" coords="3280,304,3435,331">
<area shape="rect" href="$_string_ext_8h.html" title="Common/StringExt.h" alt="" coords="321,304,468,331">
<area shape="rect" href="$_cells_8h.html" title="Cells.h" alt="" coords="3423,155,3487,181">
<area shape="rect" href="$_key_spec_8h.html" title="KeySpec.h" alt="" coords="3057,379,3143,405">
<area shape="rect" href="$_table_8h.html" title="Table.h" alt="" coords="2920,80,2987,107">
<area shape="rect" href="$_schema_8h.html" title="Schema.h" alt="" coords="1039,229,1121,256">
<area shape="rect" href="$_range_locator_8h.html" title="RangeLocator.h" alt="" coords="2069,155,2187,181">
<area shape="rect" href="$_types_8h.html" title="Types.h" alt="" coords="2761,379,2831,405">
<area shape="rect" href="$_range_server_client_8h.html" title="RangeServerClient.h" alt="" coords="2445,304,2592,331">
<area shape="rect" href="$_table_mutator_scatter_buffer_8h.html" title="TableMutatorScatterBuffer.h" alt="" coords="2377,80,2572,107">
<area shape="rect" href="$_time_8h.html" title="time.h" alt="" coords="797,379,856,405">
<area shape="rect" href="$_reference_count_8h.html" title="Common/ReferenceCount.h" alt="" coords="2385,603,2575,629">
<area shape="rect" href="$_sock_addr_map_8h.html" title="Common/SockAddrMap.h" alt="" coords="493,379,672,405">
<area shape="rect" href="$_comm_8h.html" title="Comm.h" alt="" coords="2077,379,2149,405">
<area shape="rect" href="$_dispatch_handler_8h.html" title="DispatchHandler.h" alt="" coords="2224,453,2357,480">
<area shape="rect" href="$atomic_8h.html" title="atomic.h" alt="" coords="897,677,972,704">
<area shape="rect" href="$_hash_map_8h.html" title="Common/HashMap.h" alt="" coords="259,453,408,480">
<area shape="rect" href="$_mutex_8h.html" title="Common/Mutex.h" alt="" coords="1869,453,1997,480">
<area shape="rect" href="$_async_comm_2_event_8h.html" title="Event.h" alt="" coords="2928,528,2995,555">
<area shape="rect" href="$_string_8h.html" title="Common/String.h" alt="" coords="2932,603,3060,629">
<area shape="rect" href="$_error_8h.html" title="Error.h" alt="" coords="3016,453,3080,480">
<area shape="rect" href="$_char_arena_8h.html" title="CharArena.h" alt="" coords="3631,379,3729,405">
<area shape="rect" href="$_cell_8h.html" title="Cell.h" alt="" coords="3072,229,3128,256">
<area shape="rect" href="$_key_8h.html" title="Key.h" alt="" coords="3072,304,3128,331">
<area shape="rect" href="$_byte_string_8h.html" title="Common/ByteString.h" alt="" coords="2755,453,2909,480">
<area shape="rect" href="$_common_2_config_8h.html" title="Common/Config.h" alt="" coords="2367,229,2497,256">
<area shape="rect" href="$_session_8h.html" title="Hyperspace/Session.h" alt="" coords="1785,229,1943,256">
<area shape="rect" href="$_location_cache_8h.html" title="LocationCache.h" alt="" coords="2017,229,2140,256">
<area shape="rect" href="$_range_location_info_8h.html" title="RangeLocationInfo.h" alt="" coords="2224,304,2371,331">
<area shape="rect" href="$_flyweight_string_8h.html" title="Common/FlyweightString.h" alt="" coords="1191,155,1375,181">
<area shape="rect" href="$_table_mutator_send_buffer_8h.html" title="TableMutatorSendBuffer.h" alt="" coords="2563,155,2744,181">
