<area shape="rect" href="$_hypertable_2_lib_2_client_8h.html" title="/Users/doug/src/hypertable/src/cc/Hypertable/Lib/Client.h" alt="" coords="4231,155,4596,182">
<area shape="rect" href="$_table_scanner_8h.html" title="/Users/doug/src/hypertable/src/cc/Hypertable/Lib/TableScanner.h" alt="" coords="7155,80,7571,107">
<area shape="rect" href="$_table_8cc.html" title="/Users/doug/src/hypertable/src/cc/Hypertable/Lib/Table.cc" alt="" coords="6944,155,7315,182">
<area shape="rect" href="$_table_scanner_8cc.html" title="/Users/doug/src/hypertable/src/cc/Hypertable/Lib/TableScanner.cc" alt="" coords="7944,155,8366,182">
<area shape="rect" href="$_table_mutator_8h.html" title="/Users/doug/src/hypertable/src/cc/Hypertable/Lib/TableMutator.h" alt="" coords="6570,80,6980,107">
<area shape="rect" href="$_hypertable_2_master_2_master_8h.html" title="/Users/doug/src/hypertable/src/cc/Hypertable/Master/Master.h" alt="" coords="10024,80,10422,107">
<area shape="rect" href="$random__read__test_8cc.html" title="/Users/doug/src/hypertable/src/cc/Benchmark/random/random_read_test.cc" alt="" coords="563,230,1043,256">
<area shape="rect" href="$random__write__test_8cc.html" title="/Users/doug/src/hypertable/src/cc/Benchmark/random/random_write_test.cc" alt="" coords="1067,230,1550,256">
<area shape="rect" href="$ht__write__test_8cc.html" title="/Users/doug/src/hypertable/src/cc/Benchmark/write/ht_write_test.cc" alt="" coords="5099,230,5528,256">
<area shape="rect" href="$_hypertable_2_lib_2_client_8cc.html" title="/Users/doug/src/hypertable/src/cc/Hypertable/Lib/Client.cc" alt="" coords="5552,230,5923,256">
<area shape="rect" href="$generate__test__data_8cc.html" title="/Users/doug/src/hypertable/src/cc/Hypertable/Lib/generate_test_data.cc" alt="" coords="5947,230,6400,256">
<area shape="rect" href="$_hql_command_interpreter_8cc.html" title="/Users/doug/src/hypertable/src/cc/Hypertable/Lib/HqlCommandInterpreter.cc" alt="" coords="56,230,539,256">
<area shape="rect" href="$_hql_interpreter_8cc.html" title="/Users/doug/src/hypertable/src/cc/Hypertable/Lib/HqlInterpreter.cc" alt="" coords="6843,230,7264,256">
<area shape="rect" href="$htgc_8cc.html" title="/Users/doug/src/hypertable/src/cc/Hypertable/Master/htgc.cc" alt="" coords="2030,230,2416,256">
<area shape="rect" href="$_hypertable_2_master_2_master_8cc.html" title="/Users/doug/src/hypertable/src/cc/Hypertable/Master/Master.cc" alt="" coords="8104,230,8507,256">
<area shape="rect" href="$_master_gc_8cc.html" title="/Users/doug/src/hypertable/src/cc/Hypertable/Master/MasterGc.cc" alt="" coords="2440,230,2859,256">
<area shape="rect" href="$_global_8h.html" title="/Users/doug/src/hypertable/src/cc/Hypertable/RangeServer/Global.h" alt="" coords="1574,230,2006,256">
<area shape="rect" href="$count__stored_8cc.html" title="/Users/doug/src/hypertable/src/cc/Hypertable/RangeServer/count_stored.cc" alt="" coords="170,304,647,331">
<area shape="rect" href="$_thrift_broker_8cc.html" title="/Users/doug/src/hypertable/src/cc/ThriftBroker/ThriftBroker.cc" alt="" coords="6424,230,6819,256">
<area shape="rect" href="$hypertable_8cc.html" title="/Users/doug/src/hypertable/src/cc/Tools/hypertable/hypertable.cc" alt="" coords="2883,230,3296,256">
<area shape="rect" href="$rsclient_8cc.html" title="/Users/doug/src/hypertable/src/cc/Tools/rsclient/rsclient.cc" alt="" coords="3320,230,3694,256">
<area shape="rect" href="$apache__log__load_8cc.html" title="/Users/doug/src/hypertable/examples/apache_log/apache_log_load.cc" alt="" coords="3718,230,4163,256">
<area shape="rect" href="$apache__log__query_8cc.html" title="/Users/doug/src/hypertable/examples/apache_log/apache_log_query.cc" alt="" coords="4187,230,4640,256">
<area shape="rect" href="$freebase__load_8cc.html" title="/Users/doug/src/hypertable/examples/freebase/freebase_load.cc" alt="" coords="4664,230,5075,256">
<area shape="rect" href="$_access_group_8cc.html" title="/Users/doug/src/hypertable/src/cc/Hypertable/RangeServer/AccessGroup.cc" alt="" coords="7575,304,8055,331">
<area shape="rect" href="$_cell_cache_8cc.html" title="/Users/doug/src/hypertable/src/cc/Hypertable/RangeServer/CellCache.cc" alt="" coords="1060,304,1522,331">
<area shape="rect" href="$_cell_cache_pool_8cc.html" title="/Users/doug/src/hypertable/src/cc/Hypertable/RangeServer/CellCachePool.cc" alt="" coords="1546,304,2034,331">
<area shape="rect" href="$_cell_store_scanner_v0_8cc.html" title="/Users/doug/src/hypertable/src/cc/Hypertable/RangeServer/CellStoreScannerV0.cc" alt="" coords="2058,304,2580,331">
<area shape="rect" href="$_metadata_normal_8cc.html" title="/Users/doug/src/hypertable/src/cc/Hypertable/RangeServer/MetadataNormal.cc" alt="" coords="7052,304,7551,331">
<area shape="rect" href="$_hql_interpreter_8h.html" title="/Users/doug/src/hypertable/src/cc/Hypertable/Lib/HqlInterpreter.h" alt="" coords="6456,155,6870,182">
<area shape="rect" href="$_metadata_normal_8h.html" title="/Users/doug/src/hypertable/src/cc/Hypertable/RangeServer/MetadataNormal.h" alt="" coords="7390,230,7883,256">
<area shape="rect" href="$_metadata_root_8h.html" title="/Users/doug/src/hypertable/src/cc/Hypertable/RangeServer/MetadataRoot.h" alt="" coords="7440,155,7920,182">
<area shape="rect" href="$_table_mutator_8cc.html" title="/Users/doug/src/hypertable/src/cc/Hypertable/Lib/TableMutator.cc" alt="" coords="6014,155,6432,182">
<area shape="rect" href="$_hypertable_2_master_2_connection_handler_8h.html" title="/Users/doug/src/hypertable/src/cc/Hypertable/Master/ConnectionHandler.h" alt="" coords="14134,155,14606,182">
<area shape="rect" href="$_hypertable_2_master_2main_8cc.html" title="/Users/doug/src/hypertable/src/cc/Hypertable/Master/main.cc" alt="" coords="12419,230,12808,256">
<area shape="rect" href="$_event_handler_server_joined_8cc.html" title="/Users/doug/src/hypertable/src/cc/Hypertable/Master/EventHandlerServerJoined.cc" alt="" coords="8531,230,9054,256">
<area shape="rect" href="$_event_handler_server_joined_8h.html" title="/Users/doug/src/hypertable/src/cc/Hypertable/Master/EventHandlerServerJoined.h" alt="" coords="9019,155,9536,182">
<area shape="rect" href="$_servers_directory_handler_8cc.html" title="/Users/doug/src/hypertable/src/cc/Hypertable/Master/ServersDirectoryHandler.cc" alt="" coords="9078,230,9587,256">
<area shape="rect" href="$_event_handler_server_left_8cc.html" title="/Users/doug/src/hypertable/src/cc/Hypertable/Master/EventHandlerServerLeft.cc" alt="" coords="10134,230,10640,256">
<area shape="rect" href="$_event_handler_server_left_8h.html" title="/Users/doug/src/hypertable/src/cc/Hypertable/Master/EventHandlerServerLeft.h" alt="" coords="9611,155,10110,182">
<area shape="rect" href="$_server_lock_file_handler_8cc.html" title="/Users/doug/src/hypertable/src/cc/Hypertable/Master/ServerLockFileHandler.cc" alt="" coords="9611,230,10110,256">
<area shape="rect" href="$_servers_directory_handler_8h.html" title="/Users/doug/src/hypertable/src/cc/Hypertable/Master/ServersDirectoryHandler.h" alt="" coords="8491,155,8995,182">
<area shape="rect" href="$_request_handler_create_table_8cc.html" title="/Users/doug/src/hypertable/src/cc/Hypertable/Master/RequestHandlerCreateTable.cc" alt="" coords="10286,155,10819,182">
<area shape="rect" href="$_master_2_request_handler_drop_table_8cc.html" title="/Users/doug/src/hypertable/src/cc/Hypertable/Master/RequestHandlerDropTable.cc" alt="" coords="10843,155,11366,182">
<area shape="rect" href="$_request_handler_get_schema_8cc.html" title="/Users/doug/src/hypertable/src/cc/Hypertable/Master/RequestHandlerGetSchema.cc" alt="" coords="11390,155,11920,182">
<area shape="rect" href="$_request_handler_register_server_8cc.html" title="/Users/doug/src/hypertable/src/cc/Hypertable/Master/RequestHandlerRegisterServer.cc" alt="" coords="11944,155,12494,182">
<area shape="rect" href="$_request_handler_report_split_8cc.html" title="/Users/doug/src/hypertable/src/cc/Hypertable/Master/RequestHandlerReportSplit.cc" alt="" coords="12518,155,13043,182">
<area shape="rect" href="$_master_2_request_handler_shutdown_8cc.html" title="/Users/doug/src/hypertable/src/cc/Hypertable/Master/RequestHandlerShutdown.cc" alt="" coords="13067,155,13587,182">
<area shape="rect" href="$_hypertable_2_master_2_request_handler_status_8cc.html" title="/Users/doug/src/hypertable/src/cc/Hypertable/Master/RequestHandlerStatus.cc" alt="" coords="13611,155,14110,182">
