<area shape="rect" href="$_table_8h.html" title="/Users/doug/src/hypertable/src/cc/Hypertable/Lib/Table.h" alt="" coords="9132,80,9498,107">
<area shape="rect" href="$_metadata_normal_8cc.html" title="/Users/doug/src/hypertable/src/cc/Hypertable/RangeServer/MetadataNormal.cc" alt="" coords="10008,229,10507,256">
<area shape="rect" href="$_table_mutator_8cc.html" title="/Users/doug/src/hypertable/src/cc/Hypertable/Lib/TableMutator.cc" alt="" coords="10132,80,10551,107">
<area shape="rect" href="$_hypertable_2_lib_2_client_8h.html" title="/Users/doug/src/hypertable/src/cc/Hypertable/Lib/Client.h" alt="" coords="7882,155,8247,181">
<area shape="rect" href="$_table_8cc.html" title="/Users/doug/src/hypertable/src/cc/Hypertable/Lib/Table.cc" alt="" coords="8920,155,9291,181">
<area shape="rect" href="$_hypertable_2_master_2_master_8h.html" title="/Users/doug/src/hypertable/src/cc/Hypertable/Master/Master.h" alt="" coords="2148,155,2546,181">
<area shape="rect" href="$_master_gc_8cc.html" title="/Users/doug/src/hypertable/src/cc/Hypertable/Master/MasterGc.cc" alt="" coords="9315,155,9734,181">
<area shape="rect" href="$_hypertable_2_range_server_2_global_8h.html" title="/Users/doug/src/hypertable/src/cc/Hypertable/RangeServer/Global.h" alt="" coords="11942,155,12374,181">
<area shape="rect" href="$_hypertable_2_lib_2_client_8cc.html" title="/Users/doug/src/hypertable/src/cc/Hypertable/Lib/Client.cc" alt="" coords="7280,229,7651,256">
<area shape="rect" href="$generate__test__data_8cc.html" title="/Users/doug/src/hypertable/src/cc/Hypertable/Lib/generate_test_data.cc" alt="" coords="7675,229,8128,256">
<area shape="rect" href="$_hql_command_interpreter_8cc.html" title="/Users/doug/src/hypertable/src/cc/Hypertable/Lib/HqlCommandInterpreter.cc" alt="" coords="8152,229,8635,256">
<area shape="rect" href="$htgc_8cc.html" title="/Users/doug/src/hypertable/src/cc/Hypertable/Master/htgc.cc" alt="" coords="8659,229,9046,256">
<area shape="rect" href="$count__stored_8cc.html" title="/Users/doug/src/hypertable/src/cc/Hypertable/RangeServer/count_stored.cc" alt="" coords="9507,229,9984,256">
<area shape="rect" href="$hypertable_8cc.html" title="/Users/doug/src/hypertable/src/cc/Tools/hypertable/hypertable.cc" alt="" coords="9070,229,9483,256">
<area shape="rect" href="$rsclient_8cc.html" title="/Users/doug/src/hypertable/src/cc/Tools/rsclient/rsclient.cc" alt="" coords="5936,229,6310,256">
<area shape="rect" href="$apache__log__load_8cc.html" title="/Users/doug/src/hypertable/examples/apache_log/apache_log_load.cc" alt="" coords="6334,229,6779,256">
<area shape="rect" href="$apache__log__query_8cc.html" title="/Users/doug/src/hypertable/examples/apache_log/apache_log_query.cc" alt="" coords="6803,229,7256,256">
<area shape="rect" href="$_hypertable_2_master_2_connection_handler_8h.html" title="/Users/doug/src/hypertable/src/cc/Hypertable/Master/ConnectionHandler.h" alt="" coords="5390,229,5862,256">
<area shape="rect" href="$_hypertable_2_master_2main_8cc.html" title="/Users/doug/src/hypertable/src/cc/Hypertable/Master/main.cc" alt="" coords="5704,304,6094,331">
<area shape="rect" href="$_event_handler_server_joined_8cc.html" title="/Users/doug/src/hypertable/src/cc/Hypertable/Master/EventHandlerServerJoined.cc" alt="" coords="6,304,528,331">
<area shape="rect" href="$_event_handler_server_joined_8h.html" title="/Users/doug/src/hypertable/src/cc/Hypertable/Master/EventHandlerServerJoined.h" alt="" coords="291,229,808,256">
<area shape="rect" href="$_servers_directory_handler_8cc.html" title="/Users/doug/src/hypertable/src/cc/Hypertable/Master/ServersDirectoryHandler.cc" alt="" coords="566,304,1075,331">
<area shape="rect" href="$_event_handler_server_left_8cc.html" title="/Users/doug/src/hypertable/src/cc/Hypertable/Master/EventHandlerServerLeft.cc" alt="" coords="1099,304,1606,331">
<area shape="rect" href="$_event_handler_server_left_8h.html" title="/Users/doug/src/hypertable/src/cc/Hypertable/Master/EventHandlerServerLeft.h" alt="" coords="883,229,1382,256">
<area shape="rect" href="$_server_lock_file_handler_8cc.html" title="/Users/doug/src/hypertable/src/cc/Hypertable/Master/ServerLockFileHandler.cc" alt="" coords="1630,304,2128,331">
<area shape="rect" href="$_hypertable_2_master_2_master_8cc.html" title="/Users/doug/src/hypertable/src/cc/Hypertable/Master/Master.cc" alt="" coords="2152,304,2555,331">
<area shape="rect" href="$_servers_directory_handler_8h.html" title="/Users/doug/src/hypertable/src/cc/Hypertable/Master/ServersDirectoryHandler.h" alt="" coords="1456,229,1960,256">
<area shape="rect" href="$_request_handler_create_table_8cc.html" title="/Users/doug/src/hypertable/src/cc/Hypertable/Master/RequestHandlerCreateTable.cc" alt="" coords="3760,229,4294,256">
<area shape="rect" href="$_master_2_request_handler_drop_table_8cc.html" title="/Users/doug/src/hypertable/src/cc/Hypertable/Master/RequestHandlerDropTable.cc" alt="" coords="2086,229,2608,256">
<area shape="rect" href="$_request_handler_get_schema_8cc.html" title="/Users/doug/src/hypertable/src/cc/Hypertable/Master/RequestHandlerGetSchema.cc" alt="" coords="2632,229,3163,256">
<area shape="rect" href="$_request_handler_register_server_8cc.html" title="/Users/doug/src/hypertable/src/cc/Hypertable/Master/RequestHandlerRegisterServer.cc" alt="" coords="3187,229,3736,256">
<area shape="rect" href="$_request_handler_report_split_8cc.html" title="/Users/doug/src/hypertable/src/cc/Hypertable/Master/RequestHandlerReportSplit.cc" alt="" coords="4318,229,4843,256">
<area shape="rect" href="$_hypertable_2_master_2_request_handler_status_8cc.html" title="/Users/doug/src/hypertable/src/cc/Hypertable/Master/RequestHandlerStatus.cc" alt="" coords="4867,229,5366,256">
<area shape="rect" href="$_hypertable_2_master_2_connection_handler_8cc.html" title="/Users/doug/src/hypertable/src/cc/Hypertable/Master/ConnectionHandler.cc" alt="" coords="5203,304,5680,331">
<area shape="rect" href="$_access_group_8cc.html" title="/Users/doug/src/hypertable/src/cc/Hypertable/RangeServer/AccessGroup.cc" alt="" coords="13894,229,14374,256">
<area shape="rect" href="$_cell_cache_8cc.html" title="/Users/doug/src/hypertable/src/cc/Hypertable/RangeServer/CellCache.cc" alt="" coords="14398,229,14859,256">
<area shape="rect" href="$_cell_store_scanner_v0_8cc.html" title="/Users/doug/src/hypertable/src/cc/Hypertable/RangeServer/CellStoreScannerV0.cc" alt="" coords="14883,229,15406,256">
<area shape="rect" href="$csdump_8cc.html" title="/Users/doug/src/hypertable/src/cc/Hypertable/RangeServer/csdump.cc" alt="" coords="10531,229,10976,256">
<area shape="rect" href="$_hypertable_2_range_server_2_global_8cc.html" title="/Users/doug/src/hypertable/src/cc/Hypertable/RangeServer/Global.cc" alt="" coords="11000,229,11438,256">
<area shape="rect" href="$_hypertable_2_range_server_2main_8cc.html" title="/Users/doug/src/hypertable/src/cc/Hypertable/RangeServer/main.cc" alt="" coords="11462,229,11891,256">
<area shape="rect" href="$_metadata_root_8cc.html" title="/Users/doug/src/hypertable/src/cc/Hypertable/RangeServer/MetadataRoot.cc" alt="" coords="11915,229,12400,256">
<area shape="rect" href="$_range_8cc.html" title="/Users/doug/src/hypertable/src/cc/Hypertable/RangeServer/Range.cc" alt="" coords="12424,229,12862,256">
<area shape="rect" href="$_range_server_8cc.html" title="/Users/doug/src/hypertable/src/cc/Hypertable/RangeServer/RangeServer.cc" alt="" coords="12886,229,13363,256">
<area shape="rect" href="$_table_info_map_8cc.html" title="/Users/doug/src/hypertable/src/cc/Hypertable/RangeServer/TableInfoMap.cc" alt="" coords="13387,229,13870,256">
