<area shape="rect" href="$_hypertable_2_lib_2_client_8h.html" title="/Users/doug/src/hypertable/src/cc/Hypertable/Lib/Client.h" alt="" coords="3859,80,4224,107">
<area shape="rect" href="$_metadata_normal_8cc.html" title="/Users/doug/src/hypertable/src/cc/Hypertable/RangeServer/MetadataNormal.cc" alt="" coords="9321,229,9820,256">
<area shape="rect" href="$_hql_interpreter_8h.html" title="/Users/doug/src/hypertable/src/cc/Hypertable/Lib/HqlInterpreter.h" alt="" coords="697,80,1111,107">
<area shape="rect" href="$_table_8cc.html" title="/Users/doug/src/hypertable/src/cc/Hypertable/Lib/Table.cc" alt="" coords="6733,80,7104,107">
<area shape="rect" href="$_table_mutator_8cc.html" title="/Users/doug/src/hypertable/src/cc/Hypertable/Lib/TableMutator.cc" alt="" coords="7128,80,7547,107">
<area shape="rect" href="$random__read__test_8cc.html" title="/Users/doug/src/hypertable/src/cc/Benchmark/random/random_read_test.cc" alt="" coords="3296,155,3776,181">
<area shape="rect" href="$random__write__test_8cc.html" title="/Users/doug/src/hypertable/src/cc/Benchmark/random/random_write_test.cc" alt="" coords="3800,155,4283,181">
<area shape="rect" href="$ht__write__test_8cc.html" title="/Users/doug/src/hypertable/src/cc/Benchmark/write/ht_write_test.cc" alt="" coords="4307,155,4736,181">
<area shape="rect" href="$_hypertable_2_lib_2_client_8cc.html" title="/Users/doug/src/hypertable/src/cc/Hypertable/Lib/Client.cc" alt="" coords="1511,229,1881,256">
<area shape="rect" href="$generate__test__data_8cc.html" title="/Users/doug/src/hypertable/src/cc/Hypertable/Lib/generate_test_data.cc" alt="" coords="4861,155,5315,181">
<area shape="rect" href="$_hql_command_interpreter_8cc.html" title="/Users/doug/src/hypertable/src/cc/Hypertable/Lib/HqlCommandInterpreter.cc" alt="" coords="1905,229,2388,256">
<area shape="rect" href="$_hql_interpreter_8cc.html" title="/Users/doug/src/hypertable/src/cc/Hypertable/Lib/HqlInterpreter.cc" alt="" coords="5,155,427,181">
<area shape="rect" href="$htgc_8cc.html" title="/Users/doug/src/hypertable/src/cc/Hypertable/Master/htgc.cc" alt="" coords="5845,155,6232,181">
<area shape="rect" href="$_hypertable_2_master_2_master_8cc.html" title="/Users/doug/src/hypertable/src/cc/Hypertable/Master/Master.cc" alt="" coords="6256,155,6659,181">
<area shape="rect" href="$_master_gc_8cc.html" title="/Users/doug/src/hypertable/src/cc/Hypertable/Master/MasterGc.cc" alt="" coords="1472,155,1891,181">
<area shape="rect" href="$_global_8h.html" title="/Users/doug/src/hypertable/src/cc/Hypertable/RangeServer/Global.h" alt="" coords="5389,155,5821,181">
<area shape="rect" href="$count__stored_8cc.html" title="/Users/doug/src/hypertable/src/cc/Hypertable/RangeServer/count_stored.cc" alt="" coords="2412,229,2889,256">
<area shape="rect" href="$_thrift_broker_8cc.html" title="/Users/doug/src/hypertable/src/cc/ThriftBroker/ThriftBroker.cc" alt="" coords="451,155,845,181">
<area shape="rect" href="$hypertable_8cc.html" title="/Users/doug/src/hypertable/src/cc/Tools/hypertable/hypertable.cc" alt="" coords="676,229,1089,256">
<area shape="rect" href="$rsclient_8cc.html" title="/Users/doug/src/hypertable/src/cc/Tools/rsclient/rsclient.cc" alt="" coords="1113,229,1487,256">
<area shape="rect" href="$apache__log__load_8cc.html" title="/Users/doug/src/hypertable/examples/apache_log/apache_log_load.cc" alt="" coords="1915,155,2360,181">
<area shape="rect" href="$apache__log__query_8cc.html" title="/Users/doug/src/hypertable/examples/apache_log/apache_log_query.cc" alt="" coords="2384,155,2837,181">
<area shape="rect" href="$freebase__load_8cc.html" title="/Users/doug/src/hypertable/examples/freebase/freebase_load.cc" alt="" coords="2861,155,3272,181">
<area shape="rect" href="$_access_group_8cc.html" title="/Users/doug/src/hypertable/src/cc/Hypertable/RangeServer/AccessGroup.cc" alt="" coords="6777,229,7257,256">
<area shape="rect" href="$_cell_cache_8cc.html" title="/Users/doug/src/hypertable/src/cc/Hypertable/RangeServer/CellCache.cc" alt="" coords="7281,229,7743,256">
<area shape="rect" href="$_cell_cache_pool_8cc.html" title="/Users/doug/src/hypertable/src/cc/Hypertable/RangeServer/CellCachePool.cc" alt="" coords="7767,229,8255,256">
<area shape="rect" href="$_cell_store_scanner_v0_8cc.html" title="/Users/doug/src/hypertable/src/cc/Hypertable/RangeServer/CellStoreScannerV0.cc" alt="" coords="8279,229,8801,256">
<area shape="rect" href="$_cell_store_v0_8cc.html" title="/Users/doug/src/hypertable/src/cc/Hypertable/RangeServer/CellStoreV0.cc" alt="" coords="8825,229,9297,256">
<area shape="rect" href="$csdump_8cc.html" title="/Users/doug/src/hypertable/src/cc/Hypertable/RangeServer/csdump.cc" alt="" coords="2913,229,3359,256">
<area shape="rect" href="$_global_8cc.html" title="/Users/doug/src/hypertable/src/cc/Hypertable/RangeServer/Global.cc" alt="" coords="3383,229,3820,256">
<area shape="rect" href="$_hypertable_2_range_server_2main_8cc.html" title="/Users/doug/src/hypertable/src/cc/Hypertable/RangeServer/main.cc" alt="" coords="3844,229,4273,256">
<area shape="rect" href="$_metadata_root_8cc.html" title="/Users/doug/src/hypertable/src/cc/Hypertable/RangeServer/MetadataRoot.cc" alt="" coords="4297,229,4783,256">
<area shape="rect" href="$_range_8cc.html" title="/Users/doug/src/hypertable/src/cc/Hypertable/RangeServer/Range.cc" alt="" coords="4807,229,5244,256">
<area shape="rect" href="$_range_server_8cc.html" title="/Users/doug/src/hypertable/src/cc/Hypertable/RangeServer/RangeServer.cc" alt="" coords="5268,229,5745,256">
<area shape="rect" href="$_scan_context_8cc.html" title="/Users/doug/src/hypertable/src/cc/Hypertable/RangeServer/ScanContext.cc" alt="" coords="5769,229,6247,256">
<area shape="rect" href="$_table_info_map_8cc.html" title="/Users/doug/src/hypertable/src/cc/Hypertable/RangeServer/TableInfoMap.cc" alt="" coords="6271,229,6753,256">
<area shape="rect" href="$_hql_command_interpreter_8h.html" title="/Users/doug/src/hypertable/src/cc/Hypertable/Lib/HqlCommandInterpreter.h" alt="" coords="920,155,1397,181">
