<area shape="rect" href="$_properties_8h.html" title="Common/Properties.h" alt="" coords="3168,379,3323,405">
<area shape="rect" href="$_reference_count_8h.html" title="ReferenceCount.h" alt="" coords="1916,677,2047,704">
<area shape="rect" href="$_defaults_8h.html" title="Defaults.h" alt="" coords="2299,80,2381,107">
<area shape="rect" href="$_table_mutator_8h.html" title="TableMutator.h" alt="" coords="2143,80,2257,107">
<area shape="rect" href="$_range_locator_8h.html" title="RangeLocator.h" alt="" coords="2389,229,2507,256">
<area shape="rect" href="$_types_8h.html" title="Types.h" alt="" coords="2737,453,2807,480">
<area shape="rect" href="$_schema_8h.html" title="Schema.h" alt="" coords="3393,304,3476,331">
<area shape="rect" href="$_table_scanner_8h.html" title="TableScanner.h" alt="" coords="2667,80,2784,107">
<area shape="rect" href="$_string_ext_8h.html" title="StringExt.h" alt="" coords="323,453,411,480">
<area shape="rect" href="$atomic_8h.html" title="atomic.h" alt="" coords="1087,752,1161,779">
<area shape="rect" href="$_string_8h.html" title="Common/String.h" alt="" coords="267,677,395,704">
<area shape="rect" href="$_hash_map_8h.html" title="HashMap.h" alt="" coords="529,528,620,555">
<area shape="rect" href="$_connection_manager_8h.html" title="AsyncComm/ConnectionManager.h" alt="" coords="1251,379,1488,405">
<area shape="rect" href="$_timer_8h.html" title="Common/Timer.h" alt="" coords="857,304,985,331">
<area shape="rect" href="$_cell_8h.html" title="Cell.h" alt="" coords="2683,229,2739,256">
<area shape="rect" href="$_key_spec_8h.html" title="KeySpec.h" alt="" coords="107,603,192,629">
<area shape="rect" href="$_table_mutator_scatter_buffer_8h.html" title="TableMutatorScatterBuffer.h" alt="" coords="1689,155,1884,181">
<area shape="rect" href="$_range_server_client_8h.html" title="RangeServerClient.h" alt="" coords="2965,304,3112,331">
<area shape="rect" href="$_time_8h.html" title="time.h" alt="" coords="992,453,1051,480">
<area shape="rect" href="$_sock_addr_map_8h.html" title="Common/SockAddrMap.h" alt="" coords="485,453,664,480">
<area shape="rect" href="$_comm_8h.html" title="Comm.h" alt="" coords="2208,453,2280,480">
<area shape="rect" href="$_dispatch_handler_8h.html" title="DispatchHandler.h" alt="" coords="1317,528,1451,555">
<area shape="rect" href="$_async_comm_2_event_8h.html" title="Event.h" alt="" coords="1277,603,1344,629">
<area shape="rect" href="$_byte_string_8h.html" title="Common/ByteString.h" alt="" coords="2524,528,2679,555">
<area shape="rect" href="$_flyweight_string_8h.html" title="Common/FlyweightString.h" alt="" coords="531,229,715,256">
<area shape="rect" href="$_session_8h.html" title="Hyperspace/Session.h" alt="" coords="2085,304,2243,331">
<area shape="rect" href="$_location_cache_8h.html" title="LocationCache.h" alt="" coords="1888,304,2011,331">
<area shape="rect" href="$_range_location_info_8h.html" title="RangeLocationInfo.h" alt="" coords="2440,379,2587,405">
<area shape="rect" href="$_dispatch_handler_synchronizer_8h.html" title="AsyncComm/DispatchHandlerSynchronizer.h" alt="" coords="1613,379,1909,405">
<area shape="rect" href="$_interval_scanner_8h.html" title="IntervalScanner.h" alt="" coords="2839,155,2967,181">
<area shape="rect" href="$_scan_block_8h.html" title="ScanBlock.h" alt="" coords="2557,453,2656,480">
