<area shape="rect" href="$_dynamic_buffer_8h.html" title="Common/DynamicBuffer.h" alt="" coords="867,229,1048,256">
<area shape="rect" href="$_key_8h.html" title="Key.h" alt="" coords="526,80,582,107">
<area shape="rect" href="$_test_source_8h.html" title="TestSource.h" alt="" coords="863,80,964,107">
<area shape="rect" href="$_string_8h.html" title="string.h" alt="" coords="424,453,491,480">
<area shape="rect" href="$_byte_string_8h.html" title="Common/ByteString.h" alt="" coords="592,155,747,181">
<area shape="rect" href="$_serialization_8h.html" title="Serialization.h" alt="" coords="408,229,518,256">
<area shape="rect" href="$_error_8h.html" title="Common/Error.h" alt="" coords="396,379,519,405">
<area shape="rect" href="$_logger_8h.html" title="Common/Logger.h" alt="" coords="290,304,423,331">
<area shape="rect" href="$_fixed_stream_8h.html" title="FixedStream.h" alt="" coords="42,379,151,405">
<area shape="rect" href="$_schema_8h.html" title="Hypertable/Lib/Schema.h" alt="" coords="1594,229,1767,256">
<area shape="rect" href="$_properties_8h.html" title="Common/Properties.h" alt="" coords="1815,304,1970,331">
<area shape="rect" href="$_reference_count_8h.html" title="ReferenceCount.h" alt="" coords="1888,379,2019,405">
<area shape="rect" href="$_string_ext_8h.html" title="StringExt.h" alt="" coords="1160,379,1248,405">
<area shape="rect" href="$atomic_8h.html" title="atomic.h" alt="" coords="2059,453,2134,480">
<area shape="rect" href="$_hash_map_8h.html" title="HashMap.h" alt="" coords="1258,453,1348,480">
