<area shape="rect" href="$_compat_8h.html" title="Common/Compat.h" alt="" coords="257,229,396,256">
<area shape="rect" href="$_string_8h.html" title="string.h" alt="" coords="1441,453,1508,480">
<area shape="rect" href="$_dynamic_buffer_8h.html" title="Common/DynamicBuffer.h" alt="" coords="660,304,841,331">
<area shape="rect" href="$_key_8h.html" title="Key.h" alt="" coords="973,80,1029,107">
<area shape="rect" href="$_test_source_8h.html" title="TestSource.h" alt="" coords="1292,80,1393,107">
<area shape="rect" href="$compat&#45;c_8h.html" title="compat&#45;c.h" alt="" coords="185,304,273,331">
<area shape="rect" href="$_sweetener_8h.html" title="Sweetener.h" alt="" coords="297,304,396,331">
<area shape="rect" href="$_reference_count_8h.html" title="ReferenceCount.h" alt="" coords="877,379,1008,405">
<area shape="rect" href="$atomic_8h.html" title="atomic.h" alt="" coords="905,453,980,480">
<area shape="rect" href="$_byte_string_8h.html" title="Common/ByteString.h" alt="" coords="984,229,1139,256">
<area shape="rect" href="$_key_spec_8h.html" title="KeySpec.h" alt="" coords="1223,304,1308,331">
<area shape="rect" href="$_serialized_key_8h.html" title="SerializedKey.h" alt="" coords="1089,155,1204,181">
<area shape="rect" href="$_serialization_8h.html" title="Serialization.h" alt="" coords="865,304,975,331">
<area shape="rect" href="$serialization&#45;c_8h.html" title="serialization&#45;c.h" alt="" coords="616,379,733,405">
<area shape="rect" href="$endian&#45;c_8h.html" title="endian&#45;c.h" alt="" coords="527,453,612,480">
<area shape="rect" href="$_error_8h.html" title="Common/Error.h" alt="" coords="1365,379,1488,405">
<area shape="rect" href="$_logger_8h.html" title="Common/Logger.h" alt="" coords="1831,304,1964,331">
<area shape="rect" href="$_fixed_stream_8h.html" title="FixedStream.h" alt="" coords="2337,379,2447,405">
<area shape="rect" href="$_schema_8h.html" title="Hypertable/Lib/Schema.h" alt="" coords="1587,155,1760,181">
<area shape="rect" href="$_mutex_8h.html" title="Common/Mutex.h" alt="" coords="2037,229,2165,256">
<area shape="rect" href="$_hash_map_8h.html" title="Common/HashMap.h" alt="" coords="1663,229,1812,256">
<area shape="rect" href="$_cstr_hash_traits_8h.html" title="CstrHashTraits.h" alt="" coords="1681,304,1807,331">
