<area shape="rect" href="$class_hypertable_1_1_dfs_broker_1_1_client.html" title="Proxy class for DFS broker." alt="" coords="1124,196,1322,223">
<area shape="rect" href="$class_hypertable_1_1_filesystem.html" title="Abstract base class for a filesystem." alt="" coords="668,167,828,194">
<area shape="rect" href="$class_hypertable_1_1_reference_count.html" title="This class is meant to be a base class for all classes that want to be referenced..." alt="" coords="204,200,396,227">
<area shape="rect" href="$class_hypertable_1_1_comm.html" title="Provides communication (message passing) services to an application." alt="" coords="682,116,815,143">
<area shape="rect" href="$structatomic__t.html" title="atomic_t" alt="" coords="19,119,91,146">
<area shape="rect" href="$class_hypertable_1_1_mutex.html" title="Hypertable::Mutex" alt="" coords="235,22,366,48">
<area shape="rect" href="$struct_hypertable_1_1_inet_addr.html" title="Encapsulate an internet address." alt="" coords="675,218,822,244">
<area shape="rect" href="$class_hypertable_1_1_dfs_broker_1_1_protocol.html" title="Hypertable::DfsBroker::Protocol" alt="" coords="642,319,855,346">
<area shape="rect" href="$class_hypertable_1_1_protocol.html" title="Hypertable::Protocol" alt="" coords="228,319,372,346">
