<area shape="rect" href="$class_hypertable_1_1_application_handler.html" title="Abstract base clase for application request handlers." alt="" coords="1688,24,1899,51">
<area shape="rect" href="$class_hypertable_1_1_comm.html" title="Provides communication (message passing) services to an application." alt="" coords="851,364,984,391">
<area shape="rect" href="$class_hypertable_1_1_range_server.html" title="Hypertable::RangeServer" alt="" coords="1707,223,1880,249">
<area shape="rect" href="$class_hypertable_1_1_connection_handler.html" title="Hypertable::ConnectionHandler" alt="" coords="1239,299,1449,325">
<area shape="rect" href="$class_hypertable_1_1_reference_count.html" title="This class is meant to be a base class for all classes that want to be referenced..." alt="" coords="345,280,537,307">
<area shape="rect" href="$class_hypertable_1_1_master.html" title="Hypertable::Master" alt="" coords="849,91,985,117">
<area shape="rect" href="$class_hypertable_1_1_dispatch_handler.html" title="Abstract base class that is the main callback class of the Comm layer." alt="" coords="820,299,1015,325">
<area shape="rect" href="$structatomic__t.html" title="atomic_t" alt="" coords="71,280,143,307">
<area shape="rect" href="$struct_hyperspace_1_1_lock_sequencer_t.html" title="Lock sequencer." alt="" coords="340,191,543,217">
<area shape="rect" href="$class_hypertable_1_1_filesystem.html" title="Abstract base class for a filesystem." alt="" coords="361,132,521,159">
<area shape="rect" href="$class_hypertable_1_1_hyperspace_session_handler.html" title="Hypertable::HyperspaceSessionHandler" alt="" coords="311,17,572,44">
<area shape="rect" href="$class_hyperspace_1_1_session_callback.html" title="A callback object derived from this class gets passed into the constructor of Hyperspace..." alt="" coords="5,17,208,44">
<area shape="rect" href="$class_hypertable_1_1_mutex.html" title="Hypertable::Mutex" alt="" coords="1279,147,1409,173">
