<area shape="rect" href="$class_hyperspace_1_1_response_callback_attr_get.html" title="Hyperspace::ResponseCallbackAttrGet" alt="" coords="296,6,552,32">
<area shape="rect" href="$class_hyperspace_1_1_response_callback_exists.html" title="Hyperspace::ResponseCallbackExists" alt="" coords="299,56,549,83">
<area shape="rect" href="$class_hyperspace_1_1_response_callback_lock.html" title="Hyperspace::ResponseCallbackLock" alt="" coords="303,107,545,134">
<area shape="rect" href="$class_hyperspace_1_1_response_callback_open.html" title="Hyperspace::ResponseCallbackOpen" alt="" coords="301,158,547,184">
<area shape="rect" href="$class_hyperspace_1_1_response_callback_readdir.html" title="Hyperspace::ResponseCallbackReaddir" alt="" coords="293,208,555,235">
<area shape="rect" href="$class_hypertable_1_1_dfs_broker_1_1_response_callback_append.html" title="Hypertable::DfsBroker::ResponseCallbackAppend" alt="" coords="263,259,585,286">
<area shape="rect" href="$class_hypertable_1_1_dfs_broker_1_1_response_callback_exists.html" title="Hypertable::DfsBroker::ResponseCallbackExists" alt="" coords="268,310,580,336">
<area shape="rect" href="$class_hypertable_1_1_dfs_broker_1_1_response_callback_length.html" title="Hypertable::DfsBroker::ResponseCallbackLength" alt="" coords="265,360,583,387">
<area shape="rect" href="$class_hypertable_1_1_dfs_broker_1_1_response_callback_open.html" title="Hypertable::DfsBroker::ResponseCallbackOpen" alt="" coords="269,411,579,438">
<area shape="rect" href="$class_hypertable_1_1_dfs_broker_1_1_response_callback_read.html" title="Hypertable::DfsBroker::ResponseCallbackRead" alt="" coords="271,462,577,488">
<area shape="rect" href="$class_hypertable_1_1_dfs_broker_1_1_response_callback_readdir.html" title="Hypertable::DfsBroker::ResponseCallbackReaddir" alt="" coords="263,512,585,539">
<area shape="rect" href="$class_hypertable_1_1_response_callback_create_scanner.html" title="Hypertable::ResponseCallbackCreateScanner" alt="" coords="275,563,573,590">
<area shape="rect" href="$class_hypertable_1_1_response_callback_fetch_scanblock.html" title="Hypertable::ResponseCallbackFetchScanblock" alt="" coords="272,614,576,640">
<area shape="rect" href="$class_hypertable_1_1_response_callback_get_schema.html" title="Hypertable::ResponseCallbackGetSchema" alt="" coords="285,664,563,691">
<area shape="rect" href="$class_hypertable_1_1_response_callback_update.html" title="Hypertable::ResponseCallbackUpdate" alt="" coords="299,715,549,742">
