<area shape="rect" href="$class_hypertable_1_1_dispatch_handler.html" title="Abstract base class that is the main callback class of the Comm layer." alt="" coords="647,15,842,41">
<area shape="rect" href="$class_hypertable_1_1_reference_count.html" title="This class is meant to be a base class for all classes that want to be referenced..." alt="" coords="180,63,372,89">
<area shape="rect" href="$class_hypertable_1_1_range_server_client.html" title="Client proxy interface to RangeServer." alt="" coords="868,147,1076,173">
<area shape="rect" href="$class_hypertable_1_1_comm.html" title="Provides communication (message passing) services to an application." alt="" coords="487,147,620,173">
<area shape="rect" href="$structatomic__t.html" title="atomic_t" alt="" coords="7,97,79,124">
<area shape="rect" href="$class_hypertable_1_1_mutex.html" title="Hypertable::Mutex" alt="" coords="211,193,342,220">
<area shape="rect" href="$class_hypertable_1_1_table_identifier.html" title="Identifies a specific table and generation." alt="" coords="882,253,1063,280">
