<area shape="rect" href="$class_client_service_handler.html" title="ClientServiceHandler" alt="" coords="375,6,524,32">
<area shape="rect" href="$class_hypertable_1_1_thrift_gen_1_1_client_service_client.html" title="Hypertable::ThriftGen::ClientServiceClient" alt="" coords="312,56,587,83">
<area shape="rect" href="$class_hypertable_1_1_thrift_gen_1_1_client_service_multiface.html" title="Hypertable::ThriftGen::ClientServiceMultiface" alt="" coords="303,107,596,134">
<area shape="rect" href="$class_hypertable_1_1_thrift_gen_1_1_client_service_null.html" title="Hypertable::ThriftGen::ClientServiceNull" alt="" coords="317,234,581,260">
<area shape="rect" href="$class_hypertable_1_1_thrift_gen_1_1_hql_service_if.html" title="Hypertable::ThriftGen::HqlServiceIf" alt="" coords="333,158,565,184">
<area shape="rect" href="$class_hypertable_1_1_thrift_gen_1_1_hql_service_client.html" title="Hypertable::ThriftGen::HqlServiceClient" alt="" coords="656,56,915,83">
<area shape="rect" href="$class_hypertable_1_1_thrift_1_1_client.html" title="A client for the ThriftBroker." alt="" coords="975,56,1143,83">
<area shape="rect" href="$class_hypertable_1_1_thrift_gen_1_1_hql_service_multiface.html" title="Hypertable::ThriftGen::HqlServiceMultiface" alt="" coords="645,107,925,134">
<area shape="rect" href="$class_hypertable_1_1_thrift_gen_1_1_hql_service_null.html" title="Hypertable::ThriftGen::HqlServiceNull" alt="" coords="661,259,909,286">
<area shape="rect" href="$class_hql_service_handler.html" title="HqlServiceHandler" alt="" coords="717,208,853,235">
<area shape="rect" href="$class_hypertable_1_1_thrift_broker_1_1_server_handler.html" title="Hypertable::ThriftBroker::ServerHandler" alt="" coords="655,158,916,184">
