<area shape="rect" href="$_error_8h.html" title="Common/Error.h" alt="" coords="651,229,773,256">
<area shape="rect" href="$_file_utils_8h.html" title="Common/FileUtils.h" alt="" coords="2876,80,3017,107">
<area shape="rect" href="$_inet_addr_8h.html" title="Common/InetAddr.h" alt="" coords="1309,304,1453,331">
<area shape="rect" href="$_logger_8h.html" title="Common/Logger.h" alt="" coords="493,229,627,256">
<area shape="rect" href="$_system_8h.html" title="Common/System.h" alt="" coords="1603,155,1739,181">
<area shape="rect" href="$_usage_8h.html" title="Common/Usage.h" alt="" coords="3632,80,3763,107">
<area shape="rect" href="$_thread_8h.html" title="Common/Thread.h" alt="" coords="492,80,628,107">
<area shape="rect" href="$_static_buffer_8h.html" title="Common/StaticBuffer.h" alt="" coords="848,229,1011,256">
<area shape="rect" href="$_comm_8h.html" title="AsyncComm/Comm.h" alt="" coords="1739,80,1893,107">
<area shape="rect" href="$_async_comm_2_event_8h.html" title="Event.h" alt="" coords="1477,304,1544,331">
<area shape="rect" href="$_connection_manager_8h.html" title="AsyncComm/ConnectionManager.h" alt="" coords="2285,155,2523,181">
<area shape="rect" href="$_reactor_factory_8h.html" title="ReactorFactory.h" alt="" coords="2547,155,2672,181">
<area shape="rect" href="$_dfs_broker_2_lib_2_client_8h.html" title="DfsBroker/Lib/Client.h" alt="" coords="2120,80,2275,107">
<area shape="rect" href="$dfs_test_thread_function_8h.html" title="dfsTestThreadFunction.h" alt="" coords="51,379,224,405">
<area shape="rect" href="$_string_8h.html" title="Common/String.h" alt="" coords="960,379,1088,405">
<area shape="rect" href="$_fixed_stream_8h.html" title="FixedStream.h" alt="" coords="672,304,781,331">
<area shape="rect" href="$_dynamic_buffer_8h.html" title="DynamicBuffer.h" alt="" coords="1061,304,1184,331">
<area shape="rect" href="$_reference_count_8h.html" title="Common/ReferenceCount.h" alt="" coords="1859,379,2048,405">
<area shape="rect" href="$_dispatch_handler_8h.html" title="DispatchHandler.h" alt="" coords="1821,229,1955,256">
<area shape="rect" href="$_comm_buf_8h.html" title="CommBuf.h" alt="" coords="1001,155,1095,181">
<area shape="rect" href="$_async_comm_2_connection_handler_factory_8h.html" title="ConnectionHandlerFactory.h" alt="" coords="1864,155,2059,181">
<area shape="rect" href="$_handler_map_8h.html" title="HandlerMap.h" alt="" coords="1472,155,1579,181">
<area shape="rect" href="$_time_8h.html" title="time.h" alt="" coords="2509,229,2568,256">
