<area shape="rect" href="$_compat_8h.html" title="Common/Compat.h" alt="" coords="1389,80,1528,107">
<area shape="rect" href="$_common_2_config_8h.html" title="Common/Config.h" alt="" coords="797,229,928,256">
<area shape="rect" href="$_logger_8h.html" title="Common/Logger.h" alt="" coords="1131,453,1264,480">
<area shape="rect" href="$_error_8h.html" title="Error.h" alt="" coords="1349,528,1413,555">
<area shape="rect" href="$_system_8h.html" title="Common/System.h" alt="" coords="425,304,561,331">
<area shape="rect" href="$_file_utils_8h.html" title="Common/FileUtils.h" alt="" coords="1123,80,1264,107">
<area shape="rect" href="$_inet_addr_8h.html" title="Common/InetAddr.h" alt="" coords="1652,528,1796,555">
<area shape="rect" href="$_usage_8h.html" title="Common/Usage.h" alt="" coords="1552,80,1683,107">
<area shape="rect" href="$_thread_8h.html" title="Common/Thread.h" alt="" coords="912,80,1048,107">
<area shape="rect" href="$_static_buffer_8h.html" title="Common/StaticBuffer.h" alt="" coords="2745,379,2908,405">
<area shape="rect" href="$_comm_8h.html" title="AsyncComm/Comm.h" alt="" coords="2257,229,2412,256">
<area shape="rect" href="$_async_comm_2_event_8h.html" title="Event.h" alt="" coords="1620,453,1687,480">
<area shape="rect" href="$_connection_manager_8h.html" title="AsyncComm/ConnectionManager.h" alt="" coords="2023,155,2260,181">
<area shape="rect" href="$_reactor_factory_8h.html" title="ReactorFactory.h" alt="" coords="1613,155,1739,181">
<area shape="rect" href="$_dfs_broker_2_lib_2_client_8h.html" title="DfsBroker/Lib/Client.h" alt="" coords="1915,80,2069,107">
<area shape="rect" href="$dfs_test_thread_function_8h.html" title="dfsTestThreadFunction.h" alt="" coords="5,229,179,256">
<area shape="rect" href="$compat&#45;c_8h.html" title="compat&#45;c.h" alt="" coords="1401,453,1489,480">
<area shape="rect" href="$_sweetener_8h.html" title="Sweetener.h" alt="" coords="1389,155,1488,181">
<area shape="rect" href="$_string_8h.html" title="string.h" alt="" coords="1313,603,1380,629">
<area shape="rect" href="$_mutex_8h.html" title="Common/Mutex.h" alt="" coords="1135,379,1263,405">
<area shape="rect" href="$_meta_8h.html" title="Common/Meta.h" alt="" coords="824,304,947,331">
<area shape="rect" href="$_properties_8h.html" title="Common/Properties.h" alt="" coords="1784,304,1939,331">
<area shape="rect" href="$_fixed_stream_8h.html" title="FixedStream.h" alt="" coords="995,528,1104,555">
<area shape="rect" href="$_reference_count_8h.html" title="Common/ReferenceCount.h" alt="" coords="2497,528,2687,555">
<area shape="rect" href="$_dynamic_buffer_8h.html" title="DynamicBuffer.h" alt="" coords="2756,453,2879,480">
<area shape="rect" href="$_dispatch_handler_8h.html" title="DispatchHandler.h" alt="" coords="2289,379,2423,405">
<area shape="rect" href="$_comm_buf_8h.html" title="CommBuf.h" alt="" coords="2308,304,2401,331">
<area shape="rect" href="$_async_comm_2_connection_handler_factory_8h.html" title="ConnectionHandlerFactory.h" alt="" coords="2425,304,2620,331">
<area shape="rect" href="$_handler_map_8h.html" title="HandlerMap.h" alt="" coords="1653,304,1760,331">
