<area shape="rect" href="$_compat_8h.html" title="Common/Compat.h" alt="" coords="484,80,623,107">
<area shape="rect" href="$_error_8h.html" title="Common/Error.h" alt="" coords="632,379,755,405">
<area shape="rect" href="$_interactive_command_8h.html" title="Common/InteractiveCommand.h" alt="" coords="1739,155,1957,181">
<area shape="rect" href="$_properties_8h.html" title="Common/Properties.h" alt="" coords="748,304,903,331">
<area shape="rect" href="$_system_8h.html" title="Common/System.h" alt="" coords="415,304,551,331">
<area shape="rect" href="$_usage_8h.html" title="Common/Usage.h" alt="" coords="3241,80,3372,107">
<area shape="rect" href="$_comm_8h.html" title="AsyncComm/Comm.h" alt="" coords="1316,229,1471,256">
<area shape="rect" href="$_command_copy_from_local_8h.html" title="CommandCopyFromLocal.h" alt="" coords="2313,80,2505,107">
<area shape="rect" href="$_command_copy_to_local_8h.html" title="CommandCopyToLocal.h" alt="" coords="1903,80,2079,107">
<area shape="rect" href="$_command_length_8h.html" title="CommandLength.h" alt="" coords="1236,80,1372,107">
<area shape="rect" href="$_command_mkdirs_8h.html" title="CommandMkdirs.h" alt="" coords="2153,80,2289,107">
<area shape="rect" href="$_command_remove_8h.html" title="CommandRemove.h" alt="" coords="1577,80,1724,107">
<area shape="rect" href="$_command_rmdir_8h.html" title="CommandRmdir.h" alt="" coords="1079,80,1212,107">
<area shape="rect" href="$_command_shutdown_8h.html" title="CommandShutdown.h" alt="" coords="1396,80,1553,107">
<area shape="rect" href="$dfsclient_2_command_exists_8h.html" title="CommandExists.h" alt="" coords="1748,80,1879,107">
<area shape="rect" href="$compat&#45;c_8h.html" title="compat&#45;c.h" alt="" coords="255,155,343,181">
<area shape="rect" href="$_sweetener_8h.html" title="Sweetener.h" alt="" coords="505,155,604,181">
<area shape="rect" href="$_string_8h.html" title="string.h" alt="" coords="412,453,479,480">
<area shape="rect" href="$_reference_count_8h.html" title="ReferenceCount.h" alt="" coords="1309,453,1440,480">
<area shape="rect" href="$_string_ext_8h.html" title="StringExt.h" alt="" coords="520,379,608,405">
<area shape="rect" href="$atomic_8h.html" title="atomic.h" alt="" coords="1408,528,1483,555">
<area shape="rect" href="$_mutex_8h.html" title="Common/Mutex.h" alt="" coords="1196,304,1324,331">
<area shape="rect" href="$_dispatch_handler_8h.html" title="DispatchHandler.h" alt="" coords="1445,379,1579,405">
<area shape="rect" href="$_comm_buf_8h.html" title="CommBuf.h" alt="" coords="1328,379,1421,405">
<area shape="rect" href="$_async_comm_2_connection_handler_factory_8h.html" title="ConnectionHandlerFactory.h" alt="" coords="1449,304,1644,331">
<area shape="rect" href="$_handler_map_8h.html" title="HandlerMap.h" alt="" coords="977,304,1084,331">
<area shape="rect" href="$_dfs_broker_2_lib_2_client_8h.html" title="DfsBroker/Lib/Client.h" alt="" coords="1397,155,1552,181">
