<area shape="rect" href="$_compat_8h.html" title="Common/Compat.h" alt="" coords="365,80,504,107">
<area shape="rect" href="$_error_8h.html" title="Common/Error.h" alt="" coords="1933,454,2056,480">
<area shape="rect" href="$_inet_addr_8h.html" title="Common/InetAddr.h" alt="" coords="1499,379,1643,406">
<area shape="rect" href="$_logger_8h.html" title="Common/Logger.h" alt="" coords="1667,379,1800,406">
<area shape="rect" href="$_properties_8h.html" title="Common/Properties.h" alt="" coords="2955,304,3109,331">
<area shape="rect" href="$_system_8h.html" title="Common/System.h" alt="" coords="175,304,311,331">
<area shape="rect" href="$_usage_8h.html" title="Common/Usage.h" alt="" coords="1139,80,1269,107">
<area shape="rect" href="$_comm_8h.html" title="AsyncComm/Comm.h" alt="" coords="2208,230,2363,256">
<area shape="rect" href="$_connection_manager_8h.html" title="AsyncComm/ConnectionManager.h" alt="" coords="1653,155,1891,182">
<area shape="rect" href="$_reactor_factory_8h.html" title="ReactorFactory.h" alt="" coords="627,304,752,331">
<area shape="rect" href="$_dfs_broker_2_lib_2_client_8h.html" title="DfsBroker/Lib/Client.h" alt="" coords="1527,80,1681,107">
<area shape="rect" href="$_commit_log_8h.html" title="Hypertable/Lib/CommitLog.h" alt="" coords="2637,230,2829,256">
<area shape="rect" href="$_commit_log_reader_8h.html" title="Hypertable/Lib/CommitLogReader.h" alt="" coords="827,304,1064,331">
<area shape="rect" href="$compat&#45;c_8h.html" title="compat&#45;c.h" alt="" coords="343,155,431,182">
<area shape="rect" href="$_sweetener_8h.html" title="Sweetener.h" alt="" coords="455,155,553,182">
<area shape="rect" href="$_string_8h.html" title="string.h" alt="" coords="1735,528,1801,555">
<area shape="rect" href="$_fixed_stream_8h.html" title="FixedStream.h" alt="" coords="1800,454,1909,480">
<area shape="rect" href="$_reference_count_8h.html" title="ReferenceCount.h" alt="" coords="2536,454,2667,480">
<area shape="rect" href="$_string_ext_8h.html" title="StringExt.h" alt="" coords="2920,379,3008,406">
<area shape="rect" href="$atomic_8h.html" title="atomic.h" alt="" coords="1835,528,1909,555">
<area shape="rect" href="$_hash_map_8h.html" title="HashMap.h" alt="" coords="1157,454,1248,480">
<area shape="rect" href="$_mutex_8h.html" title="Common/Mutex.h" alt="" coords="1372,304,1500,331">
<area shape="rect" href="$_dispatch_handler_8h.html" title="DispatchHandler.h" alt="" coords="2560,379,2693,406">
<area shape="rect" href="$_comm_buf_8h.html" title="CommBuf.h" alt="" coords="2208,304,2301,331">
<area shape="rect" href="$_async_comm_2_connection_handler_factory_8h.html" title="ConnectionHandlerFactory.h" alt="" coords="2376,304,2571,331">
<area shape="rect" href="$_handler_map_8h.html" title="HandlerMap.h" alt="" coords="1860,304,1967,331">
<area shape="rect" href="$_sock_addr_map_8h.html" title="Common/SockAddrMap.h" alt="" coords="1296,379,1475,406">
<area shape="rect" href="$_time_8h.html" title="time.h" alt="" coords="1743,230,1801,256">
<area shape="rect" href="$_reactor_8h.html" title="Reactor.h" alt="" coords="627,379,707,406">
