<area shape="rect" href="$_compat_8h.html" title="Common/Compat.h" alt="" coords="348,80,487,107">
<area shape="rect" href="$_thread_8h.html" title="Common/Thread.h" alt="" coords="528,80,664,107">
<area shape="rect" href="$_logger_8h.html" title="Common/Logger.h" alt="" coords="576,304,709,331">
<area shape="rect" href="$_error_8h.html" title="Error.h" alt="" coords="776,379,840,405">
<area shape="rect" href="$_system_8h.html" title="Common/System.h" alt="" coords="995,229,1131,256">
<area shape="rect" href="$_hypertable_2_lib_2_config_8h.html" title="Hypertable/Lib/Config.h" alt="" coords="793,80,956,107">
<area shape="rect" href="$_hypertable_2_lib_2_client_8h.html" title="Hypertable/Lib/Client.h" alt="" coords="1791,80,1951,107">
<area shape="rect" href="$_dfs_broker_2_lib_2_client_8h.html" title="DfsBroker/Lib/Client.h" alt="" coords="2195,229,2349,256">
<area shape="rect" href="$_master_gc_8h.html" title="MasterGc.h" alt="" coords="2236,80,2327,107">
<area shape="rect" href="$compat&#45;c_8h.html" title="compat&#45;c.h" alt="" coords="240,155,328,181">
<area shape="rect" href="$_sweetener_8h.html" title="Sweetener.h" alt="" coords="368,155,467,181">
<area shape="rect" href="$_string_8h.html" title="string.h" alt="" coords="853,453,920,480">
<area shape="rect" href="$_fixed_stream_8h.html" title="FixedStream.h" alt="" coords="351,379,460,405">
<area shape="rect" href="$_common_2_config_8h.html" title="Common/Config.h" alt="" coords="812,155,943,181">
<area shape="rect" href="$_properties_8h.html" title="Common/Properties.h" alt="" coords="1763,304,1917,331">
<area shape="rect" href="$_reference_count_8h.html" title="ReferenceCount.h" alt="" coords="1940,453,2071,480">
<area shape="rect" href="$_application_queue_8h.html" title="AsyncComm/ApplicationQueue.h" alt="" coords="1304,229,1525,256">
<area shape="rect" href="$_connection_manager_8h.html" title="AsyncComm/ConnectionManager.h" alt="" coords="2323,304,2560,331">
<area shape="rect" href="$_session_8h.html" title="Hyperspace/Session.h" alt="" coords="2531,229,2688,256">
<area shape="rect" href="$_master_client_8h.html" title="MasterClient.h" alt="" coords="2052,155,2161,181">
<area shape="rect" href="$_table_8h.html" title="Table.h" alt="" coords="1877,229,1944,256">
<area shape="rect" href="$_string_ext_8h.html" title="StringExt.h" alt="" coords="1200,379,1288,405">
<area shape="rect" href="$atomic_8h.html" title="atomic.h" alt="" coords="1896,528,1971,555">
<area shape="rect" href="$_hash_map_8h.html" title="HashMap.h" alt="" coords="1280,453,1371,480">
<area shape="rect" href="$_comm_8h.html" title="Comm.h" alt="" coords="2531,379,2603,405">
<area shape="rect" href="$_mutex_8h.html" title="Common/Mutex.h" alt="" coords="2699,453,2827,480">
<area shape="rect" href="$_dispatch_handler_synchronizer_8h.html" title="AsyncComm/DispatchHandlerSynchronizer.h" alt="" coords="2779,379,3075,405">
<area shape="rect" href="$_filesystem_8h.html" title="Hypertable/Lib/Filesystem.h" alt="" coords="1499,304,1688,331">
<area shape="rect" href="$_client_buffered_reader_handler_8h.html" title="ClientBufferedReaderHandler.h" alt="" coords="2195,379,2405,405">
<area shape="rect" href="$_dfs_broker_2_lib_2_protocol_8h.html" title="Protocol.h" alt="" coords="1291,304,1373,331">
