<area shape="rect" href="$class_hypertable_1_1_response_callback.html" title="This class is used to deliver responses, corresponding to a request, back to a client..." alt="" coords="5,436,213,463">
<area shape="rect" href="$class_hyperspace_1_1_response_callback_attr_exists.html" title="Hyperspace::ResponseCallbackAttrExists" alt="" coords="288,6,560,32">
<area shape="rect" href="$class_hyperspace_1_1_response_callback_attr_get.html" title="Hyperspace::ResponseCallbackAttrGet" alt="" coords="296,56,552,83">
<area shape="rect" href="$class_hyperspace_1_1_response_callback_attr_list.html" title="Hyperspace::ResponseCallbackAttrList" alt="" coords="296,107,552,134">
<area shape="rect" href="$class_hyperspace_1_1_response_callback_exists.html" title="Hyperspace::ResponseCallbackExists" alt="" coords="299,158,549,184">
<area shape="rect" href="$class_hyperspace_1_1_response_callback_lock.html" title="Hyperspace::ResponseCallbackLock" alt="" coords="303,208,545,235">
<area shape="rect" href="$class_hyperspace_1_1_response_callback_open.html" title="Hyperspace::ResponseCallbackOpen" alt="" coords="301,259,547,286">
<area shape="rect" href="$class_hyperspace_1_1_response_callback_readdir.html" title="Hyperspace::ResponseCallbackReaddir" alt="" coords="293,310,555,336">
<area shape="rect" href="$class_hypertable_1_1_dfs_broker_1_1_response_callback_append.html" title="Hypertable::DfsBroker::ResponseCallbackAppend" alt="" coords="263,360,585,387">
<area shape="rect" href="$class_hypertable_1_1_dfs_broker_1_1_response_callback_exists.html" title="Hypertable::DfsBroker::ResponseCallbackExists" alt="" coords="268,411,580,438">
<area shape="rect" href="$class_hypertable_1_1_dfs_broker_1_1_response_callback_length.html" title="Hypertable::DfsBroker::ResponseCallbackLength" alt="" coords="265,462,583,488">
<area shape="rect" href="$class_hypertable_1_1_dfs_broker_1_1_response_callback_open.html" title="Hypertable::DfsBroker::ResponseCallbackOpen" alt="" coords="269,512,579,539">
<area shape="rect" href="$class_hypertable_1_1_dfs_broker_1_1_response_callback_read.html" title="Hypertable::DfsBroker::ResponseCallbackRead" alt="" coords="271,563,577,590">
<area shape="rect" href="$class_hypertable_1_1_dfs_broker_1_1_response_callback_readdir.html" title="Hypertable::DfsBroker::ResponseCallbackReaddir" alt="" coords="263,614,585,640">
<area shape="rect" href="$class_hypertable_1_1_response_callback_create_scanner.html" title="Hypertable::ResponseCallbackCreateScanner" alt="" coords="275,664,573,691">
<area shape="rect" href="$class_hypertable_1_1_response_callback_fetch_scanblock.html" title="Hypertable::ResponseCallbackFetchScanblock" alt="" coords="272,715,576,742">
<area shape="rect" href="$class_hypertable_1_1_response_callback_get_schema.html" title="Hypertable::ResponseCallbackGetSchema" alt="" coords="285,766,563,792">
<area shape="rect" href="$class_hypertable_1_1_response_callback_get_statistics.html" title="Hypertable::ResponseCallbackGetStatistics" alt="" coords="283,816,565,843">
<area shape="rect" href="$class_hypertable_1_1_response_callback_update.html" title="Hypertable::ResponseCallbackUpdate" alt="" coords="299,867,549,894">
