<area shape="rect" href="$class_hypertable_1_1_application_handler.html" title="Abstract base clase for application request handlers." alt="" coords="5,1373,216,1400">
<area shape="rect" href="$class_hyperspace_1_1_request_handler_attr_del.html" title="Hyperspace::RequestHandlerAttrDel" alt="" coords="300,5,540,32">
<area shape="rect" href="$class_hyperspace_1_1_request_handler_attr_get.html" title="Hyperspace::RequestHandlerAttrGet" alt="" coords="299,56,541,83">
<area shape="rect" href="$class_hyperspace_1_1_request_handler_attr_set.html" title="Hyperspace::RequestHandlerAttrSet" alt="" coords="300,107,540,133">
<area shape="rect" href="$class_hyperspace_1_1_request_handler_close.html" title="Hyperspace::RequestHandlerClose" alt="" coords="303,157,537,184">
<area shape="rect" href="$class_hyperspace_1_1_request_handler_delete.html" title="Hyperspace::RequestHandlerDelete" alt="" coords="301,208,539,235">
<area shape="rect" href="$class_hyperspace_1_1_request_handler_exists.html" title="Hyperspace::RequestHandlerExists" alt="" coords="303,259,537,285">
<area shape="rect" href="$class_hyperspace_1_1_request_handler_expire_sessions.html" title="Hyperspace::RequestHandlerExpireSessions" alt="" coords="273,309,567,336">
<area shape="rect" href="$class_hyperspace_1_1_request_handler_lock.html" title="Hyperspace::RequestHandlerLock" alt="" coords="307,360,533,387">
<area shape="rect" href="$class_hyperspace_1_1_request_handler_mkdir.html" title="Hyperspace::RequestHandlerMkdir" alt="" coords="304,411,536,437">
<area shape="rect" href="$class_hyperspace_1_1_request_handler_open.html" title="Hyperspace::RequestHandlerOpen" alt="" coords="304,461,536,488">
<area shape="rect" href="$class_hyperspace_1_1_request_handler_readdir.html" title="Hyperspace::RequestHandlerReaddir" alt="" coords="296,512,544,539">
<area shape="rect" href="$class_hyperspace_1_1_request_handler_release.html" title="Hyperspace::RequestHandlerRelease" alt="" coords="296,563,544,589">
<area shape="rect" href="$class_hyperspace_1_1_request_handler_renew_session.html" title="Hyperspace::RequestHandlerRenewSession" alt="" coords="276,613,564,640">
<area shape="rect" href="$class_hyperspace_1_1_request_handler_status.html" title="Hyperspace::RequestHandlerStatus" alt="" coords="301,664,539,691">
<area shape="rect" href="$class_hypertable_1_1_dfs_broker_1_1_request_handler_append.html" title="Hypertable::DfsBroker::RequestHandlerAppend" alt="" coords="267,715,573,741">
<area shape="rect" href="$class_hypertable_1_1_dfs_broker_1_1_request_handler_close.html" title="Hypertable::DfsBroker::RequestHandlerClose" alt="" coords="272,765,568,792">
<area shape="rect" href="$class_hypertable_1_1_dfs_broker_1_1_request_handler_create.html" title="Hypertable::DfsBroker::RequestHandlerCreate" alt="" coords="269,816,571,843">
<area shape="rect" href="$class_hypertable_1_1_dfs_broker_1_1_request_handler_debug.html" title="Hypertable::DfsBroker::RequestHandlerDebug" alt="" coords="269,867,571,893">
<area shape="rect" href="$class_hypertable_1_1_dfs_broker_1_1_request_handler_exists.html" title="Hypertable::DfsBroker::RequestHandlerExists" alt="" coords="272,917,568,944">
<area shape="rect" href="$class_hypertable_1_1_dfs_broker_1_1_request_handler_flush.html" title="Hypertable::DfsBroker::RequestHandlerFlush" alt="" coords="273,968,567,995">
<area shape="rect" href="$class_hypertable_1_1_dfs_broker_1_1_request_handler_length.html" title="Hypertable::DfsBroker::RequestHandlerLength" alt="" coords="269,1019,571,1045">
<area shape="rect" href="$class_hypertable_1_1_dfs_broker_1_1_request_handler_mkdirs.html" title="Hypertable::DfsBroker::RequestHandlerMkdirs" alt="" coords="269,1069,571,1096">
<area shape="rect" href="$class_hypertable_1_1_dfs_broker_1_1_request_handler_open.html" title="Hypertable::DfsBroker::RequestHandlerOpen" alt="" coords="273,1120,567,1147">
<area shape="rect" href="$class_hypertable_1_1_dfs_broker_1_1_request_handler_pread.html" title="Hypertable::DfsBroker::RequestHandlerPread" alt="" coords="271,1171,569,1197">
<area shape="rect" href="$class_hypertable_1_1_dfs_broker_1_1_request_handler_read.html" title="Hypertable::DfsBroker::RequestHandlerRead" alt="" coords="273,1221,567,1248">
<area shape="rect" href="$class_hypertable_1_1_dfs_broker_1_1_request_handler_readdir.html" title="Hypertable::DfsBroker::RequestHandlerReaddir" alt="" coords="265,1272,575,1299">
<area shape="rect" href="$class_hypertable_1_1_dfs_broker_1_1_request_handler_remove.html" title="Hypertable::DfsBroker::RequestHandlerRemove" alt="" coords="264,1323,576,1349">
<area shape="rect" href="$class_hypertable_1_1_dfs_broker_1_1_request_handler_rename.html" title="Hypertable::DfsBroker::RequestHandlerRename" alt="" coords="264,1373,576,1400">
<area shape="rect" href="$class_hypertable_1_1_dfs_broker_1_1_request_handler_rmdir.html" title="Hypertable::DfsBroker::RequestHandlerRmdir" alt="" coords="271,1424,569,1451">
<area shape="rect" href="$class_hypertable_1_1_dfs_broker_1_1_request_handler_seek.html" title="Hypertable::DfsBroker::RequestHandlerSeek" alt="" coords="275,1475,565,1501">
<area shape="rect" href="$class_hypertable_1_1_dfs_broker_1_1_request_handler_status.html" title="Hypertable::DfsBroker::RequestHandlerStatus" alt="" coords="271,1525,569,1552">
<area shape="rect" href="$class_hypertable_1_1_event_handler_master_change.html" title="Hypertable::EventHandlerMasterChange" alt="" coords="287,1576,553,1603">
<area shape="rect" href="$class_hypertable_1_1_event_handler_master_connection.html" title="Hypertable::EventHandlerMasterConnection" alt="" coords="276,1627,564,1653">
<area shape="rect" href="$class_hypertable_1_1_event_handler_server_joined.html" title="Hypertable::EventHandlerServerJoined" alt="" coords="291,1677,549,1704">
<area shape="rect" href="$class_hypertable_1_1_event_handler_server_left.html" title="Hypertable::EventHandlerServerLeft" alt="" coords="300,1728,540,1755">
<area shape="rect" href="$class_hypertable_1_1_request_handler_compact.html" title="Hypertable::RequestHandlerCompact" alt="" coords="296,1779,544,1805">
<area shape="rect" href="$class_hypertable_1_1_request_handler_create_scanner.html" title="Hypertable::RequestHandlerCreateScanner" alt="" coords="277,1829,563,1856">
<area shape="rect" href="$class_hypertable_1_1_request_handler_create_table.html" title="Hypertable::RequestHandlerCreateTable" alt="" coords="287,1880,553,1907">
<area shape="rect" href="$class_hypertable_1_1_request_handler_destroy_scanner.html" title="Hypertable::RequestHandlerDestroyScanner" alt="" coords="275,1931,565,1957">
<area shape="rect" href="$class_hypertable_1_1_request_handler_drop_range.html" title="Hypertable::RequestHandlerDropRange" alt="" coords="289,1981,551,2008">
<area shape="rect" href="$class_hypertable_1_1_request_handler_drop_table.html" title="Hypertable::RequestHandlerDropTable" alt="" coords="292,2032,548,2059">
<area shape="rect" href="$class_hypertable_1_1_request_handler_dump_stats.html" title="Hypertable::RequestHandlerDumpStats" alt="" coords="291,2083,549,2109">
<area shape="rect" href="$class_hypertable_1_1_request_handler_fetch_scanblock.html" title="Hypertable::RequestHandlerFetchScanblock" alt="" coords="275,2133,565,2160">
<area shape="rect" href="$class_hypertable_1_1_request_handler_get_schema.html" title="Hypertable::RequestHandlerGetSchema" alt="" coords="288,2184,552,2211">
<area shape="rect" href="$class_hypertable_1_1_request_handler_get_statistics.html" title="Hypertable::RequestHandlerGetStatistics" alt="" coords="285,2235,555,2261">
<area shape="rect" href="$class_hypertable_1_1_request_handler_load_range.html" title="Hypertable::RequestHandlerLoadRange" alt="" coords="288,2285,552,2312">
<area shape="rect" href="$class_hypertable_1_1_request_handler_register_server.html" title="Hypertable::RequestHandlerRegisterServer" alt="" coords="279,2336,561,2363">
<area shape="rect" href="$class_hypertable_1_1_request_handler_replay_begin.html" title="Hypertable::RequestHandlerReplayBegin" alt="" coords="285,2387,555,2413">
<area shape="rect" href="$class_hypertable_1_1_request_handler_replay_commit.html" title="Hypertable::RequestHandlerReplayCommit" alt="" coords="279,2437,561,2464">
<area shape="rect" href="$class_hypertable_1_1_request_handler_replay_load_range.html" title="Hypertable::RequestHandlerReplayLoadRange" alt="" coords="268,2488,572,2515">
<area shape="rect" href="$class_hypertable_1_1_request_handler_replay_update.html" title="Hypertable::RequestHandlerReplayUpdate" alt="" coords="281,2539,559,2565">
<area shape="rect" href="$class_hypertable_1_1_request_handler_report_split.html" title="Hypertable::RequestHandlerReportSplit" alt="" coords="291,2589,549,2616">
<area shape="rect" href="$class_hypertable_1_1_request_handler_shutdown.html" title="Hypertable::RequestHandlerShutdown" alt="" coords="293,2640,547,2667">
<area shape="rect" href="$class_hypertable_1_1_request_handler_status.html" title="Hypertable::RequestHandlerStatus" alt="" coords="304,2691,536,2717">
<area shape="rect" href="$class_hypertable_1_1_request_handler_update.html" title="Hypertable::RequestHandlerUpdate" alt="" coords="301,2741,539,2768">
