<area shape="rect" href="$class_hypertable_1_1_access_group.html" title="Hypertable::AccessGroup" alt="" coords="1005,87,1181,114">
<area shape="rect" href="$class_hypertable_1_1_cell_list.html" title="Abstract base class for cell lists (sorted lists of key/value pairs)." alt="" coords="705,8,844,35">
<area shape="rect" href="$class_hypertable_1_1_reference_count.html" title="This class is meant to be a base class for all classes that want to be referenced..." alt="" coords="309,8,501,35">
<area shape="rect" href="$structatomic__t.html" title="atomic_t" alt="" coords="60,8,132,35">
<area shape="rect" href="$class_hypertable_1_1_table_identifier_managed.html" title="Wrapper for TableIdentifier." alt="" coords="287,172,524,199">
<area shape="rect" href="$class_hypertable_1_1_live_file_tracker.html" title="Tracks files that are live or referenced for purposes of maintaining the &#39;Files&#39;..." alt="" coords="681,123,868,150">
<area shape="rect" href="$class_hypertable_1_1_table_identifier.html" title="Identifies a specific table and generation." alt="" coords="5,172,187,199">
<area shape="rect" href="$class_hypertable_1_1_mutex.html" title="Hypertable::Mutex" alt="" coords="340,102,471,128">
